01-29 10:53:51.327  1380  1401 W WindowManager: Unable to take screenshot of display 231
01-29 10:53:51.328  1380  1401 I DisplayManagerService: Display DisplayDeviceInfo{"flutter-vd": uniqueId="virtual:com.ces.atlascrm,10259,flutter-vd,0", 1440 x 2425, modeId 232, defaultModeId 232, supportedModes [{id=232, width=1440, height=2425, fps=60.0}], colorMode 0, supportedColorModes [0], HdrCapabilities null, density 560, 560.0 x 560.0 dpi, appVsyncOff 0, presDeadline 16666666, touch NONE, rotation 0, type VIRTUAL, state ON, owner com.ces.atlascrm (uid 10259), FLAG_PRIVATE, FLAG_NEVER_BLANK, FLAG_OWN_CONTENT_ONLY} does not support input device matching.
01-29 10:53:51.333  1380  1403 I ActivityTaskManager: Override config changes=20005df8 {0.0 ?mcc?mnc ?localeList ?layoutDir sw411dp w411dp h692dp 560dpi nrml long port ?uimode ?night finger -keyb/v/h -nav/h winConfig={ mBounds=Rect(0, 0 - 1440, 2425) mAppBounds=Rect(0, 0 - 1440, 2425) mWindowingMode=fullscreen mDisplayWindowingMode=fullscreen mActivityType=undefined mAlwaysOnTop=undefined mRotation=ROTATION_0}} for displayId=231
01-29 10:53:51.334  1380  1403 I WindowManager: Screen frozen for +25ms due to new-config
01-29 10:53:51.337  1380  1404 I DisplayManagerService: Display DisplayDeviceInfo{"flutter-vd": uniqueId="virtual:com.ces.atlascrm,10259,flutter-vd,0", 1440 x 2425, modeId 232, defaultModeId 232, supportedModes [{id=232, width=1440, height=2425, fps=60.0}], colorMode 0, supportedColorModes [0], HdrCapabilities null, density 560, 560.0 x 560.0 dpi, appVsyncOff 0, presDeadline 16666666, touch NONE, rotation 0, type VIRTUAL, state ON, owner com.ces.atlascrm (uid 10259), FLAG_PRIVATE, FLAG_NEVER_BLANK, FLAG_OWN_CONTENT_ONLY} does not support input device matching.
01-29 10:53:51.371  1380  1404 I DisplayManagerService: Display DisplayDeviceInfo{"flutter-vd": uniqueId="virtual:com.ces.atlascrm,10259,flutter-vd,0", 1440 x 2425, modeId 232, defaultModeId 232, supportedModes [{id=232, width=1440, height=2425, fps=60.0}], colorMode 0, supportedColorModes [0], HdrCapabilities null, density 560, 560.0 x 560.0 dpi, appVsyncOff 0, presDeadline 16666666, touch NONE, rotation 0, type VIRTUAL, state ON, owner com.ces.atlascrm (uid 10259), FLAG_PRIVATE, FLAG_NEVER_BLANK, FLAG_OWN_CONTENT_ONLY} does not support input device matching.
01-29 10:53:56.483  1380 10872 I DisplayManagerService: Display DisplayDeviceInfo{"flutter-vd": uniqueId="virtual:com.ces.atlascrm,10259,flutter-vd,0", 1440 x 2425, modeId 232, defaultModeId 232, supportedModes [{id=232, width=1440, height=2425, fps=60.0}], colorMode 0, supportedColorModes [0], HdrCapabilities null, density 560, 560.0 x 560.0 dpi, appVsyncOff 0, presDeadline 16666666, touch NONE, rotation 0, type VIRTUAL, state ON, owner com.ces.atlascrm (uid 10259), FLAG_PRIVATE, FLAG_NEVER_BLANK, FLAG_OWN_CONTENT_ONLY} does not support input device matching.
01-29 10:53:56.513  1380 10872 I DisplayManagerService: Display device removed: DisplayDeviceInfo{"flutter-vd": uniqueId="virtual:com.ces.atlascrm,10259,flutter-vd,0", 1440 x 2425, modeId 232, defaultModeId 232, supportedModes [{id=232, width=1440, height=2425, fps=60.0}], colorMode 0, supportedColorModes [0], HdrCapabilities null, density 560, 560.0 x 560.0 dpi, appVsyncOff 0, presDeadline 16666666, touch NONE, rotation 0, type VIRTUAL, state ON, owner com.ces.atlascrm (uid 10259), FLAG_PRIVATE, FLAG_NEVER_BLANK, FLAG_OWN_CONTENT_ONLY}
01-29 10:53:58.608  1380  6998 D ConnectivityService: Returning UNBLOCKED NetworkInfo to uid=10171
01-29 10:53:58.699  1380  3215 I SoundTriggerHelper: startRecognition successful.
01-29 10:53:58.712  1380  3215 W AppOps  : Noting op not finished: uid 10148 pkg com.google.android.gms code 79 time=1580313176290 duration=-1
01-29 10:53:58.717  1380  1731 W AppOps  : Noting op not finished: uid 10148 pkg com.google.android.gms code 79 time=1580313238712 duration=0
01-29 10:53:58.725  1380 10872 W AppOps  : Noting op not finished: uid 10148 pkg com.google.android.gms code 79 time=1580313238717 duration=0
01-29 10:53:58.730  1380  5377 W AppOps  : Noting op not finished: uid 10148 pkg com.google.android.gms code 79 time=1580313238725 duration=0
01-29 10:53:58.733  1380 10872 W AppOps  : Noting op not finished: uid 10148 pkg com.google.android.gms code 79 time=1580313238730 duration=0
01-29 10:53:58.751  1380  5377 W AppOps  : Noting op not finished: uid 10123 pkg com.google.android.googlequicksearchbox code 79 time=1580313166246 duration=0
01-29 10:53:58.752  1380  3215 W AppOps  : Noting op not finished: uid 10123 pkg com.google.android.googlequicksearchbox code 79 time=1580313238751 duration=0
01-29 10:53:58.758  1380  3215 W AppOps  : Noting op not finished: uid 10148 pkg com.google.android.gms code 79 time=1580313238734 duration=0
01-29 10:53:58.759  1380  1731 W AppOps  : Noting op not finished: uid 10148 pkg com.google.android.gms code 79 time=1580313238758 duration=0
01-29 10:53:58.762  1380  3215 W AppOps  : Noting op not finished: uid 10148 pkg com.google.android.gms code 79 time=1580313238759 duration=0
01-29 10:53:58.764  1380  1731 W AppOps  : Noting op not finished: uid 10148 pkg com.google.android.gms code 79 time=1580313238762 duration=0
01-29 10:53:58.766  1380 10872 W AppOps  : Noting op not finished: uid 10148 pkg com.google.android.gms code 79 time=1580313238764 duration=0
01-29 10:53:58.769  1380 10872 W AppOps  : Noting op not finished: uid 10123 pkg com.google.android.googlequicksearchbox code 79 time=1580313238752 duration=0
01-29 10:53:58.776  1380 10872 W AppOps  : Noting op not finished: uid 10148 pkg com.google.android.gms code 79 time=1580313238766 duration=0
01-29 10:53:58.778  1380 10872 W AppOps  : Noting op not finished: uid 10148 pkg com.google.android.gms code 79 time=1580313238776 duration=0
01-29 10:53:58.782  1380  1731 W AppOps  : Noting op not finished: uid 10148 pkg com.google.android.gms code 79 time=1580313238778 duration=0
01-29 10:53:58.782  1380  3215 W AppOps  : Noting op not finished: uid 10148 pkg com.google.android.gms code 79 time=1580313238782 duration=0
01-29 10:53:58.784  1380  2611 W AppOps  : Noting op not finished: uid 10148 pkg com.google.android.gms code 79 time=1580313238782 duration=0
01-29 10:53:58.785  1380  1731 W AppOps  : Noting op not finished: uid 10148 pkg com.google.android.gms code 79 time=1580313238784 duration=0
01-29 10:53:58.787  1380  1731 W AppOps  : Noting op not finished: uid 10148 pkg com.google.android.gms code 79 time=1580313238785 duration=0
01-29 10:53:58.792  1380  3215 W AppOps  : Noting op not finished: uid 10123 pkg com.google.android.googlequicksearchbox code 79 time=1580313238769 duration=0
01-29 10:53:58.792  1380  3215 W AppOps  : Noting op not finished: uid 10123 pkg com.google.android.googlequicksearchbox code 79 time=1580313238792 duration=0
01-29 10:53:58.943  1380  1403 I ActivityManager: Killing 5468:com.ces.atlascrm/u0a259 (adj 905): remove task
01-29 10:53:59.051  1380  2604 I WindowManager: WIN DEATH: Window{7d2ed8a u0 com.ces.atlascrm/com.ces.atlascrm.MainActivity}
01-29 10:53:59.064  1380  1403 W ActivityManager: setHasOverlayUi called on unknown pid: 5468
01-29 10:53:59.690  1380  2604 I ActivityTaskManager: START u0 {act=android.intent.action.MAIN cat=[android.intent.category.LAUNCHER] flg=0x10200000 cmp=com.ces.services/.MainActivity bnds=[317,199][586,594]} from uid 10156
01-29 10:53:59.717  1380  1410 I ActivityManager: Start proc 6858:com.ces.services/u0a260 for activity {com.ces.services/com.ces.services.MainActivity}
01-29 10:53:59.804  1380  3215 I ActivityTaskManager: START u0 {act=android.content.pm.action.REQUEST_PERMISSIONS pkg=com.google.android.permissioncontroller cmp=com.google.android.permissioncontroller/com.android.packageinstaller.permission.ui.GrantPermissionsActivity (has extras)} from uid 10260
01-29 10:54:00.973   649 28387 D vold    : Remounting 10260 as mode default
01-29 10:54:00.983   649 28387 D vold    : Found matching PID 6858
01-29 10:54:00.989   649 28387 D vold    : Remounting 10260 as mode default
01-29 10:54:00.995   649 28387 D vold    : Found matching PID 6858
01-29 10:54:01.021  1380  3209 I ActivityTaskManager: START u0 {act=android.content.pm.action.REQUEST_PERMISSIONS pkg=com.google.android.permissioncontroller cmp=com.google.android.permissioncontroller/com.android.packageinstaller.permission.ui.GrantPermissionsActivity (has extras)} from uid 10260
01-29 10:54:01.633  1380  3209 I chatty  : uid=1000(system) Binder:1380_F identical 1 line
01-29 10:54:02.205  1380  3209 I ActivityTaskManager: START u0 {act=android.content.pm.action.REQUEST_PERMISSIONS pkg=com.google.android.permissioncontroller cmp=com.google.android.permissioncontroller/com.android.packageinstaller.permission.ui.GrantPermissionsActivity (has extras)} from uid 10260
01-29 10:54:03.123  1380 10872 W AppOps  : Noting op not finished: uid 10148 pkg com.google.android.gms code 79 time=1580313238787 duration=0
01-29 10:54:03.126  1380  1396 W AppOps  : Noting op not finished: uid 10148 pkg com.google.android.gms code 79 time=1580313243123 duration=0
01-29 10:54:03.144  1380 10872 W AppOps  : Noting op not finished: uid 10148 pkg com.google.android.gms code 79 time=1580313243126 duration=0
01-29 10:54:03.147  1380  2604 W AppOps  : Noting op not finished: uid 10148 pkg com.google.android.gms code 79 time=1580313243144 duration=0
01-29 10:54:03.199  1380  1380 E NotificationService: Muting recently noisy 0|com.ces.services|1|null|10260
01-29 10:54:04.474  1679  1679 V DeadZone: consuming errant click: (805.0,38.0)
01-29 10:54:04.474  1679  1679 V DeadZone: consuming errant click: (805.0,38.0)
01-29 10:54:05.287  1380  2604 I SoundTriggerHelper: startRecognition successful.
01-29 10:54:06.338  1380  1396 I ActivityTaskManager: START u0 {act=android.intent.action.MAIN cat=[android.intent.category.LAUNCHER] flg=0x10200000 cmp=com.ces.atlascrm/.MainActivity bnds=[586,199][855,594]} from uid 10156
01-29 10:54:06.364  1380  1410 I ActivityManager: Start proc 6925:com.ces.atlascrm/u0a259 for activity {com.ces.atlascrm/com.ces.atlascrm.MainActivity}
01-29 10:54:07.219  1679  2305 D PowerUI : can't show warning due to - plugged: true status unknown: false
01-29 10:54:10.541  1380  1396 I DisplayManagerService: Display device added: DisplayDeviceInfo{"flutter-vd": uniqueId="virtual:com.ces.atlascrm,10259,flutter-vd,0", 1440 x 2425, modeId 233, defaultModeId 233, supportedModes [{id=233, width=1440, height=2425, fps=60.0}], colorMode 0, supportedColorModes [0], HdrCapabilities null, density 560, 560.0 x 560.0 dpi, appVsyncOff 0, presDeadline 16666666, touch NONE, rotation 0, type VIRTUAL, state ON, owner com.ces.atlascrm (uid 10259), FLAG_PRIVATE, FLAG_NEVER_BLANK, FLAG_OWN_CONTENT_ONLY}
01-29 10:54:10.570  1380  1401 W WindowManager: Unable to take screenshot of display 232
01-29 10:54:10.571  1380  1401 I DisplayManagerService: Display DisplayDeviceInfo{"flutter-vd": uniqueId="virtual:com.ces.atlascrm,10259,flutter-vd,0", 1440 x 2425, modeId 233, defaultModeId 233, supportedModes [{id=233, width=1440, height=2425, fps=60.0}], colorMode 0, supportedColorModes [0], HdrCapabilities null, density 560, 560.0 x 560.0 dpi, appVsyncOff 0, presDeadline 16666666, touch NONE, rotation 0, type VIRTUAL, state ON, owner com.ces.atlascrm (uid 10259), FLAG_PRIVATE, FLAG_NEVER_BLANK, FLAG_OWN_CONTENT_ONLY} does not support input device matching.
01-29 10:54:10.577  1380  1403 I ActivityTaskManager: Override config changes=20005df8 {0.0 ?mcc?mnc ?localeList ?layoutDir sw411dp w411dp h692dp 560dpi nrml long port ?uimode ?night finger -keyb/v/h -nav/h winConfig={ mBounds=Rect(0, 0 - 1440, 2425) mAppBounds=Rect(0, 0 - 1440, 2425) mWindowingMode=fullscreen mDisplayWindowingMode=fullscreen mActivityType=undefined mAlwaysOnTop=undefined mRotation=ROTATION_0}} for displayId=232
01-29 10:54:10.579  1380  1403 I WindowManager: Screen frozen for +25ms due to new-config
01-29 10:54:10.582  1380  1404 I DisplayManagerService: Display DisplayDeviceInfo{"flutter-vd": uniqueId="virtual:com.ces.atlascrm,10259,flutter-vd,0", 1440 x 2425, modeId 233, defaultModeId 233, supportedModes [{id=233, width=1440, height=2425, fps=60.0}], colorMode 0, supportedColorModes [0], HdrCapabilities null, density 560, 560.0 x 560.0 dpi, appVsyncOff 0, presDeadline 16666666, touch NONE, rotation 0, type VIRTUAL, state ON, owner com.ces.atlascrm (uid 10259), FLAG_PRIVATE, FLAG_NEVER_BLANK, FLAG_OWN_CONTENT_ONLY} does not support input device matching.
01-29 10:54:10.868  1380  1404 I DisplayManagerService: Display DisplayDeviceInfo{"flutter-vd": uniqueId="virtual:com.ces.atlascrm,10259,flutter-vd,0", 1440 x 2425, modeId 233, defaultModeId 233, supportedModes [{id=233, width=1440, height=2425, fps=60.0}], colorMode 0, supportedColorModes [0], HdrCapabilities null, density 560, 560.0 x 560.0 dpi, appVsyncOff 0, presDeadline 16666666, touch NONE, rotation 0, type VIRTUAL, state ON, owner com.ces.atlascrm (uid 10259), FLAG_PRIVATE, FLAG_NEVER_BLANK, FLAG_OWN_CONTENT_ONLY} does not support input device matching.
01-29 10:54:13.010  1380  2604 W AppOps  : Noting op not finished: uid 10148 pkg com.google.android.gms code 79 time=1580313243147 duration=0
01-29 10:54:13.015  1380  1396 W AppOps  : Noting op not finished: uid 10148 pkg com.google.android.gms code 79 time=1580313253010 duration=0
01-29 10:54:13.023  1380  1396 W AppOps  : Noting op not finished: uid 10148 pkg com.google.android.gms code 79 time=1580313253015 duration=0
01-29 10:54:13.025  1380  1396 W AppOps  : Noting op not finished: uid 10148 pkg com.google.android.gms code 79 time=1580313253023 duration=0
01-29 10:54:13.028  1380  1396 W AppOps  : Noting op not finished: uid 10148 pkg com.google.android.gms code 79 time=1580313253026 duration=0
01-29 10:54:13.030  1380  1396 W AppOps  : Noting op not finished: uid 10148 pkg com.google.android.gms code 79 time=1580313253028 duration=0
01-29 10:54:14.355  1380  3209 W AppOps  : Noting op not finished: uid 10148 pkg com.google.android.gms code 79 time=1580313253030 duration=0
01-29 10:54:16.612  1679  2305 D PowerUI : can't show warning due to - plugged: true status unknown: false
01-29 10:54:19.767  1380 10872 I DisplayManagerService: Display DisplayDeviceInfo{"flutter-vd": uniqueId="virtual:com.ces.atlascrm,10259,flutter-vd,0", 1440 x 2425, modeId 233, defaultModeId 233, supportedModes [{id=233, width=1440, height=2425, fps=60.0}], colorMode 0, supportedColorModes [0], HdrCapabilities null, density 560, 560.0 x 560.0 dpi, appVsyncOff 0, presDeadline 16666666, touch NONE, rotation 0, type VIRTUAL, state ON, owner com.ces.atlascrm (uid 10259), FLAG_PRIVATE, FLAG_NEVER_BLANK, FLAG_OWN_CONTENT_ONLY} does not support input device matching.
01-29 10:54:19.787  1380 10872 I DisplayManagerService: Display device removed: DisplayDeviceInfo{"flutter-vd": uniqueId="virtual:com.ces.atlascrm,10259,flutter-vd,0", 1440 x 2425, modeId 233, defaultModeId 233, supportedModes [{id=233, width=1440, height=2425, fps=60.0}], colorMode 0, supportedColorModes [0], HdrCapabilities null, density 560, 560.0 x 560.0 dpi, appVsyncOff 0, presDeadline 16666666, touch NONE, rotation 0, type VIRTUAL, state ON, owner com.ces.atlascrm (uid 10259), FLAG_PRIVATE, FLAG_NEVER_BLANK, FLAG_OWN_CONTENT_ONLY}
01-29 10:54:26.779  1679  2305 D PowerUI : can't show warning due to - plugged: true status unknown: false
01-29 10:54:43.351  1380  1418 V DisplayPowerController: Brightness [6] reason changing to: 'automatic [ dim ]', previous reason: 'automatic'.
01-29 10:55:04.123  1380  1418 V DisplayPowerController: Brightness [81] reason changing to: 'automatic', previous reason: 'automatic [ dim ]'.
01-29 10:55:07.235  1679  2305 D PowerUI : can't show warning due to - plugged: true status unknown: false
01-29 10:55:13.888  1380  7368 W AppOps  : Noting op not finished: uid 10148 pkg com.google.android.gms code 79 time=1580313254356 duration=0
01-29 10:55:13.893  1380  1397 W AppOps  : Noting op not finished: uid 10148 pkg com.google.android.gms code 79 time=1580313313889 duration=0
01-29 10:55:28.230  1380  1418 V DisplayPowerController: Brightness [6] reason changing to: 'automatic [ dim ]', previous reason: 'automatic'.
01-29 10:56:07.232  1679  2305 D PowerUI : can't show warning due to - plugged: true status unknown: false
01-29 10:56:49.471  1380  1409 W BroadcastQueue: Background execution not allowed: receiving Intent { act=android.net.wifi.SCAN_RESULTS flg=0x4000010 (has extras) } to com.verizon.mips.services/com.verizon.mips.common.receiver.MVSImplicitBroadcastReceiver
01-29 10:57:06.196  1679  2305 D PowerUI : can't show warning due to - plugged: true status unknown: false
01-29 10:57:07.233  1679  2305 I chatty  : uid=10158(com.android.systemui) pool-5-thread-1 identical 1 line
01-29 10:57:14.603  1679  2305 D PowerUI : can't show warning due to - plugged: true status unknown: false
01-29 10:57:15.326  1380  2604 W AppOps  : Noting op not finished: uid 10148 pkg com.google.android.gms code 79 time=1580313313893 duration=0
01-29 10:57:17.294  1679  2305 D PowerUI : can't show warning due to - plugged: true status unknown: false
01-29 10:57:48.893  1679  2305 I chatty  : uid=10158(com.android.systemui) pool-5-thread-1 identical 6 lines
01-29 10:57:49.606  1679  2305 D PowerUI : can't show warning due to - plugged: true status unknown: false
01-29 10:57:57.549  1380  3215 D ConnectivityService: Returning UNBLOCKED NetworkInfo to uid=10169
01-29 10:58:04.495  1679  2305 D PowerUI : can't show warning due to - plugged: true status unknown: false
01-29 10:58:06.094  1679  2305 I chatty  : uid=10158(com.android.systemui) pool-5-thread-1 identical 2 lines
01-29 10:58:07.236  1679  2305 D PowerUI : can't show warning due to - plugged: true status unknown: false
01-29 10:58:55.220  1380  1414 E KernelCpuUidUserSysTimeReader: Negative user/sys time delta for UID=10121
01-29 10:58:55.220  1380  1414 E KernelCpuUidUserSysTimeReader: Prev times: u=3550000 s=2547000 Curr times: u=3524000 s=2510000
01-29 10:58:55.252  1679  2305 D PowerUI : can't show warning due to - plugged: true status unknown: false
01-29 10:58:55.252  1380  1414 D KernelCpuUidUserSysTimeReader: Removing uids 10255-10255
01-29 10:58:55.253  1380  1414 D KernelCpuUidUserSysTimeReader: Removing uids 10256-10256
01-29 10:58:55.253  1380  1414 D KernelCpuUidUserSysTimeReader: Removing uids 10257-10257
01-29 10:58:55.253  1380  1414 D KernelCpuUidUserSysTimeReader: Removing uids 10252-10252
01-29 10:58:55.254  1380  1414 D KernelCpuUidUserSysTimeReader: Removing uids 10258-10258
01-29 10:59:07.237  1679  2305 D PowerUI : can't show warning due to - plugged: true status unknown: false
01-29 10:59:15.408  1380  1731 W AppOps  : Noting op not finished: uid 10148 pkg com.google.android.gms code 79 time=1580313435326 duration=0
01-29 10:59:15.412  1380  1396 W AppOps  : Noting op not finished: uid 10148 pkg com.google.android.gms code 79 time=1580313555409 duration=0
01-29 10:59:15.417  1380  1396 W AppOps  : Noting op not finished: uid 10148 pkg com.google.android.gms code 79 time=1580313555412 duration=0
01-29 10:59:15.418  1380 10872 W AppOps  : Noting op not finished: uid 10148 pkg com.google.android.gms code 79 time=1580313555417 duration=0
01-29 10:59:15.806  1380  1410 I ActivityManager: Start proc 7171:com.google.android.apps.messaging/u0a181 for service {com.google.android.apps.messaging/com.firebase.jobdispatcher.GooglePlayReceiver}
01-29 10:59:16.044  1380  1731 W ActivityManager: Background start not allowed: service Intent { cmp=com.google.android.apps.messaging/.shared.datamodel.action.execution.ActionExecutorImpl$EmptyService } to com.google.android.apps.messaging/.shared.datamodel.action.execution.ActionExecutorImpl$EmptyService from pid=7171 uid=10181 pkg=com.google.android.apps.messaging startFg?=false
01-29 10:59:16.071  1380  1396 D ConnectivityService: Returning UNBLOCKED NetworkInfo to uid=10181
01-29 10:59:16.074  1380  1396 W ActivityManager: Background start not allowed: service Intent { cmp=com.google.android.apps.messaging/.shared.datamodel.action.execution.ActionExecutorImpl$EmptyService } to com.google.android.apps.messaging/.shared.datamodel.action.execution.ActionExecutorImpl$EmptyService from pid=7171 uid=10181 pkg=com.google.android.apps.messaging startFg?=false
01-29 10:59:16.480  1380  3215 W ActivityManager: Background start not allowed: service Intent { cmp=com.google.android.apps.messaging/.shared.datamodel.action.execution.ActionExecutorImpl$EmptyService } to com.google.android.apps.messaging/.shared.datamodel.action.execution.ActionExecutorImpl$EmptyService from pid=7171 uid=10181 pkg=com.google.android.apps.messaging startFg?=false
01-29 10:59:16.488  1380  7368 W ActivityManager: Background start not allowed: service Intent { cmp=com.google.android.apps.messaging/.shared.datamodel.action.execution.ActionExecutorImpl$EmptyService } to com.google.android.apps.messaging/.shared.datamodel.action.execution.ActionExecutorImpl$EmptyService from pid=7171 uid=10181 pkg=com.google.android.apps.messaging startFg?=false
01-29 10:59:16.509  1380  3215 W ActivityManager: Background start not allowed: service Intent { cmp=com.google.android.apps.messaging/.shared.datamodel.action.execution.ActionExecutorImpl$EmptyService } to com.google.android.apps.messaging/.shared.datamodel.action.execution.ActionExecutorImpl$EmptyService from pid=7171 uid=10181 pkg=com.google.android.apps.messaging startFg?=false
01-29 10:59:16.512  1380  7368 D ConnectivityService: requestNetwork for uid/pid:10181/7171 NetworkRequest [ TRACK_DEFAULT id=538, [ Capabilities: INTERNET&NOT_RESTRICTED&TRUSTED Uid: 10181] ]
01-29 10:59:16.514  1380  7368 W ActivityManager: Background start not allowed: service Intent { cmp=com.google.android.apps.messaging/.shared.datamodel.action.execution.ActionExecutorImpl$EmptyService } to com.google.android.apps.messaging/.shared.datamodel.action.execution.ActionExecutorImpl$EmptyService from pid=7171 uid=10181 pkg=com.google.android.apps.messaging startFg?=false
01-29 10:59:21.212  1380  1410 I ActivityManager: Start proc 7264:com.google.android.setupwizard/u0a144 for content provider {com.google.android.setupwizard/com.google.android.setupwizard.deviceorigin.provider.DeviceOriginProvider}
01-29 10:59:21.740  1380  3215 D ConnectivityService: Returning UNBLOCKED NetworkInfo to uid=10144
01-29 10:59:21.830  1380  1600 D ConnectivityService: Blocked status changed to true for 10144(540) on netId 102
01-29 10:59:21.831  1380  1600 D ConnectivityService: Blocked status changed to true for 10144(541) on netId 102
01-29 10:59:22.029  1380  7368 W ActivityManager: Background start not allowed: service Intent { cmp=com.google.android.apps.messaging/.shared.datamodel.action.execution.ActionExecutorImpl$EmptyService } to com.google.android.apps.messaging/.shared.datamodel.action.execution.ActionExecutorImpl$EmptyService from pid=7171 uid=10181 pkg=com.google.android.apps.messaging startFg?=false
01-29 10:59:22.034  1380  7368 W ActivityManager: Background start not allowed: service Intent { cmp=com.google.android.apps.messaging/.shared.datamodel.action.execution.ActionExecutorImpl$EmptyService } to com.google.android.apps.messaging/.shared.datamodel.action.execution.ActionExecutorImpl$EmptyService from pid=7171 uid=10181 pkg=com.google.android.apps.messaging startFg?=false
01-29 10:59:22.362  1380  3209 W ActivityManager: Background start not allowed: service Intent { cmp=com.google.android.apps.messaging/.shared.datamodel.action.execution.ActionExecutorImpl$EmptyService } to com.google.android.apps.messaging/.shared.datamodel.action.execution.ActionExecutorImpl$EmptyService from pid=7171 uid=10181 pkg=com.google.android.apps.messaging startFg?=false
01-29 10:59:22.518  1380  7368 W ActivityManager: Background start not allowed: service Intent { cmp=com.google.android.apps.messaging/.shared.datamodel.action.execution.ActionExecutorImpl$EmptyService } to com.google.android.apps.messaging/.shared.datamodel.action.execution.ActionExecutorImpl$EmptyService from pid=7171 uid=10181 pkg=com.google.android.apps.messaging startFg?=false
01-29 10:59:26.757  1380  7368 D ConnectivityService: Returning BLOCKED NetworkInfo to uid=10144
01-29 10:59:27.165  1380  7368 W ActivityManager: Background start not allowed: service Intent { cmp=com.google.android.apps.messaging/.shared.datamodel.action.execution.ActionExecutorImpl$EmptyService } to com.google.android.apps.messaging/.shared.datamodel.action.execution.ActionExecutorImpl$EmptyService from pid=7171 uid=10181 pkg=com.google.android.apps.messaging startFg?=false
01-29 10:59:27.470  1380  1409 W BroadcastQueue: Background execution not allowed: receiving Intent { act=android.net.wifi.SCAN_RESULTS flg=0x4000010 (has extras) } to com.verizon.mips.services/com.verizon.mips.common.receiver.MVSImplicitBroadcastReceiver
--------- beginning of main
01-29 10:59:30.145   927  2714 I WifiHAL : event received NL80211_CMD_VENDOR, vendor_id = 0x1374, subcmd = 0xd
01-29 10:59:32.147   927  2714 I WifiHAL : event received NL80211_CMD_VENDOR, vendor_id = 0x1374, subcmd = 0xd
01-29 10:59:34.149   927  2714 I WifiHAL : event received NL80211_CMD_VENDOR, vendor_id = 0x1374, subcmd = 0xd
01-29 10:59:34.782   896   896 V ContextHubHal: sendMessageToHub
01-29 10:59:34.813  1380  3215 W AppOps  : Noting op not finished: uid 10148 pkg com.google.android.gms code 79 time=1580313555418 duration=0
01-29 10:59:34.818  1380 10872 W AppOps  : Noting op not finished: uid 10148 pkg com.google.android.gms code 79 time=1580313574813 duration=0
01-29 10:59:36.151   927  2714 I WifiHAL : event received NL80211_CMD_VENDOR, vendor_id = 0x1374, subcmd = 0xd
01-29 10:59:36.710  2633  2660 W System  : A resource failed to call close. 
01-29 10:59:36.712  2633  2660 W System  : A resource failed to call close. 
01-29 10:59:37.192  1380  1409 W BroadcastQueue: Background execution not allowed: receiving Intent { act=android.net.wifi.SCAN_RESULTS flg=0x4000010 (has extras) } to com.verizon.mips.services/com.verizon.mips.common.receiver.MVSImplicitBroadcastReceiver
01-29 10:59:38.152   927  2714 I WifiHAL : event received NL80211_CMD_VENDOR, vendor_id = 0x1374, subcmd = 0xd
01-29 10:59:40.155   927  2714 I WifiHAL : event received NL80211_CMD_VENDOR, vendor_id = 0x1374, subcmd = 0xd
01-29 10:59:42.156   927  2714 I WifiHAL : event received NL80211_CMD_VENDOR, vendor_id = 0x1374, subcmd = 0xd
01-29 10:59:44.157   927  2714 I WifiHAL : event received NL80211_CMD_VENDOR, vendor_id = 0x1374, subcmd = 0xd
01-29 10:59:44.859  2366  7057 I GCoreUlr: Successfully inserted 1 locations
01-29 10:59:46.160   927  2714 I WifiHAL : event received NL80211_CMD_VENDOR, vendor_id = 0x1374, subcmd = 0xd
01-29 10:59:46.880   927  2714 I WifiHAL : event received NL80211_CMD_VENDOR, vendor_id = 0x1374, subcmd = 0xa
01-29 10:59:46.885  2703  2703 I wpa_supplicant: wlan0: CTRL-EVENT-AVOID-FREQ ranges=5560-5825
01-29 10:59:47.701  1380  1409 W BroadcastQueue: Background execution not allowed: receiving Intent { act=android.net.wifi.SCAN_RESULTS flg=0x4000010 (has extras) } to com.verizon.mips.services/com.verizon.mips.common.receiver.MVSImplicitBroadcastReceiver
01-29 10:59:48.163   927  2714 I WifiHAL : event received NL80211_CMD_VENDOR, vendor_id = 0x1374, subcmd = 0xd
01-29 10:59:50.165   927  2714 I WifiHAL : event received NL80211_CMD_VENDOR, vendor_id = 0x1374, subcmd = 0xd
01-29 10:59:50.826   896   896 V ContextHubHal: sendMessageToHub
01-29 10:59:50.829   916   982 I chatty  : uid=1000(system) sensors@1.0-ser expire 10 lines
01-29 10:59:50.840  1380 10872 W AppOps  : Noting op not finished: uid 10148 pkg com.google.android.gms code 79 time=1580313585771 duration=-1
01-29 10:59:50.846  1380  3209 W AppOps  : Noting op not finished: uid 10148 pkg com.google.android.gms code 79 time=1580313590840 duration=0
01-29 10:59:51.541  7264  7264 I SetupWizard: [auh] Pausing wifi scanner.
01-29 10:59:52.168   927  2714 I WifiHAL : event received NL80211_CMD_VENDOR, vendor_id = 0x1374, subcmd = 0xd
01-29 10:59:54.171   927  2714 I WifiHAL : event received NL80211_CMD_VENDOR, vendor_id = 0x1374, subcmd = 0xd
01-29 10:59:56.173   927  2714 I WifiHAL : event received NL80211_CMD_VENDOR, vendor_id = 0x1374, subcmd = 0xd
01-29 11:00:02.180   927  2714 I chatty  : uid=1010 wifi_ext@1.0-se identical 10 lines
01-29 11:00:04.183   927  2714 I WifiHAL : event received NL80211_CMD_VENDOR, vendor_id = 0x1374, subcmd = 0xd
01-29 11:00:04.818   896   896 V ContextHubHal: sendMessageToHub
01-29 11:00:04.842  1380  1396 W AppOps  : Noting op not finished: uid 10148 pkg com.google.android.gms code 79 time=1580313590846 duration=0
01-29 11:00:04.846  1380  3215 W AppOps  : Noting op not finished: uid 10148 pkg com.google.android.gms code 79 time=1580313604842 duration=0
01-29 11:00:06.107  2366  7157 I GCoreUlr: Successfully inserted 1 locations
01-29 11:00:06.187   927  2714 I WifiHAL : event received NL80211_CMD_VENDOR, vendor_id = 0x1374, subcmd = 0xd
01-29 11:00:07.220   901   901 I /vendor/bin/hw/android.hardware.health@2.0-service.crosshatch: Entry state_: 1 charger_status: Charging batteryLevel: 100
01-29 11:00:07.220   901   901 I /vendor/bin/hw/android.hardware.health@2.0-service.crosshatch: Exit state_: 1 batteryLevel: 100
01-29 11:00:07.236  1679  2305 D PowerUI : can't show warning due to - plugged: true status unknown: false
01-29 11:00:08.188   927  2714 I WifiHAL : event received NL80211_CMD_VENDOR, vendor_id = 0x1374, subcmd = 0xd
01-29 11:00:10.189   927  2714 I WifiHAL : event received NL80211_CMD_VENDOR, vendor_id = 0x1374, subcmd = 0xd
01-29 11:00:12.117  2983 29144 I CarrierServices: [757] byp.g: Resetting keep-alive timer. Next ping in 216s on i/f = wlan0
01-29 11:00:12.193   927  2714 I WifiHAL : event received NL80211_CMD_VENDOR, vendor_id = 0x1374, subcmd = 0xd
01-29 11:00:14.196   927  2714 I WifiHAL : event received NL80211_CMD_VENDOR, vendor_id = 0x1374, subcmd = 0xd
01-29 11:00:16.198   927  2714 I WifiHAL : event received NL80211_CMD_VENDOR, vendor_id = 0x1374, subcmd = 0xd
01-29 11:00:16.373  2366  4820 I Places  : Converted 2 out of 2 WiFi scans
01-29 11:00:16.377  1380 10872 W AppOps  : Noting op not finished: uid 10148 pkg com.google.android.gms code 79 time=1580313604846 duration=0
01-29 11:00:18.201   927  2714 I WifiHAL : event received NL80211_CMD_VENDOR, vendor_id = 0x1374, subcmd = 0xd
01-29 11:00:19.514   842  1720 I netd    : trafficSwapActiveStatsMap() <1.86ms>
01-29 11:00:19.520   842  1720 I netd    : tetherGetStats() <3.66ms>
01-29 11:00:19.552   842  1720 I netd    : bandwidthSetGlobalAlert(2097152) <0.63ms>
01-29 11:00:19.881  2366  7057 I NearbyDiscovery: loadFastPairModule: checkFeaturesAreAvailable:0 [CONTEXT service_id=49 ]
01-29 11:00:19.881  2366  7057 I NearbyDiscovery: loadFastPairModule: FastPair module is downloaded. [CONTEXT service_id=49 ]
01-29 11:00:20.203   927  2714 I WifiHAL : event received NL80211_CMD_VENDOR, vendor_id = 0x1374, subcmd = 0xd
01-29 11:00:20.855   896   896 V ContextHubHal: sendMessageToHub
01-29 11:00:20.857   916   982 I chatty  : uid=1000(system) sensors@1.0-ser expire 10 lines
01-29 11:00:20.875  1380  3209 W AppOps  : Noting op not finished: uid 10148 pkg com.google.android.gms code 79 time=1580313616377 duration=0
01-29 11:00:20.881  1380  3215 W AppOps  : Noting op not finished: uid 10148 pkg com.google.android.gms code 79 time=1580313620875 duration=0
01-29 11:00:21.823  1380  1409 W ActivityManager: Stopping service due to app idle: u0a144 -1m0s39ms com.google.android.setupwizard/.predeferred.PreDeferredUpdateService
01-29 11:00:21.826  7264  7264 I SetupWizard: [PreDeferredUpdateService] Executing onDestroy()
01-29 11:00:22.204   927  2714 I WifiHAL : event received NL80211_CMD_VENDOR, vendor_id = 0x1374, subcmd = 0xd
01-29 11:00:24.209   927  2714 I WifiHAL : event received NL80211_CMD_VENDOR, vendor_id = 0x1374, subcmd = 0xd
01-29 11:00:24.861  1380 10872 I chatty  : uid=1000(system) Binder:1380_1F expire 10 lines
01-29 11:00:26.154  2366  7057 I GCoreUlr: Successfully inserted 1 locations
01-29 11:00:26.210   927  2714 I WifiHAL : event received NL80211_CMD_VENDOR, vendor_id = 0x1374, subcmd = 0xd
01-29 11:00:34.223   927  2714 I WifiHAL : event received NL80211_CMD_VENDOR, vendor_id = 0x1374, subcmd = 0xd
01-29 11:00:34.860   896   896 V ContextHubHal: sendMessageToHub
01-29 11:00:34.876  1380 10872 W AppOps  : Noting op not finished: uid 10148 pkg com.google.android.gms code 79 time=1580313620881 duration=0
01-29 11:00:34.882  1380  1396 W AppOps  : Noting op not finished: uid 10148 pkg com.google.android.gms code 79 time=1580313634876 duration=0
01-29 11:00:34.890  1380  1396 I chatty  : uid=1000(system) Binder:1380_1 expire 10 lines
01-29 11:00:36.226   927  2714 I WifiHAL : event received NL80211_CMD_VENDOR, vendor_id = 0x1374, subcmd = 0xd
01-29 11:00:44.237   927  2714 I WifiHAL : event received NL80211_CMD_VENDOR, vendor_id = 0x1374, subcmd = 0xd
01-29 11:00:46.225  2366  7157 I GCoreUlr: Successfully inserted 1 locations
01-29 11:00:46.236   927  2714 I WifiHAL : event received NL80211_CMD_VENDOR, vendor_id = 0x1374, subcmd = 0xd
01-29 11:00:50.244   927  2714 I WifiHAL : event received NL80211_CMD_VENDOR, vendor_id = 0x1374, subcmd = 0xd
01-29 11:00:50.893   896   896 V ContextHubHal: sendMessageToHub
01-29 11:00:50.896   916   982 I chatty  : uid=1000(system) sensors@1.0-ser expire 10 lines
01-29 11:00:50.911  1380  3209 W AppOps  : Noting op not finished: uid 10148 pkg com.google.android.gms code 79 time=1580313634882 duration=0
01-29 11:00:50.917  1380 10872 W AppOps  : Noting op not finished: uid 10148 pkg com.google.android.gms code 79 time=1580313650911 duration=0
01-29 11:00:52.244   927  2714 I WifiHAL : event received NL80211_CMD_VENDOR, vendor_id = 0x1374, subcmd = 0xd
01-29 11:00:53.889  1802  3479 D ProtoStore: no cached data
01-29 11:00:53.906  1380 10872 W ActivityManager: Unable to start service Intent { act=com.google.firebase.MESSAGING_EVENT pkg=com.google.android.googlequicksearchbox } U=0: not found
01-29 11:00:53.906 23619 23619 E FirebaseInstanceId: binding to the service failed
01-29 11:00:54.248   927  2714 I WifiHAL : event received NL80211_CMD_VENDOR, vendor_id = 0x1374, subcmd = 0xd
01-29 11:00:55.469 23619 23645 W LocationOracle: No location history returned by ContextManager
01-29 11:00:55.606 23619 23646 W ErrorReporter: reportError [type: 1323, code: 917507, bug: 119055758]: java.lang.Throwable: Current Time: 1580313655, Next Alarm Time: 0
01-29 11:00:55.615  2366  3163 I GeofencerStateMachine: removeGeofences: removeRequest=RemoveGeofencingRequest[REMOVE_BY_PENDING_INTENT pendingIntent=PendingIntent[creatorPackage=com.google.android.googlequicksearchbox], packageName=com.google.android.googlequicksearchbox]
01-29 11:00:55.621 23619 23646 E GeofenceHelper: Failed: remove geofences by PendingIntent
01-29 11:00:55.637  1380  3215 W ActivityManager: Unable to start service Intent { act=com.google.firebase.MESSAGING_EVENT pkg=com.google.android.googlequicksearchbox } U=0: not found
01-29 11:00:55.637 23619 23619 E FirebaseInstanceId: binding to the service failed
01-29 11:00:56.249   927  2714 I WifiHAL : event received NL80211_CMD_VENDOR, vendor_id = 0x1374, subcmd = 0xd
01-29 11:00:56.284  1380  3215 I chatty  : uid=1000(system) Binder:1380_12 expire 10 lines
01-29 11:00:58.254   927  2714 I WifiHAL : event received NL80211_CMD_VENDOR, vendor_id = 0x1374, subcmd = 0xd
01-29 11:00:58.897   808   844 W viders.calenda: Reducing the number of considered missed Gc histogram windows from 216 to 100
01-29 11:01:00.254   927  2714 I WifiHAL : event received NL80211_CMD_VENDOR, vendor_id = 0x1374, subcmd = 0xd
01-29 11:01:02.257   927  2714 I chatty  : uid=1010 wifi_ext@1.0-se identical 13 lines
01-29 11:01:04.259   927  2714 I WifiHAL : event received NL80211_CMD_VENDOR, vendor_id = 0x1374, subcmd = 0xd
01-29 11:01:04.899   896   896 V ContextHubHal: sendMessageToHub
01-29 11:01:04.926  1380  3209 W AppOps  : Noting op not finished: uid 10148 pkg com.google.android.gms code 79 time=1580313650917 duration=0
01-29 11:01:04.932  1380  3209 W AppOps  : Noting op not finished: uid 10148 pkg com.google.android.gms code 79 time=1580313664927 duration=0
01-29 11:01:06.097  2366  7157 I GCoreUlr: Successfully inserted 1 locations
01-29 11:01:06.262   927  2714 I WifiHAL : event received NL80211_CMD_VENDOR, vendor_id = 0x1374, subcmd = 0xd
01-29 11:01:07.218   901   901 I /vendor/bin/hw/android.hardware.health@2.0-service.crosshatch: Entry state_: 1 charger_status: Charging batteryLevel: 100
01-29 11:01:07.219   901   901 I /vendor/bin/hw/android.hardware.health@2.0-service.crosshatch: Exit state_: 1 batteryLevel: 100
01-29 11:01:07.219   901   901 I /vendor/bin/hw/android.hardware.health@2.0-service.crosshatch: Recording a sample at time 161092
01-29 11:01:07.234  1679  2305 D PowerUI : can't show warning due to - plugged: true status unknown: false
01-29 11:01:08.264   927  2714 I WifiHAL : event received NL80211_CMD_VENDOR, vendor_id = 0x1374, subcmd = 0xd
01-29 11:01:12.271   927  2714 I WifiHAL : event received NL80211_CMD_VENDOR, vendor_id = 0x1374, subcmd = 0xd
01-29 11:01:13.535   916   982 I chatty  : uid=1000(system) sensors@1.0-ser expire 10 lines
01-29 11:01:14.276   927  2714 I WifiHAL : event received NL80211_CMD_VENDOR, vendor_id = 0x1374, subcmd = 0xd
01-29 11:01:14.937  1380  3209 I chatty  : uid=1000(system) Binder:1380_F expire 13 lines
01-29 11:01:14.986  2633  7324 E WorkSourceUtil: Could not find package: com.google.android.gms.westworld
01-29 11:01:16.065  1380  3215 W ActivityManager: Background start not allowed: service Intent { cmp=com.google.android.apps.messaging/.shared.datamodel.action.execution.ActionExecutorImpl$EmptyService } to com.google.android.apps.messaging/.shared.datamodel.action.execution.ActionExecutorImpl$EmptyService from pid=7171 uid=10181 pkg=com.google.android.apps.messaging startFg?=false
01-29 11:01:16.068  7171  7171 W BugleDataModel: ActionExecutorImpl: Action started execution, but we can't guarantee it will complete, the app may be killed. Action: class com.google.android.apps.messaging.shared.datamodel.action.SelfParticipantsRefreshAction-SelfParticipantsRefreshAction:160981104005
01-29 11:01:16.068  7171  7171 W BugleDataModel: java.lang.IllegalStateException: Not allowed to start service Intent { cmp=com.google.android.apps.messaging/.shared.datamodel.action.execution.ActionExecutorImpl$EmptyService }: app is in background uid UidRecord{cf7c911 u0a181 CEM  idle change:cached procs:1 seq(0,0,0)}
01-29 11:01:16.068  7171  7171 W BugleDataModel: 	at android.app.ContextImpl.startServiceCommon(ContextImpl.java:1616)
01-29 11:01:16.068  7171  7171 W BugleDataModel: 	at android.app.ContextImpl.startService(ContextImpl.java:1571)
01-29 11:01:16.068  7171  7171 W BugleDataModel: 	at android.content.ContextWrapper.startService(ContextWrapper.java:669)
01-29 11:01:16.068  7171  7171 W BugleDataModel: 	at com.google.android.apps.messaging.shared.datamodel.action.execution.ActionExecutorImpl.a(PG:94)
01-29 11:01:16.068  7171  7171 W BugleDataModel: 	at com.google.android.apps.messaging.shared.datamodel.action.execution.ActionExecutorImpl.a(PG:89)
01-29 11:01:16.068  7171  7171 W BugleDataModel: 	at fib.c(PG:113)
01-29 11:01:16.068  7171  7171 W BugleDataModel: 	at fhy.run(PG:1)
01-29 11:01:16.068  7171  7171 W BugleDataModel: 	at zit.run(PG:3)
01-29 11:01:16.068  7171  7171 W BugleDataModel: 	at android.os.Handler.handleCallback(Handler.java:883)
01-29 11:01:16.068  7171  7171 W BugleDataModel: 	at android.os.Handler.dispatchMessage(Handler.java:100)
01-29 11:01:16.068  7171  7171 W BugleDataModel: 	at android.os.Looper.loop(Looper.java:214)
01-29 11:01:16.068  7171  7171 W BugleDataModel: 	at android.app.ActivityThread.main(ActivityThread.java:7356)
01-29 11:01:16.068  7171  7171 W BugleDataModel: 	at java.lang.reflect.Method.invoke(Native Method)
01-29 11:01:16.068  7171  7171 W BugleDataModel: 	at com.android.internal.os.RuntimeInit$MethodAndArgsCaller.run(RuntimeInit.java:492)
01-29 11:01:16.068  7171  7171 W BugleDataModel: 	at com.android.internal.os.ZygoteInit.main(ZygoteInit.java:930)
01-29 11:01:16.070  7171  7226 I BugleDataModel: ParticipantRefresh: Start participant refresh. refreshMode: SELF_ONLY
01-29 11:01:16.105  7171  7226 I BugleBackup: Registering preference change listener for "buglesub_1".
01-29 11:01:16.136  7171  7226 W BugleDataModel: SelfParticipantsData: Failed to update self participants' subscription info. updateCount: 0
01-29 11:01:16.171  7171  7226 W BugleDataModel: SelfParticipantsData: Failed to update self participants' subscription info. updateCount: 0
01-29 11:01:16.273   927  2714 I WifiHAL : event received NL80211_CMD_VENDOR, vendor_id = 0x1374, subcmd = 0xd
01-29 11:01:16.302  7171  7226 E BugleDataModel: ParticipantRefresh: Failed to update participants.
01-29 11:01:16.391  7171  7226 E BugleDataModel: ParticipantRefresh: Failed to update participants.
01-29 11:01:16.393  7171  7226 I BugleDataModel: ParticipantRefresh: Number of participants refreshed: 2
01-29 11:01:16.853   938   938 I vendor.rmt_storage: rmt_storage_connect_cb: clnt_h=0xbf conn_h=0x7b6d605100
01-29 11:01:16.853   938   938 I vendor.rmt_storage: rmt_storage_rw_iovec_cb: /boot/modem_fs1: req_h=0xbf msg_id=3: R/W request received
01-29 11:01:16.855   938   938 I vendor.rmt_storage: wakelock acquired: 1
01-29 11:01:16.855   938  1426 I vendor.rmt_storage: rmt_storage_client_thread: /boot/modem_fs1: Unblock worker thread (th_id: 530109676880)
01-29 11:01:16.983   938  1426 I vendor.rmt_storage: rmt_storage_client_thread: /boot/modem_fs1: req_h=0xbf msg_id=3: Bytes written = 2097152
01-29 11:01:16.983   938  1426 I vendor.rmt_storage: rmt_storage_client_thread: /boot/modem_fs1: req_h=0xbf msg_id=3: Send response: res=0 err=0
01-29 11:01:16.984   938  1426 I vendor.rmt_storage: rmt_storage_client_thread: /boot/modem_fs1: About to block rmt_storage client thread (th_id: 530109676880) wakelock released: 1
01-29 11:01:16.984   938  1426 I vendor.rmt_storage: 
01-29 11:01:16.985   938   938 I vendor.rmt_storage: rmt_storage_disconnect_cb: clnt_h=0xbf conn_h=0x7b6d605100
01-29 11:01:18.275   927  2714 I WifiHAL : event received NL80211_CMD_VENDOR, vendor_id = 0x1374, subcmd = 0xd
01-29 11:01:18.419  1380 10872 W ActivityManager: Background start not allowed: service Intent { cmp=com.google.android.apps.messaging/.shared.datamodel.action.execution.ActionExecutorImpl$EmptyService } to com.google.android.apps.messaging/.shared.datamodel.action.execution.ActionExecutorImpl$EmptyService from pid=7171 uid=10181 pkg=com.google.android.apps.messaging startFg?=false
01-29 11:01:18.421  7171  7171 W BugleDataModel: ActionExecutorImpl: Action started execution, but we can't guarantee it will complete, the app may be killed. Action: class com.google.android.apps.messaging.shared.datamodel.action.GenericWorkerQueueAction-GenericWorkerQueueAction:160981104016
01-29 11:01:18.421  7171  7171 W BugleDataModel: java.lang.IllegalStateException: Not allowed to start service Intent { cmp=com.google.android.apps.messaging/.shared.datamodel.action.execution.ActionExecutorImpl$EmptyService }: app is in background uid UidRecord{cf7c911 u0a181 CEM  idle change:cached procs:1 seq(0,0,0)}
01-29 11:01:18.421  7171  7171 W BugleDataModel: 	at android.app.ContextImpl.startServiceCommon(ContextImpl.java:1616)
01-29 11:01:18.421  7171  7171 W BugleDataModel: 	at android.app.ContextImpl.startService(ContextImpl.java:1571)
01-29 11:01:18.421  7171  7171 W BugleDataModel: 	at android.content.ContextWrapper.startService(ContextWrapper.java:669)
01-29 11:01:18.421  7171  7171 W BugleDataModel: 	at com.google.android.apps.messaging.shared.datamodel.action.execution.ActionExecutorImpl.a(PG:94)
01-29 11:01:18.421  7171  7171 W BugleDataModel: 	at com.google.android.apps.messaging.shared.datamodel.action.execution.ActionExecutorImpl.a(PG:89)
01-29 11:01:18.421  7171  7171 W BugleDataModel: 	at fib.c(PG:113)
01-29 11:01:18.421  7171  7171 W BugleDataModel: 	at fhy.run(PG:1)
01-29 11:01:18.421  7171  7171 W BugleDataModel: 	at zit.run(PG:3)
01-29 11:01:18.421  7171  7171 W BugleDataModel: 	at android.os.Handler.handleCallback(Handler.java:883)
01-29 11:01:18.421  7171  7171 W BugleDataModel: 	at android.os.Handler.dispatchMessage(Handler.java:100)
01-29 11:01:18.421  7171  7171 W BugleDataModel: 	at android.os.Looper.loop(Looper.java:214)
01-29 11:01:18.421  7171  7171 W BugleDataModel: 	at android.app.ActivityThread.main(ActivityThread.java:7356)
01-29 11:01:18.421  7171  7171 W BugleDataModel: 	at java.lang.reflect.Method.invoke(Native Method)
01-29 11:01:18.421  7171  7171 W BugleDataModel: 	at com.android.internal.os.RuntimeInit$MethodAndArgsCaller.run(RuntimeInit.java:492)
01-29 11:01:18.421  7171  7171 W BugleDataModel: 	at com.android.internal.os.ZygoteInit.main(ZygoteInit.java:930)
01-29 11:01:20.277   927  2714 I WifiHAL : event received NL80211_CMD_VENDOR, vendor_id = 0x1374, subcmd = 0xd
01-29 11:01:20.941   896   896 V ContextHubHal: sendMessageToHub
01-29 11:01:20.959  1380  3215 W AppOps  : Noting op not finished: uid 10148 pkg com.google.android.gms code 79 time=1580313664932 duration=0
01-29 11:01:20.966  1380  3215 W AppOps  : Noting op not finished: uid 10148 pkg com.google.android.gms code 79 time=1580313680959 duration=0
01-29 11:01:21.881  2366  7057 I NearbyDiscovery: loadFastPairModule: checkFeaturesAreAvailable:0 [CONTEXT service_id=49 ]
01-29 11:01:21.881  2366  7057 I NearbyDiscovery: loadFastPairModule: FastPair module is downloaded. [CONTEXT service_id=49 ]
01-29 11:01:22.280   927  2714 I WifiHAL : event received NL80211_CMD_VENDOR, vendor_id = 0x1374, subcmd = 0xd
01-29 11:01:24.283   927  2714 I WifiHAL : event received NL80211_CMD_VENDOR, vendor_id = 0x1374, subcmd = 0xd
01-29 11:01:26.284   927  2714 I WifiHAL : event received NL80211_CMD_VENDOR, vendor_id = 0x1374, subcmd = 0xd
01-29 11:01:26.337  2366  7157 I GCoreUlr: Successfully inserted 1 locations
01-29 11:01:28.286   927  2714 I WifiHAL : event received NL80211_CMD_VENDOR, vendor_id = 0x1374, subcmd = 0xd
01-29 11:01:34.293   927  2714 I WifiHAL : event received NL80211_CMD_VENDOR, vendor_id = 0x1374, subcmd = 0xd
01-29 11:01:34.948   896   896 V ContextHubHal: sendMessageToHub
01-29 11:01:34.951   916   982 I chatty  : uid=1000(system) sensors@1.0-ser expire 13 lines
01-29 11:01:34.965  1380  3209 W AppOps  : Noting op not finished: uid 10148 pkg com.google.android.gms code 79 time=1580313680966 duration=0
01-29 11:01:34.972  1380  3209 W AppOps  : Noting op not finished: uid 10148 pkg com.google.android.gms code 79 time=1580313694966 duration=0
01-29 11:01:36.297   927  2714 I WifiHAL : event received NL80211_CMD_VENDOR, vendor_id = 0x1374, subcmd = 0xd
01-29 11:01:38.298   927  2714 I WifiHAL : event received NL80211_CMD_VENDOR, vendor_id = 0x1374, subcmd = 0xd
01-29 11:01:40.273  1380  1408 I UsageStatsService: User[0] Flushing usage stats to disk
01-29 11:01:40.328  1380  1408 E AppIdleHistory: Error writing app idle file for user 0
01-29 11:01:44.306   927  2714 I WifiHAL : event received NL80211_CMD_VENDOR, vendor_id = 0x1374, subcmd = 0xd
01-29 11:01:46.308   927  2714 I WifiHAL : event received NL80211_CMD_VENDOR, vendor_id = 0x1374, subcmd = 0xd
01-29 11:01:46.520  2366  7057 I GCoreUlr: Successfully inserted 1 locations
01-29 11:01:48.310   927  2714 I WifiHAL : event received NL80211_CMD_VENDOR, vendor_id = 0x1374, subcmd = 0xd
01-29 11:01:50.313   927  2714 I WifiHAL : event received NL80211_CMD_VENDOR, vendor_id = 0x1374, subcmd = 0xd
01-29 11:01:50.981   896   896 V ContextHubHal: sendMessageToHub
01-29 11:01:50.999  1380  3209 W AppOps  : Noting op not finished: uid 10148 pkg com.google.android.gms code 79 time=1580313694972 duration=0
01-29 11:01:51.006  1380  1396 W AppOps  : Noting op not finished: uid 10148 pkg com.google.android.gms code 79 time=1580313710999 duration=0
01-29 11:01:52.318   927  2714 I WifiHAL : event received NL80211_CMD_VENDOR, vendor_id = 0x1374, subcmd = 0xd
01-29 11:01:54.317   927  2714 I WifiHAL : event received NL80211_CMD_VENDOR, vendor_id = 0x1374, subcmd = 0xd
01-29 11:01:56.320   927  2714 I WifiHAL : event received NL80211_CMD_VENDOR, vendor_id = 0x1374, subcmd = 0xd
01-29 11:01:58.322   927  2714 I WifiHAL : event received NL80211_CMD_VENDOR, vendor_id = 0x1374, subcmd = 0xd
01-29 11:02:04.330   927  2714 I WifiHAL : event received NL80211_CMD_VENDOR, vendor_id = 0x1374, subcmd = 0xd
01-29 11:02:04.983   896   896 V ContextHubHal: sendMessageToHub
01-29 11:02:04.987  1380  3215 I chatty  : uid=1000(system) Binder:1380_12 expire 11 lines
01-29 11:02:05.007  1380  1396 W AppOps  : Noting op not finished: uid 10148 pkg com.google.android.gms code 79 time=1580313711006 duration=0
01-29 11:02:05.011  1380  3209 W AppOps  : Noting op not finished: uid 10148 pkg com.google.android.gms code 79 time=1580313725007 duration=0
01-29 11:02:06.332   927  2714 I WifiHAL : event received NL80211_CMD_VENDOR, vendor_id = 0x1374, subcmd = 0xd
01-29 11:02:06.390  2366  6850 I GCoreUlr: Successfully inserted 1 locations
01-29 11:02:07.218   901   901 I /vendor/bin/hw/android.hardware.health@2.0-service.crosshatch: Entry state_: 1 charger_status: Charging batteryLevel: 100
01-29 11:02:07.218   901   901 I /vendor/bin/hw/android.hardware.health@2.0-service.crosshatch: Exit state_: 1 batteryLevel: 100
01-29 11:02:07.235  1679  2305 D PowerUI : can't show warning due to - plugged: true status unknown: false
01-29 11:02:08.335   927  2714 I WifiHAL : event received NL80211_CMD_VENDOR, vendor_id = 0x1374, subcmd = 0xd
01-29 11:02:14.344   927  2714 I WifiHAL : event received NL80211_CMD_VENDOR, vendor_id = 0x1374, subcmd = 0xd
01-29 11:02:14.492   916   982 I chatty  : uid=1000(system) sensors@1.0-ser expire 13 lines
