01-28 20:23:48.666  1679  2305 D PowerUI : can't show warning due to - plugged: true status unknown: false
01-28 20:25:48.663  1679  2305 D PowerUI : can't show warning due to - plugged: true status unknown: false
01-28 20:28:59.077  1380  1402 I chatty  : uid=1000(system) android.io expire 2 lines
01-28 20:29:48.664  1679  2305 D PowerUI : can't show warning due to - plugged: true status unknown: false
01-28 20:30:48.667  1679  2305 D PowerUI : can't show warning due to - plugged: true status unknown: false
01-28 20:30:52.547  1380  1409 I chatty  : uid=1000(system) ActivityManager expire 14 lines
01-28 20:31:48.672  1679  2305 D PowerUI : can't show warning due to - plugged: true status unknown: false
01-28 20:33:48.664  1679  2305 D PowerUI : can't show warning due to - plugged: true status unknown: false
01-28 20:34:47.133  1380  5377 I chatty  : uid=1000(system) Binder:1380_13 expire 3 lines
01-28 20:34:47.170  1380  8006 I chatty  : uid=1000(system) Binder:1380_1C expire 1 line
01-28 20:34:47.170  1380  6998 I chatty  : uid=1000(system) Binder:1380_19 expire 9 lines
01-28 20:34:48.662  1679  2305 D PowerUI : can't show warning due to - plugged: true status unknown: false
01-28 20:34:58.292  1380 12142 I chatty  : uid=1000(system) Binder:1380_20 expire 2 lines
01-28 20:35:48.669  1679  2305 D PowerUI : can't show warning due to - plugged: true status unknown: false
01-28 20:36:48.675  1679  2305 D PowerUI : can't show warning due to - plugged: true status unknown: false
01-28 20:36:54.109  1380  2608 I chatty  : uid=1000(system) Binder:1380_B expire 5 lines
01-28 20:37:48.668  1679  2305 D PowerUI : can't show warning due to - plugged: true status unknown: false
01-28 20:38:48.667  1679  2305 D PowerUI : can't show warning due to - plugged: true status unknown: false
01-28 20:40:48.678  1679  2305 D PowerUI : can't show warning due to - plugged: true status unknown: false
01-28 20:41:03.361  1380  9934 I chatty  : uid=1000(system) Binder:1380_1D expire 2 lines
01-28 20:41:48.671  1679  2305 D PowerUI : can't show warning due to - plugged: true status unknown: false
01-28 20:42:25.661  1380  1408 I chatty  : uid=1000(system) android.bg expire 7 lines
01-28 20:42:48.679  1679  2305 D PowerUI : can't show warning due to - plugged: true status unknown: false
01-28 20:43:48.674  1679  2305 D PowerUI : can't show warning due to - plugged: true status unknown: false
01-28 20:44:48.676  1679  2305 D PowerUI : can't show warning due to - plugged: true status unknown: false
01-28 20:46:48.666  1679  2305 D PowerUI : can't show warning due to - plugged: true status unknown: false
01-28 20:47:15.144  1380  7368 I chatty  : uid=1000(system) Binder:1380_1A expire 5 lines
01-28 20:47:48.666  1679  2305 D PowerUI : can't show warning due to - plugged: true status unknown: false
01-28 20:48:25.750  1380  1852 I chatty  : uid=1000(system) Binder:1380_6 expire 2 lines
01-28 20:50:21.441  1380  2611 I chatty  : uid=1000(system) Binder:1380_C expire 4 lines
01-28 20:50:48.670  1679  2305 D PowerUI : can't show warning due to - plugged: true status unknown: false
01-28 20:51:48.669  1679  2305 D PowerUI : can't show warning due to - plugged: true status unknown: false
01-28 20:52:35.671  1380  1409 I chatty  : uid=1000(system) ActivityManager expire 16 lines
01-28 20:53:31.088  1380  5464 I chatty  : uid=1000(system) Binder:1380_15 expire 4 lines
01-28 20:53:48.666  1679  2305 D PowerUI : can't show warning due to - plugged: true status unknown: false
01-28 20:54:48.667  1679  2305 D PowerUI : can't show warning due to - plugged: true status unknown: false
01-28 20:56:48.679  1679  2305 D PowerUI : can't show warning due to - plugged: true status unknown: false
01-28 20:57:48.669  1679  2305 D PowerUI : can't show warning due to - plugged: true status unknown: false
01-28 20:58:48.674  1679  2305 D PowerUI : can't show warning due to - plugged: true status unknown: false
01-28 20:59:48.673  1679  2305 D PowerUI : can't show warning due to - plugged: true status unknown: false
01-28 21:01:48.677  1679  2305 D PowerUI : can't show warning due to - plugged: true status unknown: false
01-28 21:02:46.523  1380  1397 I chatty  : uid=1000(system) Binder:1380_2 expire 1 line
01-28 21:02:48.670  1679  2305 D PowerUI : can't show warning due to - plugged: true status unknown: false
01-28 21:04:48.673  1679  2305 D PowerUI : can't show warning due to - plugged: true status unknown: false
01-28 21:05:48.671  1679  2305 D PowerUI : can't show warning due to - plugged: true status unknown: false
01-28 21:06:48.671  1679  2305 D PowerUI : can't show warning due to - plugged: true status unknown: false
01-28 21:07:36.233  1380  2604 I chatty  : uid=1000(system) Binder:1380_A expire 7 lines
01-28 21:07:42.749  1380  5547 I chatty  : uid=1000(system) Binder:1380_16 expire 5 lines
01-28 21:07:48.670  1679  2305 D PowerUI : can't show warning due to - plugged: true status unknown: false
01-28 21:08:48.663  1679  2305 D PowerUI : can't show warning due to - plugged: true status unknown: false
01-28 21:09:48.667  1679  2305 D PowerUI : can't show warning due to - plugged: true status unknown: false
01-28 21:10:48.665  1679  2305 D PowerUI : can't show warning due to - plugged: true status unknown: false
01-28 21:11:46.608  1380  1591 I chatty  : uid=1000(system) Binder:1380_3 expire 5 lines
01-28 21:11:48.670  1679  2305 D PowerUI : can't show warning due to - plugged: true status unknown: false
01-28 21:12:48.668  1679  2305 D PowerUI : can't show warning due to - plugged: true status unknown: false
01-28 21:13:01.891  1380  1400 I chatty  : uid=1000(system) android.fg expire 6 lines
01-28 21:13:48.665  1679  2305 D PowerUI : can't show warning due to - plugged: true status unknown: false
01-28 21:14:48.665  1679  2305 D PowerUI : can't show warning due to - plugged: true status unknown: false
01-28 21:15:04.238  1380  1832 I chatty  : uid=1000(system) Binder:1380_5 expire 4 lines
01-28 21:16:48.669  1679  2305 D PowerUI : can't show warning due to - plugged: true status unknown: false
01-28 21:17:39.641  1380  1410 I chatty  : uid=1000(system) ActivityManager expire 15 lines
01-28 21:17:40.121  1380  3211 I chatty  : uid=1000(system) Binder:1380_10 expire 9 lines
01-28 21:17:48.672  1679  2305 D PowerUI : can't show warning due to - plugged: true status unknown: false
01-28 21:18:48.669  1679  2305 D PowerUI : can't show warning due to - plugged: true status unknown: false
01-28 21:19:03.907  1380  3215 I chatty  : uid=1000(system) Binder:1380_12 expire 6 lines
01-28 21:19:48.379  1380  1409 I chatty  : uid=1000(system) ActivityManager expire 10 lines
01-28 21:19:48.670  1679  2305 D PowerUI : can't show warning due to - plugged: true status unknown: false
01-28 21:20:48.666  1679  2305 D PowerUI : can't show warning due to - plugged: true status unknown: false
01-28 21:21:48.669  1679  2305 D PowerUI : can't show warning due to - plugged: true status unknown: false
01-28 21:22:48.671  1679  2305 D PowerUI : can't show warning due to - plugged: true status unknown: false
01-28 21:23:48.673  1679  2305 D PowerUI : can't show warning due to - plugged: true status unknown: false
01-28 21:24:48.670  1679  2305 D PowerUI : can't show warning due to - plugged: true status unknown: false
01-28 21:25:48.667  1679  2305 D PowerUI : can't show warning due to - plugged: true status unknown: false
01-28 21:26:25.897  1380  1600 I chatty  : uid=1000(system) ConnectivitySer expire 10 lines
01-28 21:26:48.667  1679  2305 D PowerUI : can't show warning due to - plugged: true status unknown: false
01-28 21:27:48.672  1679  2305 D PowerUI : can't show warning due to - plugged: true status unknown: false
01-28 21:28:48.660  1679  2305 D PowerUI : can't show warning due to - plugged: true status unknown: false
01-28 21:28:49.105  1380  1380 I chatty  : uid=1000 system_server expire 2 lines
01-28 21:29:48.676  1679  2305 D PowerUI : can't show warning due to - plugged: true status unknown: false
01-28 21:30:29.326  1380  2102 I chatty  : uid=1000(system) Binder:1380_8 expire 2 lines
01-28 21:30:48.664  1679  2305 D PowerUI : can't show warning due to - plugged: true status unknown: false
01-28 21:31:48.672  1679  2305 D PowerUI : can't show warning due to - plugged: true status unknown: false
01-28 21:32:48.666  1679  2305 D PowerUI : can't show warning due to - plugged: true status unknown: false
01-28 21:33:48.672  1679  2305 D PowerUI : can't show warning due to - plugged: true status unknown: false
01-28 21:34:48.670  1679  2305 D PowerUI : can't show warning due to - plugged: true status unknown: false
01-28 21:35:48.670  1679  2305 D PowerUI : can't show warning due to - plugged: true status unknown: false
01-28 21:36:48.666  1679  2305 D PowerUI : can't show warning due to - plugged: true status unknown: false
01-28 21:37:48.668  1679  2305 D PowerUI : can't show warning due to - plugged: true status unknown: false
01-28 21:38:47.815  1380  1410 I chatty  : uid=1000(system) ActivityManager expire 1 line
01-28 21:38:48.667  1679  2305 D PowerUI : can't show warning due to - plugged: true status unknown: false
01-28 21:39:48.669  1679  2305 D PowerUI : can't show warning due to - plugged: true status unknown: false
01-28 21:40:48.670  1679  2305 D PowerUI : can't show warning due to - plugged: true status unknown: false
01-28 21:41:38.220  1380  1409 I chatty  : uid=1000(system) ActivityManager expire 10 lines
01-28 21:41:48.672  1679  2305 D PowerUI : can't show warning due to - plugged: true status unknown: false
01-28 21:42:48.666  1679  2305 D PowerUI : can't show warning due to - plugged: true status unknown: false
01-28 21:43:14.254  1380  1731 I chatty  : uid=1000(system) Binder:1380_4 expire 4 lines
01-28 21:43:48.673  1679  2305 D PowerUI : can't show warning due to - plugged: true status unknown: false
01-28 21:44:48.668  1679  2305 D PowerUI : can't show warning due to - plugged: true status unknown: false
01-28 21:45:48.668  1679  2305 D PowerUI : can't show warning due to - plugged: true status unknown: false
01-28 21:46:28.122  1380  2072 I chatty  : uid=1000(system) Binder:1380_7 expire 3 lines
01-28 21:46:48.672  1679  2305 D PowerUI : can't show warning due to - plugged: true status unknown: false
01-28 21:47:53.000  1380  1600 I chatty  : uid=1000(system) ConnectivitySer expire 3 lines
01-28 21:48:14.061  1380  5403 I chatty  : uid=1000(system) Binder:1380_14 expire 1 line
01-28 21:48:48.678  1679  2305 D PowerUI : can't show warning due to - plugged: true status unknown: false
01-28 21:49:48.661  1679  2305 D PowerUI : can't show warning due to - plugged: true status unknown: false
01-28 21:50:48.673  1679  2305 D PowerUI : can't show warning due to - plugged: true status unknown: false
01-28 21:52:28.105  1380  1409 I chatty  : uid=1000(system) ActivityManager expire 10 lines
01-28 21:52:44.333  1380  1731 I chatty  : uid=1000(system) Binder:1380_4 expire 1 line
01-28 21:53:37.072  1380  1408 I chatty  : uid=1000(system) android.bg expire 6 lines
01-28 21:54:48.669  1679  2305 D PowerUI : can't show warning due to - plugged: true status unknown: false
01-28 21:55:48.669  1679  2305 D PowerUI : can't show warning due to - plugged: true status unknown: false
01-28 21:55:54.072  1380  2102 I chatty  : uid=1000(system) Binder:1380_8 expire 4 lines
01-28 21:56:48.670  1679  2305 D PowerUI : can't show warning due to - plugged: true status unknown: false
01-28 21:57:48.673  1679  2305 D PowerUI : can't show warning due to - plugged: true status unknown: false
01-28 21:58:48.670  1679  2305 D PowerUI : can't show warning due to - plugged: true status unknown: false
01-28 21:58:53.077  1380  5547 I chatty  : uid=1000(system) Binder:1380_16 expire 10 lines
01-28 21:58:54.182  1380  2611 I chatty  : uid=1000(system) Binder:1380_C expire 7 lines
01-28 21:58:54.211  1380  3209 I chatty  : uid=1000(system) Binder:1380_F expire 3 lines
01-28 21:59:48.670  1679  2305 D PowerUI : can't show warning due to - plugged: true status unknown: false
01-28 22:00:00.006  1380  1380 I chatty  : uid=1000 system_server expire 11 lines
01-28 22:00:48.671  1679  2305 D PowerUI : can't show warning due to - plugged: true status unknown: false
01-28 22:01:48.668  1679  2305 D PowerUI : can't show warning due to - plugged: true status unknown: false
01-28 22:01:54.424  1380  8006 I chatty  : uid=1000(system) Binder:1380_1C expire 1 line
01-28 22:02:48.673  1679  2305 D PowerUI : can't show warning due to - plugged: true status unknown: false
01-28 22:03:48.668  1679  2305 D PowerUI : can't show warning due to - plugged: true status unknown: false
01-28 22:04:48.675  1679  2305 D PowerUI : can't show warning due to - plugged: true status unknown: false
01-28 22:05:04.182  1380  6998 I chatty  : uid=1000(system) Binder:1380_19 expire 3 lines
01-28 22:06:48.668  1679  2305 D PowerUI : can't show warning due to - plugged: true status unknown: false
01-28 22:07:48.674  1679  2305 D PowerUI : can't show warning due to - plugged: true status unknown: false
01-28 22:08:48.668  1679  2305 D PowerUI : can't show warning due to - plugged: true status unknown: false
01-28 22:09:48.678  1679  2305 D PowerUI : can't show warning due to - plugged: true status unknown: false
01-28 22:11:48.664  1679  2305 D PowerUI : can't show warning due to - plugged: true status unknown: false
01-28 22:12:48.673  1679  2305 D PowerUI : can't show warning due to - plugged: true status unknown: false
01-28 22:13:48.666  1679  2305 D PowerUI : can't show warning due to - plugged: true status unknown: false
01-28 22:14:11.583  1380  2608 I chatty  : uid=1000(system) Binder:1380_B expire 5 lines
01-28 22:14:48.668  1679  2305 D PowerUI : can't show warning due to - plugged: true status unknown: false
01-28 22:15:48.667  1679  2305 D PowerUI : can't show warning due to - plugged: true status unknown: false
01-28 22:16:29.620  1380  1410 I chatty  : uid=1000(system) ActivityManager expire 11 lines
01-28 22:16:48.671  1679  2305 D PowerUI : can't show warning due to - plugged: true status unknown: false
01-28 22:17:00.155  1380  1852 I chatty  : uid=1000(system) Binder:1380_6 expire 9 lines
01-28 22:18:27.353  1380  3206 I chatty  : uid=1000(system) Binder:1380_E expire 5 lines
01-28 22:18:27.419  1380  3215 I chatty  : uid=1000(system) Binder:1380_12 expire 1 line
01-28 22:18:27.419  1380  9934 I chatty  : uid=1000(system) Binder:1380_1D expire 4 lines
01-28 22:18:27.421  1380  1600 I chatty  : uid=1000(system) ConnectivitySer expire 10 lines
01-28 22:18:48.672  1679  2305 D PowerUI : can't show warning due to - plugged: true status unknown: false
01-28 22:18:56.087  1380  1538 I chatty  : uid=1000(system) AlarmManager expire 1 line
01-28 22:19:36.406  1380  3180 I chatty  : uid=1000(system) Binder:1380_D expire 7 lines
01-28 22:19:36.417  1380  1409 I chatty  : uid=1000(system) ActivityManager expire 10 lines
01-28 22:19:48.660  1679  2305 D PowerUI : can't show warning due to - plugged: true status unknown: false
01-28 22:20:17.323  1380  7368 I chatty  : uid=1000(system) Binder:1380_1A expire 5 lines
01-28 22:21:48.670  1679  2305 D PowerUI : can't show warning due to - plugged: true status unknown: false
01-28 22:22:48.672  1679  2305 D PowerUI : can't show warning due to - plugged: true status unknown: false
01-28 22:23:48.667  1679  2305 D PowerUI : can't show warning due to - plugged: true status unknown: false
01-28 22:24:48.670  1679  2305 D PowerUI : can't show warning due to - plugged: true status unknown: false
01-28 22:25:48.673  1679  2305 D PowerUI : can't show warning due to - plugged: true status unknown: false
01-28 22:26:37.106  1380  5593 I chatty  : uid=1000(system) Binder:1380_17 expire 8 lines
01-28 22:26:48.666  1679  2305 D PowerUI : can't show warning due to - plugged: true status unknown: false
01-28 22:27:48.668  1679  2305 D PowerUI : can't show warning due to - plugged: true status unknown: false
01-28 22:28:48.668  1679  2305 D PowerUI : can't show warning due to - plugged: true status unknown: false
01-28 22:29:48.669  1679  2305 D PowerUI : can't show warning due to - plugged: true status unknown: false
01-28 22:30:31.530  1380  1409 I chatty  : uid=1000(system) ActivityManager expire 13 lines
01-28 22:30:48.674  1679  2305 D PowerUI : can't show warning due to - plugged: true status unknown: false
01-28 22:31:48.674  1679  2305 D PowerUI : can't show warning due to - plugged: true status unknown: false
01-28 22:32:48.664  1679  2305 D PowerUI : can't show warning due to - plugged: true status unknown: false
01-28 22:34:48.673  1679  2305 D PowerUI : can't show warning due to - plugged: true status unknown: false
01-28 22:35:48.669  1679  2305 D PowerUI : can't show warning due to - plugged: true status unknown: false
01-28 22:36:48.668  1679  2305 D PowerUI : can't show warning due to - plugged: true status unknown: false
01-28 22:37:48.668  1679  2305 D PowerUI : can't show warning due to - plugged: true status unknown: false
01-28 22:38:48.669  1679  2305 D PowerUI : can't show warning due to - plugged: true status unknown: false
01-28 22:40:16.339  1380  1832 I chatty  : uid=1000(system) Binder:1380_5 expire 3 lines
01-28 22:40:48.676  1679  2305 D PowerUI : can't show warning due to - plugged: true status unknown: false
01-28 22:41:48.666  1679  2305 D PowerUI : can't show warning due to - plugged: true status unknown: false
01-28 22:42:48.669  1679  2305 D PowerUI : can't show warning due to - plugged: true status unknown: false
01-28 22:43:48.668  1679  2305 D PowerUI : can't show warning due to - plugged: true status unknown: false
01-28 22:44:48.669  1679  2305 D PowerUI : can't show warning due to - plugged: true status unknown: false
01-28 22:45:07.133  1380 12142 I chatty  : uid=1000(system) Binder:1380_20 expire 7 lines
01-28 22:45:48.668  1679  2305 D PowerUI : can't show warning due to - plugged: true status unknown: false
01-28 22:46:48.669  1679  2305 D PowerUI : can't show warning due to - plugged: true status unknown: false
01-28 22:47:48.667  1679  2305 D PowerUI : can't show warning due to - plugged: true status unknown: false
01-28 22:47:55.837  1380 10028 I chatty  : uid=1000(system) Binder:1380_1E expire 3 lines
01-28 22:48:07.392  1380  5464 I chatty  : uid=1000(system) Binder:1380_15 expire 3 lines
01-28 22:48:48.668  1679  2305 D PowerUI : can't show warning due to - plugged: true status unknown: false
01-28 22:48:56.371  1380  1600 I chatty  : uid=1000(system) ConnectivitySer expire 11 lines
01-28 22:49:31.385  1380  1409 I chatty  : uid=1000(system) ActivityManager expire 7 lines
01-28 22:49:48.663  1679  2305 D PowerUI : can't show warning due to - plugged: true status unknown: false
01-28 22:51:17.106  1380  1396 I chatty  : uid=1000(system) Binder:1380_1 expire 2 lines
01-28 22:51:48.664  1679  2305 D PowerUI : can't show warning due to - plugged: true status unknown: false
01-28 22:52:48.670  1679  2305 D PowerUI : can't show warning due to - plugged: true status unknown: false
01-28 22:53:48.674  1679  2305 D PowerUI : can't show warning due to - plugged: true status unknown: false
01-28 22:54:20.081  1380  1410 I chatty  : uid=1000(system) ActivityManager expire 9 lines
01-28 22:54:48.662  1679  2305 D PowerUI : can't show warning due to - plugged: true status unknown: false
01-28 22:55:48.663  1679  2305 D PowerUI : can't show warning due to - plugged: true status unknown: false
01-28 22:56:16.310  1380  3147 I chatty  : uid=1000(system) backup-0 expire 2 lines
01-28 22:56:16.315  1380 15143 I chatty  : uid=1000 system_server expire 57 lines
01-28 22:56:19.312  1380  7369 I chatty  : uid=1000(system) Binder:1380_1B expire 4 lines
01-28 22:56:34.107  1380 15143 I chatty  : uid=1000 system_server expire 12 lines
01-28 22:56:35.568  1380  1410 I chatty  : uid=1000(system) ActivityManager expire 11 lines
01-28 22:56:35.822  1380  1852 I chatty  : uid=1000(system) Binder:1380_6 expire 3 lines
01-28 22:56:48.676  1679  2305 D PowerUI : can't show warning due to - plugged: true status unknown: false
01-28 22:57:27.599  1380 12142 I chatty  : uid=1000(system) Binder:1380_20 expire 11 lines
01-28 22:57:41.479  1380  1409 I chatty  : uid=1000(system) ActivityManager expire 10 lines
01-28 22:57:48.660  1679  2305 D PowerUI : can't show warning due to - plugged: true status unknown: false
01-28 22:57:58.683  1380  1408 I chatty  : uid=1000(system) android.bg expire 9 lines
01-28 22:58:48.673  1679  2305 D PowerUI : can't show warning due to - plugged: true status unknown: false
01-28 22:59:48.674  1679  2305 D PowerUI : can't show warning due to - plugged: true status unknown: false
01-28 23:00:47.228  1380  5593 I chatty  : uid=1000(system) Binder:1380_17 expire 9 lines
01-28 23:01:07.255  1380  1832 I chatty  : uid=1000(system) Binder:1380_5 expire 4 lines
01-28 23:02:48.675  1679  2305 D PowerUI : can't show warning due to - plugged: true status unknown: false
01-28 23:05:48.664  1679  2305 D PowerUI : can't show warning due to - plugged: true status unknown: false
01-28 23:06:49.508  1380  3206 I chatty  : uid=1000(system) Binder:1380_E expire 3 lines
01-28 23:07:48.669  1679  2305 D PowerUI : can't show warning due to - plugged: true status unknown: false
01-28 23:08:47.280  1380  9934 I chatty  : uid=1000(system) Binder:1380_1D expire 8 lines
01-28 23:08:48.665  1679  2305 D PowerUI : can't show warning due to - plugged: true status unknown: false
01-28 23:09:48.662  1679  2305 D PowerUI : can't show warning due to - plugged: true status unknown: false
01-28 23:10:18.535  1380  5377 I chatty  : uid=1000(system) Binder:1380_13 expire 2 lines
01-28 23:12:48.669  1679  2305 D PowerUI : can't show warning due to - plugged: true status unknown: false
01-28 23:13:48.670  1679  2305 D PowerUI : can't show warning due to - plugged: true status unknown: false
01-28 23:14:48.673  1679  2305 D PowerUI : can't show warning due to - plugged: true status unknown: false
01-28 23:16:00.075  1380  1396 I chatty  : uid=1000(system) Binder:1380_1 expire 2 lines
01-28 23:16:48.665  1679  2305 D PowerUI : can't show warning due to - plugged: true status unknown: false
01-28 23:17:48.671  1679  2305 D PowerUI : can't show warning due to - plugged: true status unknown: false
01-28 23:18:48.673  1679  2305 D PowerUI : can't show warning due to - plugged: true status unknown: false
01-28 23:19:48.671  1679  2305 D PowerUI : can't show warning due to - plugged: true status unknown: false
01-28 23:20:06.501  1380  1409 I chatty  : uid=1000(system) ActivityManager expire 10 lines
01-28 23:20:19.406  1380  1380 I chatty  : uid=1000 system_server expire 2 lines
01-28 23:20:19.473  1380  1600 I chatty  : uid=1000(system) ConnectivitySer expire 23 lines
01-28 23:20:48.670  1679  2305 D PowerUI : can't show warning due to - plugged: true status unknown: false
01-28 23:22:48.671  1679  2305 D PowerUI : can't show warning due to - plugged: true status unknown: false
01-28 23:23:48.662  1679  2305 D PowerUI : can't show warning due to - plugged: true status unknown: false
01-28 23:24:29.781  1380  3209 I chatty  : uid=1000(system) Binder:1380_F expire 5 lines
01-28 23:25:31.079  1380 10872 I chatty  : uid=1000(system) Binder:1380_1F expire 6 lines
01-28 23:25:48.675  1679  2305 D PowerUI : can't show warning due to - plugged: true status unknown: false
01-28 23:26:19.454  1380  1731 I chatty  : uid=1000(system) Binder:1380_4 expire 10 lines
01-28 23:26:19.525  1380  3212 I chatty  : uid=1000(system) Binder:1380_11 expire 2 lines
01-28 23:26:19.538  1380  2104 I chatty  : uid=1000(system) Binder:1380_9 expire 2 lines
01-28 23:26:48.664  1679  2305 D PowerUI : can't show warning due to - plugged: true status unknown: false
01-28 23:27:48.670  1679  2305 D PowerUI : can't show warning due to - plugged: true status unknown: false
01-28 23:28:48.678  1679  2305 D PowerUI : can't show warning due to - plugged: true status unknown: false
01-28 23:28:59.099  1380  1402 I chatty  : uid=1000(system) android.io expire 2 lines
01-28 23:29:48.662  1679  2305 D PowerUI : can't show warning due to - plugged: true status unknown: false
01-28 23:30:48.664  1679  2305 D PowerUI : can't show warning due to - plugged: true status unknown: false
01-28 23:31:37.055  1380  5403 I chatty  : uid=1000(system) Binder:1380_14 expire 5 lines
01-28 23:31:48.669  1679  2305 D PowerUI : can't show warning due to - plugged: true status unknown: false
01-28 23:32:00.453  1380  1410 I chatty  : uid=1000(system) ActivityManager expire 10 lines
01-28 23:32:35.427  1380  1409 I chatty  : uid=1000(system) ActivityManager expire 14 lines
01-28 23:32:48.678  1679  2305 D PowerUI : can't show warning due to - plugged: true status unknown: false
01-28 23:32:54.965  1380  1400 I chatty  : uid=1000(system) android.fg expire 3 lines
01-28 23:34:48.672  1679  2305 D PowerUI : can't show warning due to - plugged: true status unknown: false
01-28 23:35:48.673  1679  2305 D PowerUI : can't show warning due to - plugged: true status unknown: false
01-28 23:36:48.670  1679  2305 D PowerUI : can't show warning due to - plugged: true status unknown: false
01-28 23:37:48.663  1679  2305 D PowerUI : can't show warning due to - plugged: true status unknown: false
01-28 23:38:41.133  1380  6998 I chatty  : uid=1000(system) Binder:1380_19 expire 2 lines
01-28 23:38:41.133  1380  1600 I chatty  : uid=1000(system) ConnectivitySer expire 8 lines
01-28 23:38:41.141  1380  2611 I chatty  : uid=1000(system) Binder:1380_C expire 1 line
01-28 23:38:48.668  1679  2305 D PowerUI : can't show warning due to - plugged: true status unknown: false
01-28 23:38:51.072  1380  3180 I chatty  : uid=1000(system) Binder:1380_D expire 2 lines
01-28 23:38:51.100  1380  1591 I chatty  : uid=1000(system) Binder:1380_3 expire 4 lines
01-28 23:39:48.670  1679  2305 D PowerUI : can't show warning due to - plugged: true status unknown: false
01-28 23:40:45.927  1380  5547 I chatty  : uid=1000(system) Binder:1380_16 expire 8 lines
01-28 23:40:48.663  1679  2305 D PowerUI : can't show warning due to - plugged: true status unknown: false
01-28 23:40:57.066  1380  3215 I chatty  : uid=1000(system) Binder:1380_12 expire 4 lines
01-28 23:41:48.664  1679  2305 D PowerUI : can't show warning due to - plugged: true status unknown: false
01-28 23:42:48.302  1380 10028 I chatty  : uid=1000(system) Binder:1380_1E expire 4 lines
01-28 23:43:48.666  1679  2305 D PowerUI : can't show warning due to - plugged: true status unknown: false
01-28 23:44:48.665  1679  2305 D PowerUI : can't show warning due to - plugged: true status unknown: false
01-28 23:45:48.665  1679  2305 D PowerUI : can't show warning due to - plugged: true status unknown: false
01-28 23:46:48.674  1679  2305 D PowerUI : can't show warning due to - plugged: true status unknown: false
01-28 23:47:07.391  1380  8006 I chatty  : uid=1000(system) Binder:1380_1C expire 1 line
01-28 23:47:48.675  1679  2305 D PowerUI : can't show warning due to - plugged: true status unknown: false
01-28 23:48:26.043  1380  3211 I chatty  : uid=1000(system) Binder:1380_10 expire 5 lines
01-28 23:48:48.674  1679  2305 D PowerUI : can't show warning due to - plugged: true status unknown: false
01-28 23:49:16.474  1380  7368 I chatty  : uid=1000(system) Binder:1380_1A expire 1 line
01-28 23:49:48.669  1679  2305 D PowerUI : can't show warning due to - plugged: true status unknown: false
01-28 23:50:48.675  1679  2305 D PowerUI : can't show warning due to - plugged: true status unknown: false
01-28 23:51:31.098  1380  1409 I chatty  : uid=1000(system) ActivityManager expire 10 lines
01-28 23:52:48.676  1679  2305 D PowerUI : can't show warning due to - plugged: true status unknown: false
01-28 23:53:48.672  1679  2305 D PowerUI : can't show warning due to - plugged: true status unknown: false
01-28 23:54:48.670  1679  2305 D PowerUI : can't show warning due to - plugged: true status unknown: false
01-28 23:55:48.670  1679  2305 D PowerUI : can't show warning due to - plugged: true status unknown: false
01-28 23:56:48.668  1679  2305 D PowerUI : can't show warning due to - plugged: true status unknown: false
01-28 23:57:48.674  1679  2305 D PowerUI : can't show warning due to - plugged: true status unknown: false
01-28 23:58:48.671  1679  2305 D PowerUI : can't show warning due to - plugged: true status unknown: false
01-28 23:59:37.051  1380  6751 I chatty  : uid=1000(system) Binder:1380_18 expire 1 line
01-28 23:59:48.674  1679  2305 D PowerUI : can't show warning due to - plugged: true status unknown: false
01-29 00:00:00.114  1380  1731 I chatty  : uid=1000(system) Binder:1380_4 expire 1 line
01-29 00:00:48.674  1679  2305 D PowerUI : can't show warning due to - plugged: true status unknown: false
01-29 00:01:48.675  1679  2305 D PowerUI : can't show warning due to - plugged: true status unknown: false
01-29 00:02:47.220  1380  2608 I chatty  : uid=1000(system) Binder:1380_B expire 2 lines
01-29 00:03:48.668  1679  2305 D PowerUI : can't show warning due to - plugged: true status unknown: false
01-29 00:04:48.670  1679  2305 D PowerUI : can't show warning due to - plugged: true status unknown: false
01-29 00:05:48.663  1679  2305 D PowerUI : can't show warning due to - plugged: true status unknown: false
01-29 00:06:48.660  1679  2305 I chatty  : uid=10158(com.android.systemui) pool-5-thread-1 identical 1 line
01-29 00:07:48.658  1679  2305 D PowerUI : can't show warning due to - plugged: true status unknown: false
01-29 00:07:53.256  1380  1409 I chatty  : uid=1000(system) ActivityManager expire 10 lines
01-29 00:08:48.665  1679  2305 D PowerUI : can't show warning due to - plugged: true status unknown: false
01-29 00:09:08.815  1380  1397 I chatty  : uid=1000(system) Binder:1380_2 expire 3 lines
01-29 00:10:48.667  1679  2305 D PowerUI : can't show warning due to - plugged: true status unknown: false
01-29 00:11:49.743  1380 12142 I chatty  : uid=1000(system) Binder:1380_20 expire 3 lines
01-29 00:14:48.676  1679  2305 D PowerUI : can't show warning due to - plugged: true status unknown: false
01-29 00:16:48.671  1679  2305 D PowerUI : can't show warning due to - plugged: true status unknown: false
01-29 00:18:34.392  1380  1409 I chatty  : uid=1000(system) ActivityManager expire 10 lines
01-29 00:18:48.671  1679  2305 D PowerUI : can't show warning due to - plugged: true status unknown: false
01-29 00:19:09.571  1380  1731 I chatty  : uid=1000(system) Binder:1380_4 expire 9 lines
01-29 00:19:40.207  1380  1400 I chatty  : uid=1000(system) android.fg expire 6 lines
01-29 00:19:40.234  1380  1600 I chatty  : uid=1000(system) ConnectivitySer expire 10 lines
01-29 00:19:48.676  1679  2305 D PowerUI : can't show warning due to - plugged: true status unknown: false
01-29 00:20:39.623  1380  1410 I chatty  : uid=1000(system) ActivityManager expire 10 lines
01-29 00:20:39.753  1380  2608 I chatty  : uid=1000(system) Binder:1380_B expire 1 line
01-29 00:20:39.780  1380  3212 I chatty  : uid=1000(system) Binder:1380_11 expire 10 lines
01-29 00:20:39.940  1380 10028 I chatty  : uid=1000(system) Binder:1380_1E expire 10 lines
01-29 00:20:40.121  1380 12142 I chatty  : uid=1000(system) Binder:1380_20 expire 4 lines
01-29 00:20:48.666  1679  2305 D PowerUI : can't show warning due to - plugged: true status unknown: false
01-29 00:20:51.116  1380  1397 I chatty  : uid=1000(system) Binder:1380_2 expire 10 lines
01-29 00:21:48.673  1679  2305 D PowerUI : can't show warning due to - plugged: true status unknown: false
01-29 00:21:56.346  1380  1408 I chatty  : uid=1000(system) android.bg expire 10 lines
01-29 00:22:48.669  1679  2305 D PowerUI : can't show warning due to - plugged: true status unknown: false
01-29 00:23:48.662  1679  2305 D PowerUI : can't show warning due to - plugged: true status unknown: false
01-29 00:24:48.673  1679  2305 D PowerUI : can't show warning due to - plugged: true status unknown: false
01-29 00:25:48.671  1679  2305 D PowerUI : can't show warning due to - plugged: true status unknown: false
01-29 00:26:48.665  1679  2305 D PowerUI : can't show warning due to - plugged: true status unknown: false
01-29 00:27:11.959  1380  3215 I chatty  : uid=1000(system) Binder:1380_12 expire 4 lines
01-29 00:28:48.668  1679  2305 D PowerUI : can't show warning due to - plugged: true status unknown: false
01-29 00:29:48.668  1679  2305 D PowerUI : can't show warning due to - plugged: true status unknown: false
01-29 00:30:12.094  1380  5403 I chatty  : uid=1000(system) Binder:1380_14 expire 1 line
01-29 00:30:48.673  1679  2305 D PowerUI : can't show warning due to - plugged: true status unknown: false
01-29 00:32:48.671  1679  2305 D PowerUI : can't show warning due to - plugged: true status unknown: false
01-29 00:33:48.660  1679  2305 D PowerUI : can't show warning due to - plugged: true status unknown: false
01-29 00:34:48.670  1679  2305 D PowerUI : can't show warning due to - plugged: true status unknown: false
01-29 00:35:48.673  1679  2305 D PowerUI : can't show warning due to - plugged: true status unknown: false
01-29 00:36:17.254  1380  5464 I chatty  : uid=1000(system) Binder:1380_15 expire 1 line
01-29 00:36:48.675  1679  2305 D PowerUI : can't show warning due to - plugged: true status unknown: false
01-29 00:37:48.670  1679  2305 D PowerUI : can't show warning due to - plugged: true status unknown: false
01-29 00:39:16.329  1380  3209 I chatty  : uid=1000(system) Binder:1380_F expire 10 lines
01-29 00:39:48.669  1679  2305 D PowerUI : can't show warning due to - plugged: true status unknown: false
01-29 00:40:09.283  1679  2305 D PowerUI : can't show warning due to - plugged: true status unknown: false
01-29 00:41:48.671  1679  2305 D PowerUI : can't show warning due to - plugged: true status unknown: false
01-29 00:42:27.132  1380  3180 I chatty  : uid=1000(system) Binder:1380_D expire 4 lines
01-29 00:42:48.664  1679  2305 D PowerUI : can't show warning due to - plugged: true status unknown: false
01-29 00:43:37.102  1380 10872 I chatty  : uid=1000(system) Binder:1380_1F expire 11 lines
01-29 00:43:37.133  1380  1591 I chatty  : uid=1000(system) Binder:1380_3 expire 9 lines
01-29 00:43:48.676  1679  2305 D PowerUI : can't show warning due to - plugged: true status unknown: false
01-29 00:44:48.663  1679  2305 D PowerUI : can't show warning due to - plugged: true status unknown: false
01-29 00:45:31.107  1380  1409 I chatty  : uid=1000(system) ActivityManager expire 10 lines
01-29 00:45:38.996  1380  5377 I chatty  : uid=1000(system) Binder:1380_13 expire 4 lines
01-29 00:45:48.670  1679  2305 D PowerUI : can't show warning due to - plugged: true status unknown: false
01-29 00:46:48.662  1679  2305 D PowerUI : can't show warning due to - plugged: true status unknown: false
01-29 00:47:48.667  1679  2305 D PowerUI : can't show warning due to - plugged: true status unknown: false
01-29 00:48:37.526  1380 10872 I chatty  : uid=1000(system) Binder:1380_1F expire 4 lines
01-29 00:48:48.674  1679  2305 D PowerUI : can't show warning due to - plugged: true status unknown: false
01-29 00:49:48.674  1679  2305 D PowerUI : can't show warning due to - plugged: true status unknown: false
01-29 00:51:48.675  1679  2305 D PowerUI : can't show warning due to - plugged: true status unknown: false
01-29 00:52:48.671  1679  2305 D PowerUI : can't show warning due to - plugged: true status unknown: false
01-29 00:53:48.673  1679  2305 D PowerUI : can't show warning due to - plugged: true status unknown: false
01-29 00:54:47.297  1380  1852 I chatty  : uid=1000(system) Binder:1380_6 expire 3 lines
01-29 00:54:48.666  1679  2305 D PowerUI : can't show warning due to - plugged: true status unknown: false
01-29 00:55:48.673  1679  2305 D PowerUI : can't show warning due to - plugged: true status unknown: false
01-29 00:56:21.352  1380  1409 I chatty  : uid=1000(system) ActivityManager expire 15 lines
01-29 00:56:48.671  1679  2305 D PowerUI : can't show warning due to - plugged: true status unknown: false
01-29 00:57:48.672  1679  2305 D PowerUI : can't show warning due to - plugged: true status unknown: false
01-29 00:59:48.669  1679  2305 D PowerUI : can't show warning due to - plugged: true status unknown: false
01-29 01:00:48.662  1679  2305 D PowerUI : can't show warning due to - plugged: true status unknown: false
01-29 01:01:48.668  1679  2305 D PowerUI : can't show warning due to - plugged: true status unknown: false
01-29 01:02:48.671  1679  2305 D PowerUI : can't show warning due to - plugged: true status unknown: false
01-29 01:03:48.672  1679  2305 D PowerUI : can't show warning due to - plugged: true status unknown: false
01-29 01:04:48.674  1679  2305 D PowerUI : can't show warning due to - plugged: true status unknown: false
01-29 01:05:48.660  1679  2305 D PowerUI : can't show warning due to - plugged: true status unknown: false
01-29 01:06:48.662  1679  2305 D PowerUI : can't show warning due to - plugged: true status unknown: false
01-29 01:07:48.667  1679  2305 D PowerUI : can't show warning due to - plugged: true status unknown: false
01-29 01:08:48.675  1679  2305 D PowerUI : can't show warning due to - plugged: true status unknown: false
01-29 01:10:03.673  1380  2604 I chatty  : uid=1000(system) Binder:1380_A expire 8 lines
01-29 01:10:48.660  1679  2305 D PowerUI : can't show warning due to - plugged: true status unknown: false
01-29 01:11:48.672  1679  2305 D PowerUI : can't show warning due to - plugged: true status unknown: false
01-29 01:12:48.670  1679  2305 D PowerUI : can't show warning due to - plugged: true status unknown: false
01-29 01:13:09.886  1380  2072 I chatty  : uid=1000(system) Binder:1380_7 expire 1 line
01-29 01:14:48.664  1679  2305 D PowerUI : can't show warning due to - plugged: true status unknown: false
01-29 01:16:48.676  1679  2305 D PowerUI : can't show warning due to - plugged: true status unknown: false
01-29 01:17:48.672  1679  2305 D PowerUI : can't show warning due to - plugged: true status unknown: false
01-29 01:18:48.677  1679  2305 D PowerUI : can't show warning due to - plugged: true status unknown: false
01-29 01:19:09.620  1380  1410 I chatty  : uid=1000(system) ActivityManager expire 11 lines
01-29 01:19:36.163  1380  2104 I chatty  : uid=1000(system) Binder:1380_9 expire 6 lines
01-29 01:19:48.665  1679  2305 D PowerUI : can't show warning due to - plugged: true status unknown: false
01-29 01:20:44.970  1380  1409 I chatty  : uid=1000(system) ActivityManager expire 10 lines
01-29 01:21:00.604  1380  1600 I chatty  : uid=1000(system) ConnectivitySer expire 12 lines
01-29 01:21:48.670  1679  2305 D PowerUI : can't show warning due to - plugged: true status unknown: false
01-29 01:22:48.667  1679  2305 D PowerUI : can't show warning due to - plugged: true status unknown: false
01-29 01:23:48.678  1679  2305 D PowerUI : can't show warning due to - plugged: true status unknown: false
01-29 01:24:48.676  1679  2305 D PowerUI : can't show warning due to - plugged: true status unknown: false
01-29 01:25:48.667  1679  2305 D PowerUI : can't show warning due to - plugged: true status unknown: false
01-29 01:26:48.670  1679  2305 D PowerUI : can't show warning due to - plugged: true status unknown: false
01-29 01:27:48.675  1679  2305 D PowerUI : can't show warning due to - plugged: true status unknown: false
01-29 01:28:48.673  1679  2305 D PowerUI : can't show warning due to - plugged: true status unknown: false
01-29 01:31:48.672  1679  2305 D PowerUI : can't show warning due to - plugged: true status unknown: false
01-29 01:32:48.664  1679  2305 D PowerUI : can't show warning due to - plugged: true status unknown: false
01-29 01:33:48.661  1679  2305 D PowerUI : can't show warning due to - plugged: true status unknown: false
01-29 01:34:48.672  1679  2305 D PowerUI : can't show warning due to - plugged: true status unknown: false
01-29 01:35:48.668  1679  2305 D PowerUI : can't show warning due to - plugged: true status unknown: false
01-29 01:36:48.675  1679  2305 D PowerUI : can't show warning due to - plugged: true status unknown: false
01-29 01:38:48.675  1679  2305 D PowerUI : can't show warning due to - plugged: true status unknown: false
01-29 01:41:48.674  1679  2305 D PowerUI : can't show warning due to - plugged: true status unknown: false
01-29 01:42:48.669  1679  2305 D PowerUI : can't show warning due to - plugged: true status unknown: false
01-29 01:43:48.678  1679  2305 D PowerUI : can't show warning due to - plugged: true status unknown: false
01-29 01:44:48.663  1679  2305 D PowerUI : can't show warning due to - plugged: true status unknown: false
01-29 01:45:48.665  1679  2305 D PowerUI : can't show warning due to - plugged: true status unknown: false
01-29 01:46:48.676  1679  2305 D PowerUI : can't show warning due to - plugged: true status unknown: false
01-29 01:47:44.332  1380  1409 I chatty  : uid=1000(system) ActivityManager expire 10 lines
01-29 01:47:55.315  1380  3212 I chatty  : uid=1000(system) Binder:1380_11 expire 4 lines
01-29 01:49:48.682  1679  2305 D PowerUI : can't show warning due to - plugged: true status unknown: false
01-29 01:50:48.676  1679  2305 D PowerUI : can't show warning due to - plugged: true status unknown: false
01-29 01:51:14.045  1380  1380 I chatty  : uid=1000 system_server expire 1 line
01-29 01:51:34.097  1380  1832 I chatty  : uid=1000(system) Binder:1380_5 expire 1 line
01-29 01:52:48.675  1679  2305 D PowerUI : can't show warning due to - plugged: true status unknown: false
01-29 01:53:09.461  1380  5593 I chatty  : uid=1000(system) Binder:1380_17 expire 3 lines
01-29 01:53:48.672  1679  2305 D PowerUI : can't show warning due to - plugged: true status unknown: false
01-29 01:54:48.671  1679  2305 D PowerUI : can't show warning due to - plugged: true status unknown: false
01-29 01:56:48.667  1679  2305 D PowerUI : can't show warning due to - plugged: true status unknown: false
01-29 01:57:48.677  1679  2305 D PowerUI : can't show warning due to - plugged: true status unknown: false
01-29 01:58:39.113  1380  1409 I chatty  : uid=1000(system) ActivityManager expire 10 lines
01-29 01:58:48.683  1679  2305 D PowerUI : can't show warning due to - plugged: true status unknown: false
01-29 02:00:54.609  1380  5547 I chatty  : uid=1000(system) Binder:1380_16 expire 1 line
01-29 02:01:48.667  1679  2305 D PowerUI : can't show warning due to - plugged: true status unknown: false
01-29 02:02:48.670  1679  2305 D PowerUI : can't show warning due to - plugged: true status unknown: false
01-29 02:03:48.678  1679  2305 D PowerUI : can't show warning due to - plugged: true status unknown: false
01-29 02:04:48.670  1679  2305 D PowerUI : can't show warning due to - plugged: true status unknown: false
01-29 02:05:43.980  1380  1410 I chatty  : uid=1000(system) ActivityManager expire 3 lines
01-29 02:05:44.365  1380  1600 I chatty  : uid=1000(system) ConnectivitySer expire 1 line
01-29 02:05:48.679  1679  2305 D PowerUI : can't show warning due to - plugged: true status unknown: false
01-29 02:06:48.670  1679  2305 D PowerUI : can't show warning due to - plugged: true status unknown: false
01-29 02:08:48.677  1679  2305 D PowerUI : can't show warning due to - plugged: true status unknown: false
01-29 02:09:04.096  1380  1397 I chatty  : uid=1000(system) Binder:1380_2 expire 1 line
01-29 02:09:48.672  1679  2305 D PowerUI : can't show warning due to - plugged: true status unknown: false
01-29 02:11:35.358  1380 10028 I chatty  : uid=1000(system) Binder:1380_1E expire 1 line
01-29 02:11:48.666  1679  2305 D PowerUI : can't show warning due to - plugged: true status unknown: false
01-29 02:12:48.673  1679  2305 D PowerUI : can't show warning due to - plugged: true status unknown: false
01-29 02:13:48.668  1679  2305 D PowerUI : can't show warning due to - plugged: true status unknown: false
01-29 02:14:45.117  1380  7368 I chatty  : uid=1000(system) Binder:1380_1A expire 5 lines
01-29 02:14:48.674  1679  2305 D PowerUI : can't show warning due to - plugged: true status unknown: false
01-29 02:15:48.672  1679  2305 D PowerUI : can't show warning due to - plugged: true status unknown: false
01-29 02:16:34.157  1380  1591 I chatty  : uid=1000(system) Binder:1380_3 expire 7 lines
01-29 02:16:48.674  1679  2305 D PowerUI : can't show warning due to - plugged: true status unknown: false
01-29 02:17:06.234  1380  1408 I chatty  : uid=1000(system) android.bg expire 7 lines
01-29 02:17:39.231  1380  1409 I chatty  : uid=1000(system) ActivityManager expire 11 lines
01-29 02:17:48.674  1679  2305 D PowerUI : can't show warning due to - plugged: true status unknown: false
01-29 02:17:55.172  1380 12142 I chatty  : uid=1000(system) Binder:1380_20 expire 10 lines
01-29 02:19:14.211  1380  1600 I chatty  : uid=1000(system) ConnectivitySer expire 13 lines
01-29 02:19:14.240  1380  1410 I chatty  : uid=1000(system) ActivityManager expire 17 lines
01-29 02:19:48.678  1679  2305 D PowerUI : can't show warning due to - plugged: true status unknown: false
01-29 02:20:07.196  1380  5593 I chatty  : uid=1000(system) Binder:1380_17 expire 9 lines
01-29 02:20:55.499  1380  1731 I chatty  : uid=1000(system) Binder:1380_4 expire 10 lines
01-29 02:21:25.010  1380  6751 I chatty  : uid=1000(system) Binder:1380_18 expire 6 lines
01-29 02:21:48.679  1679  2305 D PowerUI : can't show warning due to - plugged: true status unknown: false
01-29 02:22:48.674  1679  2305 D PowerUI : can't show warning due to - plugged: true status unknown: false
01-29 02:23:48.672  1679  2305 D PowerUI : can't show warning due to - plugged: true status unknown: false
01-29 02:24:05.279  1380  2604 I chatty  : uid=1000(system) Binder:1380_A expire 1 line
01-29 02:24:48.671  1679  2305 D PowerUI : can't show warning due to - plugged: true status unknown: false
01-29 02:25:48.668  1679  2305 D PowerUI : can't show warning due to - plugged: true status unknown: false
01-29 02:25:49.196  1380  1409 I chatty  : uid=1000(system) ActivityManager expire 15 lines
01-29 02:26:48.672  1679  2305 D PowerUI : can't show warning due to - plugged: true status unknown: false
01-29 02:27:48.665  1679  2305 D PowerUI : can't show warning due to - plugged: true status unknown: false
01-29 02:28:48.662  1679  2305 D PowerUI : can't show warning due to - plugged: true status unknown: false
01-29 02:28:59.119  1380  1402 I chatty  : uid=1000(system) android.io expire 2 lines
01-29 02:29:48.679  1679  2305 D PowerUI : can't show warning due to - plugged: true status unknown: false
01-29 02:32:48.676  1679  2305 D PowerUI : can't show warning due to - plugged: true status unknown: false
01-29 02:33:15.145  1380  2102 I chatty  : uid=1000(system) Binder:1380_8 expire 4 lines
01-29 02:34:48.673  1679  2305 D PowerUI : can't show warning due to - plugged: true status unknown: false
01-29 02:35:48.667  1679  2305 D PowerUI : can't show warning due to - plugged: true status unknown: false
01-29 02:37:48.671  1679  2305 D PowerUI : can't show warning due to - plugged: true status unknown: false
01-29 02:38:48.671  1679  2305 D PowerUI : can't show warning due to - plugged: true status unknown: false
01-29 02:39:48.675  1679  2305 D PowerUI : can't show warning due to - plugged: true status unknown: false
01-29 02:40:48.669  1679  2305 D PowerUI : can't show warning due to - plugged: true status unknown: false
01-29 02:44:35.939  1380  1397 I chatty  : uid=1000(system) Binder:1380_2 expire 7 lines
01-29 02:44:35.986  1380  3209 I chatty  : uid=1000(system) Binder:1380_F expire 2 lines
01-29 02:44:36.575  1380  3206 I chatty  : uid=1000(system) Binder:1380_E expire 4 lines
01-29 02:44:48.666  1679  2305 D PowerUI : can't show warning due to - plugged: true status unknown: false
01-29 02:45:48.668  1679  2305 D PowerUI : can't show warning due to - plugged: true status unknown: false
01-29 02:48:40.344  1380  5403 I chatty  : uid=1000(system) Binder:1380_14 expire 7 lines
01-29 02:49:48.661  1679  2305 D PowerUI : can't show warning due to - plugged: true status unknown: false
01-29 02:50:14.442  1380  1409 I chatty  : uid=1000(system) ActivityManager expire 10 lines
01-29 02:50:48.680  1679  2305 D PowerUI : can't show warning due to - plugged: true status unknown: false
01-29 02:51:44.127  1380  2104 I chatty  : uid=1000(system) Binder:1380_9 expire 1 line
01-29 02:51:48.674  1679  2305 D PowerUI : can't show warning due to - plugged: true status unknown: false
01-29 02:53:48.672  1679  2305 D PowerUI : can't show warning due to - plugged: true status unknown: false
01-29 02:54:48.680  1679  2305 D PowerUI : can't show warning due to - plugged: true status unknown: false
01-29 02:56:48.674  1679  2305 D PowerUI : can't show warning due to - plugged: true status unknown: false
01-29 02:57:48.670  1679  2305 D PowerUI : can't show warning due to - plugged: true status unknown: false
01-29 02:57:50.349  1380  9934 I chatty  : uid=1000(system) Binder:1380_1D expire 1 line
01-29 03:00:48.671  1679  2305 D PowerUI : can't show warning due to - plugged: true status unknown: false
01-29 03:00:55.284  1380  3180 I chatty  : uid=1000(system) Binder:1380_D expire 3 lines
01-29 03:01:48.678  1679  2305 D PowerUI : can't show warning due to - plugged: true status unknown: false
01-29 03:01:57.035  1380  1380 I chatty  : uid=1000 system_server expire 4 lines
01-29 03:01:57.086  1380  3147 I chatty  : uid=1000(system) backup-0 expire 2 lines
01-29 03:01:57.088  1380 19357 I chatty  : uid=1000 system_server expire 67 lines
01-29 03:01:59.245  1380 10028 I chatty  : uid=1000(system) Binder:1380_1E expire 3 lines
01-29 03:01:59.685  1380  8006 I chatty  : uid=1000(system) Binder:1380_1C expire 5 lines
01-29 03:02:07.998  1380  2611 I chatty  : uid=1000(system) Binder:1380_C expire 1 line
01-29 03:02:09.331  1380  6998 I chatty  : uid=1000(system) Binder:1380_19 expire 1 line
01-29 03:02:48.672  1679  2305 D PowerUI : can't show warning due to - plugged: true status unknown: false
