01-29 11:02:16.343   927  2714 I WifiHAL : event received NL80211_CMD_VENDOR, vendor_id = 0x1374, subcmd = 0xd
01-29 11:02:20.347   927  2714 I WifiHAL : event received NL80211_CMD_VENDOR, vendor_id = 0x1374, subcmd = 0xd
01-29 11:02:21.021   896   896 V ContextHubHal: sendMessageToHub
01-29 11:02:21.036  1380  3215 W AppOps  : Noting op not finished: uid 10148 pkg com.google.android.gms code 79 time=1580313725011 duration=0
01-29 11:02:21.041  1380  1396 W AppOps  : Noting op not finished: uid 10148 pkg com.google.android.gms code 79 time=1580313741036 duration=0
01-29 11:02:22.350   927  2714 I WifiHAL : event received NL80211_CMD_VENDOR, vendor_id = 0x1374, subcmd = 0xd
01-29 11:02:24.353   927  2714 I WifiHAL : event received NL80211_CMD_VENDOR, vendor_id = 0x1374, subcmd = 0xd
01-29 11:02:24.696  2366  7157 I NearbyDiscovery: loadFastPairModule: checkFeaturesAreAvailable:0 [CONTEXT service_id=49 ]
01-29 11:02:24.697  2366  7157 I NearbyDiscovery: loadFastPairModule: FastPair module is downloaded. [CONTEXT service_id=49 ]
01-29 11:02:26.358   927  2714 I WifiHAL : event received NL80211_CMD_VENDOR, vendor_id = 0x1374, subcmd = 0xd
01-29 11:02:26.369  2366  6850 I GCoreUlr: Successfully inserted 1 locations
01-29 11:02:27.975   842  1720 I netd    : trafficSwapActiveStatsMap() <1.04ms>
01-29 11:02:27.982   842  1720 I netd    : tetherGetStats() <4.10ms>
01-29 11:02:28.018   842  1720 I netd    : bandwidthSetGlobalAlert(2097152) <0.62ms>
01-29 11:02:28.357   927  2714 I WifiHAL : event received NL80211_CMD_VENDOR, vendor_id = 0x1374, subcmd = 0xd
01-29 11:02:34.365   927  2714 I WifiHAL : event received NL80211_CMD_VENDOR, vendor_id = 0x1374, subcmd = 0xd
01-29 11:02:35.015   896   896 V ContextHubHal: sendMessageToHub
01-29 11:02:35.019  1380  2604 I chatty  : uid=1000(system) Binder:1380_A expire 10 lines
01-29 11:02:35.038  1380  1396 W AppOps  : Noting op not finished: uid 10148 pkg com.google.android.gms code 79 time=1580313741041 duration=0
01-29 11:02:35.042  1380  1396 W AppOps  : Noting op not finished: uid 10148 pkg com.google.android.gms code 79 time=1580313755038 duration=0
01-29 11:02:36.365   927  2714 I WifiHAL : event received NL80211_CMD_VENDOR, vendor_id = 0x1374, subcmd = 0xd
01-29 11:02:40.371   927  2714 I chatty  : uid=1010 wifi_ext@1.0-se identical 12 lines
01-29 11:02:42.372   927  2714 I WifiHAL : event received NL80211_CMD_VENDOR, vendor_id = 0x1374, subcmd = 0xd
01-29 11:02:44.377   927  2714 I WifiHAL : event received NL80211_CMD_VENDOR, vendor_id = 0x1374, subcmd = 0xd
01-29 11:02:45.283   842  1720 I netd    : firewallSetUidRule(2, 10130, 2) <0.10ms>
01-29 11:02:46.376   927  2714 I WifiHAL : event received NL80211_CMD_VENDOR, vendor_id = 0x1374, subcmd = 0xd
01-29 11:02:46.422  2366  6850 I GCoreUlr: Successfully inserted 1 locations
01-29 11:02:48.380   927  2714 I WifiHAL : event received NL80211_CMD_VENDOR, vendor_id = 0x1374, subcmd = 0xd
01-29 11:02:50.381   927  2714 I WifiHAL : event received NL80211_CMD_VENDOR, vendor_id = 0x1374, subcmd = 0xd
01-29 11:02:51.050   896   896 V ContextHubHal: sendMessageToHub
01-29 11:02:51.052   916   982 I chatty  : uid=1000(system) sensors@1.0-ser expire 10 lines
01-29 11:02:51.072  1380  3215 W AppOps  : Noting op not finished: uid 10148 pkg com.google.android.gms code 79 time=1580313755042 duration=0
01-29 11:02:51.079  1380  3215 W AppOps  : Noting op not finished: uid 10148 pkg com.google.android.gms code 79 time=1580313771072 duration=0
01-29 11:02:52.383   927  2714 I WifiHAL : event received NL80211_CMD_VENDOR, vendor_id = 0x1374, subcmd = 0xd
01-29 11:02:54.387   927  2714 I WifiHAL : event received NL80211_CMD_VENDOR, vendor_id = 0x1374, subcmd = 0xd
01-29 11:02:56.388   927  2714 I WifiHAL : event received NL80211_CMD_VENDOR, vendor_id = 0x1374, subcmd = 0xd
01-29 11:03:02.393   927  2714 I WifiHAL : event received NL80211_CMD_VENDOR, vendor_id = 0x1374, subcmd = 0xd
01-29 11:03:04.398   927  2714 I WifiHAL : event received NL80211_CMD_VENDOR, vendor_id = 0x1374, subcmd = 0xd
01-29 11:03:05.050   896   896 V ContextHubHal: sendMessageToHub
01-29 11:03:05.075  1380  3215 W AppOps  : Noting op not finished: uid 10148 pkg com.google.android.gms code 79 time=1580313771079 duration=0
01-29 11:03:05.083  1380  1396 W AppOps  : Noting op not finished: uid 10148 pkg com.google.android.gms code 79 time=1580313785076 duration=0
01-29 11:03:06.397   927  2714 I WifiHAL : event received NL80211_CMD_VENDOR, vendor_id = 0x1374, subcmd = 0xd
01-29 11:03:06.422  2366  6850 I GCoreUlr: Successfully inserted 1 locations
01-29 11:03:07.218   901   901 I /vendor/bin/hw/android.hardware.health@2.0-service.crosshatch: Entry state_: 1 charger_status: Charging batteryLevel: 100
01-29 11:03:07.218   901   901 I /vendor/bin/hw/android.hardware.health@2.0-service.crosshatch: Exit state_: 1 batteryLevel: 100
01-29 11:03:07.235  1679  2305 D PowerUI : can't show warning due to - plugged: true status unknown: false
01-29 11:03:08.400   927  2714 I WifiHAL : event received NL80211_CMD_VENDOR, vendor_id = 0x1374, subcmd = 0xd
01-29 11:03:12.405   927  2714 I WifiHAL : event received NL80211_CMD_VENDOR, vendor_id = 0x1374, subcmd = 0xd
01-29 11:03:14.410   927  2714 I WifiHAL : event received NL80211_CMD_VENDOR, vendor_id = 0x1374, subcmd = 0xd
01-29 11:03:14.535   916   982 I chatty  : uid=1000(system) sensors@1.0-ser expire 11 lines
01-29 11:03:16.410   927  2714 I WifiHAL : event received NL80211_CMD_VENDOR, vendor_id = 0x1374, subcmd = 0xd
01-29 11:03:20.416   927  2714 I WifiHAL : event received NL80211_CMD_VENDOR, vendor_id = 0x1374, subcmd = 0xd
01-29 11:03:21.092   896   896 V ContextHubHal: sendMessageToHub
01-29 11:03:21.111  1380  3209 W AppOps  : Noting op not finished: uid 10148 pkg com.google.android.gms code 79 time=1580313785083 duration=0
01-29 11:03:21.116  1380 10872 W AppOps  : Noting op not finished: uid 10148 pkg com.google.android.gms code 79 time=1580313801111 duration=0
01-29 11:03:21.131  2366  7157 I GCoreUlr: DispatchingService.updateActiveState+PowerModeReceiver: Ensuring that reporting is active for [account#-3#]
01-29 11:03:21.131  2366  6850 I GCoreUlr: Successfully accounts update
01-29 11:03:21.138  2366  7157 I GCoreUlr: GMS FLP location updates requested: {"description":"stationary","newRequest":true,"samplePeriodMs":2160000,"sampleReason":"stationary","sampleSource":"internal","timestampMs":1580313801128}
01-29 11:03:21.141  2366  7157 I GCoreUlr: Step counts collector feature is not enabled!
01-29 11:03:21.158  2366  7157 I GCoreUlr: Successfully inserted 1 locations
01-29 11:03:22.417   927  2714 I WifiHAL : event received NL80211_CMD_VENDOR, vendor_id = 0x1374, subcmd = 0xd
01-29 11:03:23.879  1380  1400 I chatty  : uid=1000(system) android.fg expire 12 lines
01-29 11:03:24.421   927  2714 I WifiHAL : event received NL80211_CMD_VENDOR, vendor_id = 0x1374, subcmd = 0xd
01-29 11:03:26.342  2366  4820 I Places  : Converted 0 out of 2 WiFi scans
01-29 11:03:26.349  1380  1396 W AppOps  : Noting op not finished: uid 10148 pkg com.google.android.gms code 79 time=1580313801117 duration=0
01-29 11:03:26.405  2366  7157 I NearbyDiscovery: loadFastPairModule: checkFeaturesAreAvailable:0 [CONTEXT service_id=49 ]
01-29 11:03:26.405  2366  7157 I NearbyDiscovery: loadFastPairModule: FastPair module is downloaded. [CONTEXT service_id=49 ]
01-29 11:03:26.421   927  2714 I WifiHAL : event received NL80211_CMD_VENDOR, vendor_id = 0x1374, subcmd = 0xd
01-29 11:03:26.432  2366  2380 I .gms.persisten: Background concurrent copying GC freed 224907(9816KB) AllocSpace objects, 10(424KB) LOS objects, 49% free, 11MB/22MB, paused 60us total 117.593ms
01-29 11:03:28.428   927  2714 I WifiHAL : event received NL80211_CMD_VENDOR, vendor_id = 0x1374, subcmd = 0xd
01-29 11:03:32.431   927  2714 I WifiHAL : event received NL80211_CMD_VENDOR, vendor_id = 0x1374, subcmd = 0xd
01-29 11:03:34.434   927  2714 I WifiHAL : event received NL80211_CMD_VENDOR, vendor_id = 0x1374, subcmd = 0xd
01-29 11:03:35.084  1380  7368 I chatty  : uid=1000(system) Binder:1380_1A expire 7 lines
01-29 11:03:36.299  2366  6850 I GCoreUlr: Successfully inserted 1 locations
01-29 11:03:36.433   927  2714 I WifiHAL : event received NL80211_CMD_VENDOR, vendor_id = 0x1374, subcmd = 0xd
01-29 11:03:40.438   927  2714 I WifiHAL : event received NL80211_CMD_VENDOR, vendor_id = 0x1374, subcmd = 0xd
01-29 11:03:42.176  2983 29144 I CarrierServices: [757] byp.g: Resetting keep-alive timer. Next ping in 216s on i/f = wlan0
01-29 11:03:42.439   927  2714 I WifiHAL : event received NL80211_CMD_VENDOR, vendor_id = 0x1374, subcmd = 0xd
01-29 11:03:44.441   927  2714 I WifiHAL : event received NL80211_CMD_VENDOR, vendor_id = 0x1374, subcmd = 0xd
01-29 11:03:46.443   927  2714 I WifiHAL : event received NL80211_CMD_VENDOR, vendor_id = 0x1374, subcmd = 0xd
01-29 11:03:48.194  5485  5533 I chatty  : uid=10124(com.android.vending) expire 3 lines
01-29 11:03:48.447   927  2714 I WifiHAL : event received NL80211_CMD_VENDOR, vendor_id = 0x1374, subcmd = 0xd
01-29 11:03:52.452   927  2714 I WifiHAL : event received NL80211_CMD_VENDOR, vendor_id = 0x1374, subcmd = 0xd
01-29 11:03:54.452   927  2714 I WifiHAL : event received NL80211_CMD_VENDOR, vendor_id = 0x1374, subcmd = 0xd
01-29 11:03:55.118  1380  3215 I chatty  : uid=1000(system) Binder:1380_12 expire 4 lines
01-29 11:03:56.384  2366  7157 I GCoreUlr: Successfully inserted 1 locations
01-29 11:03:56.454   927  2714 I WifiHAL : event received NL80211_CMD_VENDOR, vendor_id = 0x1374, subcmd = 0xd
01-29 11:04:02.461   927  2714 I WifiHAL : event received NL80211_CMD_VENDOR, vendor_id = 0x1374, subcmd = 0xd
01-29 11:04:04.111  1823  1841 W rkstack.proces: Reducing the number of considered missed Gc histogram windows from 169 to 100
01-29 11:04:04.462   927  2714 I WifiHAL : event received NL80211_CMD_VENDOR, vendor_id = 0x1374, subcmd = 0xd
01-29 11:04:05.115   896   896 V ContextHubHal: sendMessageToHub
01-29 11:04:05.117   916   982 I chatty  : uid=1000(system) sensors@1.0-ser expire 15 lines
01-29 11:04:06.464   927  2714 I WifiHAL : event received NL80211_CMD_VENDOR, vendor_id = 0x1374, subcmd = 0xd
01-29 11:04:07.218   901   901 I /vendor/bin/hw/android.hardware.health@2.0-service.crosshatch: Entry state_: 1 charger_status: Charging batteryLevel: 100
01-29 11:04:07.218   901   901 I /vendor/bin/hw/android.hardware.health@2.0-service.crosshatch: Exit state_: 1 batteryLevel: 100
01-29 11:04:07.237  1679  2305 D PowerUI : can't show warning due to - plugged: true status unknown: false
01-29 11:04:08.468   927  2714 I WifiHAL : event received NL80211_CMD_VENDOR, vendor_id = 0x1374, subcmd = 0xd
01-29 11:04:12.471   927  2714 I WifiHAL : event received NL80211_CMD_VENDOR, vendor_id = 0x1374, subcmd = 0xd
01-29 11:04:13.637   842  1720 I netd    : trafficSwapActiveStatsMap() <0.90ms>
01-29 11:04:13.645   842  1720 I netd    : tetherGetStats() <4.56ms>
01-29 11:04:13.673   842  1720 I netd    : bandwidthSetGlobalAlert(2097152) <0.52ms>
01-29 11:04:14.473   927  2714 I WifiHAL : event received NL80211_CMD_VENDOR, vendor_id = 0x1374, subcmd = 0xd
01-29 11:04:15.132  1380  3209 I chatty  : uid=1000(system) Binder:1380_F expire 6 lines
01-29 11:04:16.461  2366  7157 I GCoreUlr: Successfully inserted 1 locations
01-29 11:04:16.474   927  2714 I WifiHAL : event received NL80211_CMD_VENDOR, vendor_id = 0x1374, subcmd = 0xd
01-29 11:04:18.478   927  2714 I chatty  : uid=1010 wifi_ext@1.0-se identical 11 lines
01-29 11:04:20.479   927  2714 I WifiHAL : event received NL80211_CMD_VENDOR, vendor_id = 0x1374, subcmd = 0xd
01-29 11:04:21.870   916   988 I chatty  : uid=1000(system) HwBinder:916_1 expire 11 lines
01-29 11:04:21.886  1380  2604 W AppOps  : Noting op not finished: uid 10148 pkg com.google.android.gms code 79 time=1580313806349 duration=0
01-29 11:04:21.889  1380  2604 W AppOps  : Noting op not finished: uid 10148 pkg com.google.android.gms code 79 time=1580313861886 duration=0
01-29 11:04:22.482   927  2714 I WifiHAL : event received NL80211_CMD_VENDOR, vendor_id = 0x1374, subcmd = 0xd
01-29 11:04:24.482   927  2714 I WifiHAL : event received NL80211_CMD_VENDOR, vendor_id = 0x1374, subcmd = 0xd
01-29 11:04:26.484   927  2714 I WifiHAL : event received NL80211_CMD_VENDOR, vendor_id = 0x1374, subcmd = 0xd
01-29 11:04:27.563  2366  7157 I NearbyDiscovery: loadFastPairModule: checkFeaturesAreAvailable:0 [CONTEXT service_id=49 ]
01-29 11:04:27.563  2366  7157 I NearbyDiscovery: loadFastPairModule: FastPair module is downloaded. [CONTEXT service_id=49 ]
01-29 11:04:28.489   927  2714 I WifiHAL : event received NL80211_CMD_VENDOR, vendor_id = 0x1374, subcmd = 0xd
01-29 11:04:32.492   927  2714 I WifiHAL : event received NL80211_CMD_VENDOR, vendor_id = 0x1374, subcmd = 0xd
01-29 11:04:34.494   927  2714 I WifiHAL : event received NL80211_CMD_VENDOR, vendor_id = 0x1374, subcmd = 0xd
01-29 11:04:36.500   927  2714 I WifiHAL : event received NL80211_CMD_VENDOR, vendor_id = 0x1374, subcmd = 0xd
01-29 11:04:36.620  2366  6850 I GCoreUlr: Successfully inserted 1 locations
01-29 11:04:38.497   927  2714 I WifiHAL : event received NL80211_CMD_VENDOR, vendor_id = 0x1374, subcmd = 0xd
01-29 11:04:40.501   927  2714 I WifiHAL : event received NL80211_CMD_VENDOR, vendor_id = 0x1374, subcmd = 0xd
01-29 11:04:41.736  1679  1691 I ndroid.systemu: NativeAlloc concurrent copying GC freed 82867(2958KB) AllocSpace objects, 7(140KB) LOS objects, 49% free, 8071KB/15MB, paused 109us total 130.468ms
01-29 11:04:42.501   927  2714 I WifiHAL : event received NL80211_CMD_VENDOR, vendor_id = 0x1374, subcmd = 0xd
01-29 11:04:43.899  1380  1400 I chatty  : uid=1000(system) android.fg expire 10 lines
01-29 11:04:44.506   927  2714 I WifiHAL : event received NL80211_CMD_VENDOR, vendor_id = 0x1374, subcmd = 0xd
01-29 11:04:45.421  2366 32099 E WakeLock: GCM_HB_ALARM release without a matched acquire!
01-29 11:04:45.559   842  7362 E ResolverController: No valid NAT64 prefix (102, <unspecified>/0)
01-29 11:04:45.596  2366  7157 W Conscrypt: Could not set socket write timeout: java.net.SocketException: Socket closed
01-29 11:04:45.597  2366  7157 W Conscrypt: 	at com.google.android.gms.org.conscrypt.Platform.setSocketWriteTimeout(:com.google.android.gms@19831037@19.8.31 (120400-284611645):2)
01-29 11:04:45.597  2366  7157 W Conscrypt: 	at com.google.android.gms.org.conscrypt.ConscryptFileDescriptorSocket.setSoWriteTimeout(:com.google.android.gms@19831037@19.8.31 (120400-284611645):2)
01-29 11:04:45.692  2366  7157 W Conscrypt: Could not set socket write timeout: java.net.SocketException: Socket closed
01-29 11:04:45.692  2366  7157 W Conscrypt: 	at com.google.android.gms.org.conscrypt.Platform.setSocketWriteTimeout(:com.google.android.gms@19831037@19.8.31 (120400-284611645):2)
01-29 11:04:45.692  2366  7157 W Conscrypt: 	at com.google.android.gms.org.conscrypt.ConscryptFileDescriptorSocket.setSoWriteTimeout(:com.google.android.gms@19831037@19.8.31 (120400-284611645):2)
01-29 11:04:45.820  2366  2366 W ChimeraUtils: Non Chimera context
01-29 11:04:45.821  2366  2366 W ChimeraUtils: Non Chimera context
01-29 11:04:45.881  2366  7157 W Conscrypt: Could not set socket write timeout: java.net.SocketException: Socket closed
01-29 11:04:45.882  2366  7157 W Conscrypt: 	at com.google.android.gms.org.conscrypt.Platform.setSocketWriteTimeout(:com.google.android.gms@19831037@19.8.31 (120400-284611645):2)
01-29 11:04:45.882  2366  7157 W Conscrypt: 	at com.google.android.gms.org.conscrypt.ConscryptFileDescriptorSocket.setSoWriteTimeout(:com.google.android.gms@19831037@19.8.31 (120400-284611645):2)
01-29 11:04:45.934  2366  7157 W Conscrypt: Could not set socket write timeout: java.net.SocketException: Socket closed
01-29 11:04:45.934  2366  7157 W Conscrypt: 	at com.google.android.gms.org.conscrypt.Platform.setSocketWriteTimeout(:com.google.android.gms@19831037@19.8.31 (120400-284611645):2)
01-29 11:04:45.934  2366  7157 W Conscrypt: 	at com.google.android.gms.org.conscrypt.ConscryptFileDescriptorSocket.setSoWriteTimeout(:com.google.android.gms@19831037@19.8.31 (120400-284611645):2)
01-29 11:04:46.505   927  2714 I WifiHAL : event received NL80211_CMD_VENDOR, vendor_id = 0x1374, subcmd = 0xd
01-29 11:04:48.508   927  2714 I WifiHAL : event received NL80211_CMD_VENDOR, vendor_id = 0x1374, subcmd = 0xd
01-29 11:04:52.510   927  2714 I WifiHAL : event received NL80211_CMD_VENDOR, vendor_id = 0x1374, subcmd = 0xd
01-29 11:04:54.513   927  2714 I WifiHAL : event received NL80211_CMD_VENDOR, vendor_id = 0x1374, subcmd = 0xd
01-29 11:04:56.515   927  2714 I WifiHAL : event received NL80211_CMD_VENDOR, vendor_id = 0x1374, subcmd = 0xd
01-29 11:04:56.530  1380 10872 I chatty  : uid=1000(system) Binder:1380_1F expire 7 lines
01-29 11:04:56.611  2366  7057 I GCoreUlr: Successfully inserted 1 locations
01-29 11:04:58.517   927  2714 I WifiHAL : event received NL80211_CMD_VENDOR, vendor_id = 0x1374, subcmd = 0xd
01-29 11:05:02.522   927  2714 I WifiHAL : event received NL80211_CMD_VENDOR, vendor_id = 0x1374, subcmd = 0xd
01-29 11:05:04.525   927  2714 I WifiHAL : event received NL80211_CMD_VENDOR, vendor_id = 0x1374, subcmd = 0xd
01-29 11:05:06.527   927  2714 I WifiHAL : event received NL80211_CMD_VENDOR, vendor_id = 0x1374, subcmd = 0xd
01-29 11:05:07.219   901   901 I /vendor/bin/hw/android.hardware.health@2.0-service.crosshatch: Entry state_: 1 charger_status: Charging batteryLevel: 100
01-29 11:05:07.219   901   901 I /vendor/bin/hw/android.hardware.health@2.0-service.crosshatch: Exit state_: 1 batteryLevel: 100
01-29 11:05:07.236  1679  2305 D PowerUI : can't show warning due to - plugged: true status unknown: false
01-29 11:05:08.531   927  2714 I WifiHAL : event received NL80211_CMD_VENDOR, vendor_id = 0x1374, subcmd = 0xd
01-29 11:05:12.533   927  2714 I WifiHAL : event received NL80211_CMD_VENDOR, vendor_id = 0x1374, subcmd = 0xd
01-29 11:05:14.536   927  2714 I WifiHAL : event received NL80211_CMD_VENDOR, vendor_id = 0x1374, subcmd = 0xd
01-29 11:05:15.198  1380  1396 I chatty  : uid=1000(system) Binder:1380_1 expire 4 lines
01-29 11:05:16.538   927  2714 I WifiHAL : event received NL80211_CMD_VENDOR, vendor_id = 0x1374, subcmd = 0xd
01-29 11:05:16.548  2366  7057 I GCoreUlr: Successfully inserted 1 locations
01-29 11:05:18.540   927  2714 I WifiHAL : event received NL80211_CMD_VENDOR, vendor_id = 0x1374, subcmd = 0xd
01-29 11:05:22.544   927  2714 I WifiHAL : event received NL80211_CMD_VENDOR, vendor_id = 0x1374, subcmd = 0xd
01-29 11:05:24.545   927  2714 I WifiHAL : event received NL80211_CMD_VENDOR, vendor_id = 0x1374, subcmd = 0xd
01-29 11:05:25.206  1380  1731 I chatty  : uid=1000(system) Binder:1380_4 expire 4 lines
01-29 11:05:26.546   927  2714 I WifiHAL : event received NL80211_CMD_VENDOR, vendor_id = 0x1374, subcmd = 0xd
01-29 11:05:28.547   927  2714 I WifiHAL : event received NL80211_CMD_VENDOR, vendor_id = 0x1374, subcmd = 0xd
01-29 11:05:29.277  2366  7057 I NearbyDiscovery: loadFastPairModule: checkFeaturesAreAvailable:0 [CONTEXT service_id=49 ]
01-29 11:05:29.277  2366  7057 I NearbyDiscovery: loadFastPairModule: FastPair module is downloaded. [CONTEXT service_id=49 ]
01-29 11:05:30.551   927  2714 I WifiHAL : event received NL80211_CMD_VENDOR, vendor_id = 0x1374, subcmd = 0xd
01-29 11:05:32.551   927  2714 I WifiHAL : event received NL80211_CMD_VENDOR, vendor_id = 0x1374, subcmd = 0xd
01-29 11:05:34.556   927  2714 I WifiHAL : event received NL80211_CMD_VENDOR, vendor_id = 0x1374, subcmd = 0xd
01-29 11:05:36.426  2366  6850 I GCoreUlr: Successfully inserted 1 locations
01-29 11:05:36.554   927  2714 I WifiHAL : event received NL80211_CMD_VENDOR, vendor_id = 0x1374, subcmd = 0xd
01-29 11:05:42.561   927  2714 I WifiHAL : event received NL80211_CMD_VENDOR, vendor_id = 0x1374, subcmd = 0xd
01-29 11:05:44.562   927  2714 I WifiHAL : event received NL80211_CMD_VENDOR, vendor_id = 0x1374, subcmd = 0xd
01-29 11:05:46.564   927  2714 I WifiHAL : event received NL80211_CMD_VENDOR, vendor_id = 0x1374, subcmd = 0xd
01-29 11:05:52.570   927  2714 I WifiHAL : event received NL80211_CMD_VENDOR, vendor_id = 0x1374, subcmd = 0xd
01-29 11:05:54.574   927  2714 I WifiHAL : event received NL80211_CMD_VENDOR, vendor_id = 0x1374, subcmd = 0xd
01-29 11:05:56.502  2366  6850 I GCoreUlr: Successfully inserted 1 locations
01-29 11:05:56.574   927  2714 I WifiHAL : event received NL80211_CMD_VENDOR, vendor_id = 0x1374, subcmd = 0xd
01-29 11:05:58.576   927  2714 I WifiHAL : event received NL80211_CMD_VENDOR, vendor_id = 0x1374, subcmd = 0xd
01-29 11:05:59.874   842  1720 I netd    : trafficSwapActiveStatsMap() <1.03ms>
01-29 11:05:59.882   842  1720 I netd    : tetherGetStats() <4.36ms>
01-29 11:05:59.909   842  1720 I netd    : bandwidthSetGlobalAlert(2097152) <0.59ms>
01-29 11:06:00.583   927  2714 I WifiHAL : event received NL80211_CMD_VENDOR, vendor_id = 0x1374, subcmd = 0xd
01-29 11:06:02.585   927  2714 I WifiHAL : event received NL80211_CMD_VENDOR, vendor_id = 0x1374, subcmd = 0xd
01-29 11:06:03.920  1380  1400 I chatty  : uid=1000(system) android.fg expire 5 lines
01-29 11:06:04.582   927  2714 I WifiHAL : event received NL80211_CMD_VENDOR, vendor_id = 0x1374, subcmd = 0xd
01-29 11:06:06.205  2721  2721 I ConnectivityMonitorController: Alarm fired
01-29 11:06:06.275  2036  2914 I LocationAccessPolicy: com.google.android.apps.scone is aware of coarse but the app-ops permission is specifically denied.
01-29 11:06:06.280  2721  2721 I ConnectivityMonitorStateMachine: subId:1, Heart Beat
01-29 11:06:06.324  2036  2294 I LocationAccessPolicy: com.google.android.apps.scone is aware of coarse but the app-ops permission is specifically denied.
01-29 11:06:06.583   927  2714 I WifiHAL : event received NL80211_CMD_VENDOR, vendor_id = 0x1374, subcmd = 0xd
01-29 11:06:07.218   901   901 I /vendor/bin/hw/android.hardware.health@2.0-service.crosshatch: Entry state_: 1 charger_status: Charging batteryLevel: 100
01-29 11:06:07.218   901   901 I /vendor/bin/hw/android.hardware.health@2.0-service.crosshatch: Exit state_: 1 batteryLevel: 100
01-29 11:06:08.587   927  2714 I WifiHAL : event received NL80211_CMD_VENDOR, vendor_id = 0x1374, subcmd = 0xd
01-29 11:06:12.593   927  2714 I WifiHAL : event received NL80211_CMD_VENDOR, vendor_id = 0x1374, subcmd = 0xd
01-29 11:06:14.595   927  2714 I WifiHAL : event received NL80211_CMD_VENDOR, vendor_id = 0x1374, subcmd = 0xd
01-29 11:06:16.596   927  2714 I WifiHAL : event received NL80211_CMD_VENDOR, vendor_id = 0x1374, subcmd = 0xd
01-29 11:06:17.226   896   896 V ContextHubHal: sendMessageToHub
01-29 11:06:17.230   916   982 I chatty  : uid=1000(system) sensors@1.0-ser expire 5 lines
01-29 11:06:07.233  1679  2305 D PowerUI : can't show warning due to - plugged: true status unknown: false
01-29 11:06:17.255  1380  1396 W AppOps  : Noting op not finished: uid 10148 pkg com.google.android.gms code 79 time=1580313861889 duration=0
01-29 11:06:17.261  1380 10872 W AppOps  : Noting op not finished: uid 10148 pkg com.google.android.gms code 79 time=1580313977255 duration=0
01-29 11:06:17.269   916  7375 I chatty  : uid=1000(system) sensors@1.0-ser expire 1 line
01-29 11:06:17.274   916  7378 I chatty  : uid=1000(system) sensors@1.0-ser expire 1 line
01-29 11:06:17.277  2366  4058 W Looper  : Looper already prepared for this thread with a different value for the LOOPER_PREPARE_ALLOW_NON_CALLBACKS option.
01-29 11:06:17.278   916   916 I chatty  : uid=1000(system) sensors@1.0-ser expire 14 lines
01-29 11:06:17.280  1380  3215 W AppOps  : Noting op not finished: uid 10148 pkg com.google.android.gms code 79 time=1580313977261 duration=0
01-29 11:06:17.282  1380  3215 W AppOps  : Noting op not finished: uid 10148 pkg com.google.android.gms code 79 time=1580313977280 duration=0
01-29 11:06:17.289   916  7380 I chatty  : uid=1000(system) sensors@1.0-ser expire 1 line
01-29 11:06:17.289   916  7383 I chatty  : uid=1000(system) sensors@1.0-ser expire 1 line
01-29 11:06:17.292   916   916 I chatty  : uid=1000(system) sensors@1.0-ser expire 7 lines
01-29 11:06:17.295   916  7387 I chatty  : uid=1000(system) sensors@1.0-ser expire 1 line
01-29 11:06:17.347  2366  4058 W inertial-anchor: Signficant calibration change for SENSOR_TYPE_MAGNETOMETER_UT from CAL_SOURCE_UNCAL_SENSOR, delta=13.709, threshold=5
01-29 11:06:17.347  2366  4058 W inertial-anchor: Reinitializing due to significant calibration change
01-29 11:06:17.386   916  7390 I chatty  : uid=1000(system) sensors@1.0-ser expire 1 line
01-29 11:06:17.388   916   982 I chatty  : uid=1000(system) sensors@1.0-ser expire 10 lines
01-29 11:06:17.585  2366  4058 W inertial-anchor: Max norm deviation percent value of 0 is non-positive. Aborting anomalous mag measurement detection.
01-29 11:06:18.596   927  2714 I WifiHAL : event received NL80211_CMD_VENDOR, vendor_id = 0x1374, subcmd = 0xd
01-29 11:06:18.634  2366  7057 I GCoreUlr: Successfully inserted 1 locations
01-29 11:06:20.597   927  2714 I WifiHAL : event received NL80211_CMD_VENDOR, vendor_id = 0x1374, subcmd = 0xd
01-29 11:06:22.600   927  2714 I WifiHAL : event received NL80211_CMD_VENDOR, vendor_id = 0x1374, subcmd = 0xd
01-29 11:06:24.602   927  2714 I WifiHAL : event received NL80211_CMD_VENDOR, vendor_id = 0x1374, subcmd = 0xd
01-29 11:06:26.604   927  2714 I WifiHAL : event received NL80211_CMD_VENDOR, vendor_id = 0x1374, subcmd = 0xd
01-29 11:06:27.314  2633  7392 E WorkSourceUtil: Could not find package: com.google.android.gms.westworld
01-29 11:06:28.524  2366  4820 I Places  : Converted 0 out of 2 WiFi scans
01-29 11:06:28.531  1380  2604 W AppOps  : Noting op not finished: uid 10148 pkg com.google.android.gms code 79 time=1580313977282 duration=0
01-29 11:06:28.605   927  2714 I WifiHAL : event received NL80211_CMD_VENDOR, vendor_id = 0x1374, subcmd = 0xd
01-29 11:06:30.609   927  2714 I WifiHAL : event received NL80211_CMD_VENDOR, vendor_id = 0x1374, subcmd = 0xd
01-29 11:06:32.608   927  2714 I WifiHAL : event received NL80211_CMD_VENDOR, vendor_id = 0x1374, subcmd = 0xd
01-29 11:06:34.598  2366  7057 I NearbyDiscovery: loadFastPairModule: checkFeaturesAreAvailable:0 [CONTEXT service_id=49 ]
01-29 11:06:34.598  2366  7057 I NearbyDiscovery: loadFastPairModule: FastPair module is downloaded. [CONTEXT service_id=49 ]
01-29 11:06:34.613   927  2714 I WifiHAL : event received NL80211_CMD_VENDOR, vendor_id = 0x1374, subcmd = 0xd
01-29 11:06:36.612   927  2714 I WifiHAL : event received NL80211_CMD_VENDOR, vendor_id = 0x1374, subcmd = 0xd
01-29 11:06:38.230  2366  7057 I GCoreUlr: Starting BLE scan: mode: 2
01-29 11:06:38.231  1380  2604 I chatty  : uid=1000(system) Binder:1380_A expire 6 lines
01-29 11:06:38.232  2366  2366 I BeaconBle: Client requested scan, settings=BleSettings [scanMode=LOW_LATENCY, callbackType=ALL_MATCHES, reportDelayMillis=0, 2 filters, 0 clients, callingClientName=ULR]
01-29 11:06:38.245  2366  2366 I BeaconBle: Stopping scan on delegate scanner. BT state: 12
01-29 11:06:38.245  2366  2366 D BluetoothAdapter: isLeEnabled(): ON
01-29 11:06:38.249  2366  2366 I BeaconBle: Resetting - new scanner available: true
01-29 11:06:38.250  2366  2366 I BeaconBle: 'L' hardware scan: 5 filters, scanMode=2, reportdelay=0, callback type=1, #clients=2, workSource=WorkSource{}
01-29 11:06:38.252  2366  2366 I BeaconBle: Starting scan on OS scanner. BT state: 12
01-29 11:06:38.252  2366  2366 D BluetoothAdapter: isLeEnabled(): ON
01-29 11:06:38.253   877   877 D Zygote  : Forked child process 7397
01-29 11:06:38.256  1649  2456 I bt_stack: [INFO:gatt_api.cc(946)] GATT_Register 7b66e15d-d1f4-00bb-523b-4f870637467d
01-29 11:06:38.256  1649  2456 I bt_stack: [INFO:gatt_api.cc(966)] allocated gatt_if=6
01-29 11:06:38.256  2366  2615 D BluetoothLeScanner: onScannerRegistered() - status=0 scannerId=6 mScannerId=0
01-29 11:06:38.259  1380  1410 I ActivityManager: Start proc 7397:com.google.android.dialer/u0a139 for service {com.google.android.dialer/com.android.dialer.spam.inapp.SpamJobService}
01-29 11:06:38.267  7397  7397 E .android.diale: Not starting debugger since process cannot load the jdwp agent.
01-29 11:06:38.296  7397  7397 D ApplicationLoaders: Returning zygote-cached class loader: /system/framework/android.hidl.base-V1.0-java.jar
01-29 11:06:38.296  7397  7397 D ApplicationLoaders: Returning zygote-cached class loader: /system/framework/android.hidl.manager-V1.0-java.jar
01-29 11:06:38.296  7397  7397 D ApplicationLoaders: Returning zygote-cached class loader: /system/framework/android.hidl.base-V1.0-java.jar
01-29 11:06:38.306  7397  7397 I .android.diale: The ClassLoaderContext is a special shared library.
01-29 11:06:38.311  7397  7397 I .android.diale: The ClassLoaderContext is a special shared library.
01-29 11:06:38.390  7397  7397 I MultiDex: VM with version 2.1.0 has multidex support
01-29 11:06:38.392  7397  7397 I MultiDex: install
01-29 11:06:38.392  7397  7397 I MultiDex: VM has multidex support, MultiDex support library is disabled.
01-29 11:06:38.470  7397  7397 W PrimesInit: Primes instant initialization
01-29 11:06:38.471  7397  7417 W Primes  : background initialization
01-29 11:06:38.491  7397  7397 I DialerDialerBaseApplication: com.android.dialer.DialerBaseApplication.onCreate:48 onCreate
01-29 11:06:38.491  7397  7397 I DialerClearcutMetricsInitializer: com.android.dialer.metrics.primes.ClearcutMetricsInitializer.initialize:45 enter
01-29 11:06:38.491  7397  7397 I DialerClearcutMetricsInitializer: com.android.dialer.metrics.primes.ClearcutMetricsInitializer.initialize:111 primes metrics monitoring started!
01-29 11:06:38.492  7397  7397 I DialerPrimesMetrics: com.android.dialer.metrics.primes.PrimesMetrics.startTimer:45 Application.onCreate is empty
01-29 11:06:38.494  7397  7397 I mqx     : SslGuard completed installation.
01-29 11:06:38.498  7397  7397 I DialerDialerExecutorModule: com.android.dialer.common.concurrent.DialerExecutorModule$1.newThread:69 creating low priority thread
01-29 11:06:38.539  7397  7397 I DialerEnglishUsCallScreenCoordinator: com.android.incallui.callscreen.coordinator.impl.EnglishUsCallScreenCoordinator.initialize:83 initialize
01-29 11:06:38.541  7397  7397 I DialerUbiquitousRequirements: com.android.incallui.callscreen.coordinator.impl.UbiquitousRequirements.areSatisfied:46 isUserUnlocked: true, meetsSdkFloor: true, hasRequiredPermissions: true
01-29 11:06:38.541  7397  7397 I DialerEnglishUsRequirements: com.android.incallui.callscreen.coordinator.impl.EnglishUsRequirements.areSatisfied:40 satisfiesUbiquitousRequirements: true, isEnglishUsLocale: true
01-29 11:06:38.541  7397  7397 I DialerEnglishUsCallScreenCoordinator: com.android.incallui.callscreen.coordinator.impl.EnglishUsCallScreenCoordinator.initializeSettings:141 initializeSettings
01-29 11:06:38.542  7397  7431 I DialerAudioMessageFileManagerImpl: com.google.android.libraries.micore.telephony.common.audiomessages.AudioMessageFileManagerImpl.asyncInit:94 asyncInit(): starting to initialize AudioMessageFileManagerImpl
01-29 11:06:38.543  7397  7397 I DialerDialerExecutorModule: com.android.dialer.common.concurrent.DialerExecutorModule$1.newThread:69 creating low priority thread
01-29 11:06:38.544  7397  7397 I DialerShortcutsJobScheduler: com.android.dialer.shortcuts.ShortcutsJobScheduler.scheduleAllJobs:36 enter
01-29 11:06:38.549  7397  7397 I DialerShortcutsJobScheduler: com.android.dialer.shortcuts.ShortcutsJobScheduler.scheduleAllJobs:40 enabling shortcuts
01-29 11:06:38.550  7397  7397 I DialerPeriodicJobService: com.android.dialer.shortcuts.PeriodicJobService.schedulePeriodicJob:65 schedulePeriodicJob
01-29 11:06:38.550  7397  7397 I DialerPeriodicJobService: com.android.dialer.shortcuts.PeriodicJobService.schedulePeriodicJob:70 job already scheduled.
01-29 11:06:38.550  7397  7433 I DialerSpamJobScheduler: com.android.dialer.spam.inapp.SpamJobScheduler.scheduleJob:118 job with id SPAM_JOB_WIFI is already scheduled
01-29 11:06:38.551  7397  7433 I DialerSpamJobScheduler: com.android.dialer.spam.inapp.SpamJobScheduler.scheduleJob:118 job with id SPAM_JOB_ANY_NETWORK is already scheduled
01-29 11:06:38.559  7397  7397 I DialerLogcatLoggingBindings: com.android.dialer.logging.logcat.LogcatLoggingBindings.logImpression:48 Impression: APP_LAUNCHED
01-29 11:06:38.564  7397  7432 D NetworkSecurityConfig: No Network Security Config specified, using platform default
01-29 11:06:38.565  7397  7397 I DialerSpamJobScheduler: com.android.dialer.spam.inapp.SpamJobScheduler.scheduleJob:118 job with id SPAM_JOB_WIFI is already scheduled
01-29 11:06:38.574  7397  7431 I DialerSuperpacksWrapperImpl: com.google.android.libraries.micore.telephony.common.resourcemanagers.superpacks.SuperpacksWrapperImpl.lambda$initializeWithManifestDir$1:73 initialize(): starting to initialize SuperpacksWrapperImpl.
01-29 11:06:38.577  7397  7432 I DialerSuperpacksWrapperImpl: com.google.android.libraries.micore.telephony.common.resourcemanagers.superpacks.SuperpacksWrapperImpl.lambda$initializeWithManifestDir$0:116 Finished initializing SuperpacksWrapperImpl
01-29 11:06:38.578  7397  7435 I DialerSuperpacksWrapperImpl: com.google.android.libraries.micore.telephony.common.resourcemanagers.superpacks.SuperpacksWrapperImpl.lambda$registerManifest$2:140 Looking for MD5 checksum file of call_screen_audio_messages-6
01-29 11:06:38.612   927  2714 I WifiHAL : event received NL80211_CMD_VENDOR, vendor_id = 0x1374, subcmd = 0xd
01-29 11:06:38.666  7397  7435 I DialerSuperpacksWrapperImpl: com.google.android.libraries.micore.telephony.common.resourcemanagers.superpacks.SuperpacksWrapperImpl.lambda$registerManifest$2:150 Using MD5 verification for call_screen_audio_messages-6 checksum f604038ef02569aae62139dbdaa8b784
01-29 11:06:38.676  7397  7439 I SP      : Registering call_screen_audio_messages.6, url: null, constraints: *:*, flags: *, requested: 6, current: 6
01-29 11:06:38.691  7397  7436 I DialerAudioFileSuperpackProvider: com.google.android.libraries.micore.telephony.common.audiomessages.AudioFileSuperpackProvider.lambda$doInit$4:138 Successfully loaded embedded superpacks manifest for 'call_screen_audio_messages' (version 6).
01-29 11:06:38.705  7397  7397 I DialerFlags: com.android.dialer.phenotype.Flags.lambda$register$0:129 phenotype register status: true
01-29 11:06:38.716  7397  7436 I DialerAudioMessageFileManagerImpl: com.google.android.libraries.micore.telephony.common.audiomessages.AudioMessageFileManagerImpl.lambda$asyncInit$2:126 asyncInit(): done initializing AudioMessageFileManagerImpl
01-29 11:06:38.719  7397  7436 I DialerPersistentVoiceFileManagerWrapper: com.google.android.libraries.micore.telephony.common.audiomessages.PersistentVoiceFileManagerWrapper.initInternal:101 Preferred voice on init: en-US-Wavenet-F
01-29 11:06:38.720  7397  7436 I DialerPersistentVoiceFileManagerWrapper: com.google.android.libraries.micore.telephony.common.audiomessages.PersistentVoiceFileManagerWrapper.updateVoiceId:202 Attempting to change the current voiceId to en-US-Wavenet-F
01-29 11:06:38.720  7397  7436 I DialerPersistentVoiceFileManagerWrapper: com.google.android.libraries.micore.telephony.common.audiomessages.PersistentVoiceFileManagerWrapper.updateVoiceId:229 Current voiceId is already en-US-Wavenet-F
01-29 11:06:38.722  7397  7442 I DialerEnglishUsCallScreenCoordinator: com.android.incallui.callscreen.coordinator.impl.EnglishUsCallScreenCoordinator.initializeDefaultVoice:152 initializeDefaultVoice
01-29 11:06:38.722  7397  7442 I DialerEnglishUsCallScreenCoordinator: com.android.incallui.callscreen.coordinator.impl.EnglishUsCallScreenCoordinator.initializeDefaultVoice:159 setting default voice
01-29 11:06:38.722  7397  7442 I DialerEnglishUsCallScreenCoordinator: com.android.incallui.callscreen.coordinator.impl.EnglishUsCallScreenCoordinator.initializeDefaultVoice:161 default voice already set
01-29 11:06:38.723  7397  7442 I DialerCallAvatarSessionManagerImpl: com.google.android.libraries.micore.telephony.api.CallAvatarSessionManagerImpl.isChannelAvailable:247 isAvailable - Channel VOICE_CALL is not in list of available channels
01-29 11:06:38.723  7397  7442 I DialerCallAvatarSessionManagerImpl: com.google.android.libraries.micore.telephony.api.CallAvatarSessionManagerImpl.init:163 init(): 'init' called for channel 'VOICE_CALL'.
01-29 11:06:38.724  7397  7442 I DialerTerseModelManagerImpl: com.google.android.libraries.micore.telephony.common.speechrecognition.terse.TerseModelManagerImpl.<init>:54 TerseModelManagerImpl initialized.
01-29 11:06:38.724  7397  7442 I DialerTerseModelManagerImpl: com.google.android.libraries.micore.telephony.common.speechrecognition.terse.TerseModelManagerImpl.loadResources:67 Loading Terse model from superpack 'dogfood_dialer_asr_engine_en_us_v13' version 1.
01-29 11:06:38.724  7397  7435 I DialerSuperpacksWrapperImpl: com.google.android.libraries.micore.telephony.common.resourcemanagers.superpacks.SuperpacksWrapperImpl.lambda$registerManifest$2:140 Looking for MD5 checksum file of dogfood_dialer_asr_engine_en_us_v13-1
01-29 11:06:38.725  7397  7435 I DialerSuperpacksWrapperImpl: com.google.android.libraries.micore.telephony.common.resourcemanagers.superpacks.SuperpacksWrapperImpl.lambda$registerManifest$2:150 Using MD5 verification for dogfood_dialer_asr_engine_en_us_v13-1 checksum f7ce09f23d81e85a39e1f2ccc99f2425
01-29 11:06:38.726  7397  7439 I SP      : Registering dogfood_dialer_asr_engine_en_us_v13.1, url: null, constraints: *:*, flags: *, requested: 1, current: 1
01-29 11:06:38.728  7397  7442 I DialerActionTextDownloader: com.android.incallui.callscreen.actions.ActionTextDownloader.download:122 download
01-29 11:06:38.728  7397  7440 I DialerSuperpacksResourceManager: com.google.android.libraries.micore.telephony.common.resourcemanagers.superpacks.SuperpacksResourceManager.lambda$createInitializationFuture$2:84 createInitializationFuture(): successfully loaded embedded superpacks manifest for 'dogfood_dialer_asr_engine_en_us_v13' (version 1).
01-29 11:06:38.728  7397  7442 I DialerActionTextDownloader: com.android.incallui.callscreen.actions.ActionTextDownloader.downloadWrongNumberChip:164 downloadWrongNumberChip
01-29 11:06:38.728  7397  7440 I DialerTerseModelManagerImpl: com.google.android.libraries.micore.telephony.common.speechrecognition.terse.TerseModelManagerImpl.isModelAvailable:137 TerseModelManagerImpl: Entering isModelAvailable().
01-29 11:06:38.731  7397  7442 I DialerActionTextDownloader: com.android.incallui.callscreen.actions.ActionTextDownloader.downloadDonationBasedStartCallText:169 downloadDonationBasedStartCallText
01-29 11:06:38.732  7397  7438 I DialerAudioFileSuperpackProvider: com.google.android.libraries.micore.telephony.common.audiomessages.AudioFileSuperpackProvider.getFileInternal:316 Providing file /data/user/0/com.google.android.dialer/files/superpacks/call_screen_audio_messages/1542112951_en-us_cloud-en-US-Wavenet-F_71c80e40489676cc808b1e9df1b5b916/71c80e40489676cc808b1e9df1b5b916.opus from superpack
01-29 11:06:38.733  7397  7440 I DialerTerseModelManagerImpl: com.google.android.libraries.micore.telephony.common.speechrecognition.terse.TerseModelManagerImpl.isModelAvailable:147 isModelAvailable(): Model file is available on device - returning 'Available'.
01-29 11:06:38.733  7397  7440 I DialerTerseModelManagerImpl: com.google.android.libraries.micore.telephony.common.speechrecognition.terse.TerseModelManagerImpl.lambda$loadResources$0:83 loadResources(): returning available model
01-29 11:06:38.733  7397  7440 I DialerCallAvatarSessionManagerImpl: com.google.android.libraries.micore.telephony.api.CallAvatarSessionManagerImpl.markChannelUnavailable:72 markChannelUnavailable(): marking channel 'VOICE_CALL' as not available.
01-29 11:06:38.733  7397  7442 I DialerRevelioEnabledFn: com.android.dialer.revelio.impl.RevelioEnabledFn.isEnabled:32 disabled by flag
01-29 11:06:38.734  7397  7440 I DialerCallAvatarSessionManagerImpl: com.google.android.libraries.micore.telephony.api.CallAvatarSessionManagerImpl.prepareResources:134 prepareResources(): preparing 16 files with 1132 total characters.
01-29 11:06:38.734  7397  7442 I DialerActionTextDownloader: com.android.incallui.callscreen.actions.ActionTextDownloader.downloadDonationBasedStartCallText:172 donationBasedStartCall text disabled
01-29 11:06:38.734  7397  7442 I DialerActionTextDownloader: com.android.incallui.callscreen.actions.ActionTextDownloader.downloadRevelioTranscriptText:182 downloadRevelioTranscriptText
01-29 11:06:38.734  7397  7442 I DialerRevelioEnabledFn: com.android.dialer.revelio.impl.RevelioEnabledFn.isEnabled:32 disabled by flag
01-29 11:06:38.734  7397  7442 I DialerActionTextDownloader: com.android.incallui.callscreen.actions.ActionTextDownloader.revelioTranscriptStrings:285 Revelio speech strings not available
01-29 11:06:38.734  7397  7442 I DialerActionTextDownloader: com.android.incallui.callscreen.actions.ActionTextDownloader.downloadRevelioTranscriptText:185 Revelio disabled
01-29 11:06:38.735  7397  7443 I DialerActionTextDownloader: com.android.incallui.callscreen.actions.ActionTextDownloader.lambda$prepareAllTexts$1:305 wrongNumber - text is already available
01-29 11:06:38.735  7397  7443 I DialerActionTextDownloader: com.android.incallui.callscreen.actions.ActionTextDownloader$FileDownloadFutureCallback.onSuccess:337 wrongNumber preparation complete
01-29 11:06:38.736  7397  7440 I DialerAudioFileSuperpackProvider: com.google.android.libraries.micore.telephony.common.audiomessages.AudioFileSuperpackProvider.getFileInternal:316 Providing file /data/user/0/com.google.android.dialer/files/superpacks/call_screen_audio_messages/1542112951_en-us_cloud-en-US-Wavenet-F_e2f607685cf332b687aa5ca8fef61545/e2f607685cf332b687aa5ca8fef61545.opus from superpack
01-29 11:06:38.737  7397  7440 I DialerAudioFileSuperpackProvider: com.google.android.libraries.micore.telephony.common.audiomessages.AudioFileSuperpackProvider.getFileInternal:316 Providing file /data/user/0/com.google.android.dialer/files/superpacks/call_screen_audio_messages/1542112951_en-us_cloud-en-US-Wavenet-F_dede97e191c3d1b9389f44851ac7838d/dede97e191c3d1b9389f44851ac7838d.opus from superpack
01-29 11:06:38.738  7397  7440 I DialerAudioFileSuperpackProvider: com.google.android.libraries.micore.telephony.common.audiomessages.AudioFileSuperpackProvider.getFileInternal:316 Providing file /data/user/0/com.google.android.dialer/files/superpacks/call_screen_audio_messages/1542112951_en-us_cloud-en-US-Wavenet-F_8a1bfe69068649e82f270263888a69f3/8a1bfe69068649e82f270263888a69f3.opus from superpack
01-29 11:06:38.739  7397  7440 I DialerAudioFileSuperpackProvider: com.google.android.libraries.micore.telephony.common.audiomessages.AudioFileSuperpackProvider.getFileInternal:316 Providing file /data/user/0/com.google.android.dialer/files/superpacks/call_screen_audio_messages/1542112951_en-us_cloud-en-US-Wavenet-F_b53062dd3b2119adb3992d7e9fba9174/b53062dd3b2119adb3992d7e9fba9174.opus from superpack
01-29 11:06:38.740  7397  7440 I DialerAudioFileSuperpackProvider: com.google.android.libraries.micore.telephony.common.audiomessages.AudioFileSuperpackProvider.getFileInternal:316 Providing file /data/user/0/com.google.android.dialer/files/superpacks/call_screen_audio_messages/1542112951_en-us_cloud-en-US-Wavenet-F_225cc289d92952fd21e05d429cd8a720/225cc289d92952fd21e05d429cd8a720.opus from superpack
01-29 11:06:38.741  7397  7440 I DialerAudioFileSuperpackProvider: com.google.android.libraries.micore.telephony.common.audiomessages.AudioFileSuperpackProvider.getFileInternal:316 Providing file /data/user/0/com.google.android.dialer/files/superpacks/call_screen_audio_messages/1542112951_en-us_cloud-en-US-Wavenet-F_a9439887ca7a08b0f8aefbb675bfa2e7/a9439887ca7a08b0f8aefbb675bfa2e7.opus from superpack
01-29 11:06:38.742  7397  7440 I DialerAudioFileSuperpackProvider: com.google.android.libraries.micore.telephony.common.audiomessages.AudioFileSuperpackProvider.getFileInternal:316 Providing file /data/user/0/com.google.android.dialer/files/superpacks/call_screen_audio_messages/1542112951_en-us_cloud-en-US-Wavenet-F_7bb1d478d87dbf58f85a6d28bcec9fb4/7bb1d478d87dbf58f85a6d28bcec9fb4.opus from superpack
01-29 11:06:38.743  7397  7440 I DialerAudioFileSuperpackProvider: com.google.android.libraries.micore.telephony.common.audiomessages.AudioFileSuperpackProvider.getFileInternal:316 Providing file /data/user/0/com.google.android.dialer/files/superpacks/call_screen_audio_messages/1542112951_en-us_cloud-en-US-Wavenet-F_ff8fa51af7c3cd1b9f979ea12467c7be/ff8fa51af7c3cd1b9f979ea12467c7be.opus from superpack
01-29 11:06:38.745  7397  7440 I DialerAudioFileSuperpackProvider: com.google.android.libraries.micore.telephony.common.audiomessages.AudioFileSuperpackProvider.getFileInternal:316 Providing file /data/user/0/com.google.android.dialer/files/superpacks/call_screen_audio_messages/1542112951_en-us_cloud-en-US-Wavenet-F_037782923d79d7ab06c385f1b6114298/037782923d79d7ab06c385f1b6114298.opus from superpack
01-29 11:06:38.746  7397  7440 I DialerAudioFileSuperpackProvider: com.google.android.libraries.micore.telephony.common.audiomessages.AudioFileSuperpackProvider.getFileInternal:316 Providing file /data/user/0/com.google.android.dialer/files/superpacks/call_screen_audio_messages/1542112951_en-us_cloud-en-US-Wavenet-F_e169db55a6507e09fcfb4825f806707b/e169db55a6507e09fcfb4825f806707b.opus from superpack
01-29 11:06:38.747  7397  7440 I DialerAudioFileSuperpackProvider: com.google.android.libraries.micore.telephony.common.audiomessages.AudioFileSuperpackProvider.getFileInternal:316 Providing file /data/user/0/com.google.android.dialer/files/superpacks/call_screen_audio_messages/1542112951_en-us_cloud-en-US-Wavenet-F_1c08f4b5877e0bc67dbd5dd22265a7a7/1c08f4b5877e0bc67dbd5dd22265a7a7.opus from superpack
01-29 11:06:38.748  7397  7440 I DialerAudioFileSuperpackProvider: com.google.android.libraries.micore.telephony.common.audiomessages.AudioFileSuperpackProvider.getFileInternal:316 Providing file /data/user/0/com.google.android.dialer/files/superpacks/call_screen_audio_messages/1542112951_en-us_cloud-en-US-Wavenet-F_003c77595d703f3f31264c91cbf9b750/003c77595d703f3f31264c91cbf9b750.opus from superpack
01-29 11:06:38.749  7397  7440 I DialerAudioFileSuperpackProvider: com.google.android.libraries.micore.telephony.common.audiomessages.AudioFileSuperpackProvider.getFileInternal:316 Providing file /data/user/0/com.google.android.dialer/files/superpacks/call_screen_audio_messages/1542112951_en-us_cloud-en-US-Wavenet-F_6445a74cf0f2364dfff263a872187f2d/6445a74cf0f2364dfff263a872187f2d.opus from superpack
01-29 11:06:38.750  7397  7440 I DialerAudioFileSuperpackProvider: com.google.android.libraries.micore.telephony.common.audiomessages.AudioFileSuperpackProvider.getFileInternal:316 Providing file /data/user/0/com.google.android.dialer/files/superpacks/call_screen_audio_messages/1542112951_en-us_cloud-en-US-Wavenet-F_f5ff47c916d27ad1220c8c70d0370219/f5ff47c916d27ad1220c8c70d0370219.opus from superpack
01-29 11:06:38.751  7397  7440 I DialerAudioFileSuperpackProvider: com.google.android.libraries.micore.telephony.common.audiomessages.AudioFileSuperpackProvider.getFileInternal:316 Providing file /data/user/0/com.google.android.dialer/files/superpacks/call_screen_audio_messages/1542112951_en-us_cloud-en-US-Wavenet-F_fa62c90117d8a7315840b2dd7784cbc1/fa62c90117d8a7315840b2dd7784cbc1.opus from superpack
01-29 11:06:38.752  7397  7440 I DialerAudioFileSuperpackProvider: com.google.android.libraries.micore.telephony.common.audiomessages.AudioFileSuperpackProvider.getFileInternal:316 Providing file /data/user/0/com.google.android.dialer/files/superpacks/call_screen_audio_messages/1542112951_en-us_cloud-en-US-Wavenet-F_071f29b47d4eb190e7bc099e5e08395b/071f29b47d4eb190e7bc099e5e08395b.opus from superpack
01-29 11:06:38.753  7397  7431 I DialerCallAvatarSessionManagerImpl: com.google.android.libraries.micore.telephony.api.CallAvatarSessionManagerImpl.lambda$invalidateAndPrepareResources$0:105 invalidateAndPrepareResources(): channel 'VOICE_CALL' has finished preparing resources.
01-29 11:06:38.753  7397  7440 I DialerCallAvatarSessionManagerImpl: com.google.android.libraries.micore.telephony.api.CallAvatarSessionManagerImpl.lambda$init$4:167 init(): Channel 'VOICE_CALL' initialized successfully.
01-29 11:06:38.753  7397  7440 I DialerDialerBaseApplication: com.android.dialer.DialerBaseApplication$1.onSuccess:90 successfully initialized coordinator
01-29 11:06:38.758  7397  7427 I DialerFlags: com.android.dialer.phenotype.Flags$1.onSuccess:135 finished with result: true
01-29 11:06:39.908  2366  7157 I GCoreUlr: Successfully inserted 1 locations
01-29 11:06:40.251  2366  7057 I GCoreUlr: Starting BLE scan: mode: 3
01-29 11:06:40.251  2366  7057 I GCoreUlr: BLE: collected 0 results
01-29 11:06:40.252  2366  2366 I BeaconBle: Client requested scan, settings=BleSettings [scanMode=ZERO_POWER, callbackType=ALL_MATCHES, reportDelayMillis=0, 2 filters, 0 clients, callingClientName=ULR]
01-29 11:06:40.266  2366  2366 I BeaconBle: Stopping scan on delegate scanner. BT state: 12
01-29 11:06:40.267  2366  2366 D BluetoothAdapter: isLeEnabled(): ON
01-29 11:06:40.270  2366  2366 I BeaconBle: Resetting - new scanner available: true
01-29 11:06:40.271  2366  2366 I BeaconBle: 'L' hardware scan: 5 filters, scanMode=-1, reportdelay=0, callback type=1, #clients=2, workSource=WorkSource{10148 com.google.android.gms}
01-29 11:06:40.273  2366  2366 I BeaconBle: Starting scan on OS scanner. BT state: 12
01-29 11:06:40.275  2366  2366 D BluetoothAdapter: isLeEnabled(): ON
01-29 11:06:40.278  1649  2456 I bt_stack: [INFO:gatt_api.cc(946)] GATT_Register ec5754b6-5a8e-cdab-1b1a-1d8f7a82e46e
01-29 11:06:40.278  1649  2456 I bt_stack: [INFO:gatt_api.cc(966)] allocated gatt_if=6
01-29 11:06:40.280  2366  4838 D BluetoothLeScanner: onScannerRegistered() - status=0 scannerId=6 mScannerId=0
01-29 11:06:40.289  1649  2456 E bt_btm  : BTM_BleObserve Observe Already Active
