01-28 14:21:08.586  1679  2305 D PowerUI : can't show warning due to - plugged: true status unknown: false
01-28 14:22:08.586  1679  2305 D PowerUI : can't show warning due to - plugged: true status unknown: false
01-28 14:23:08.590  1679  2305 D PowerUI : can't show warning due to - plugged: true status unknown: false
01-28 14:23:31.520  1380  2608 I chatty  : uid=1000(system) Binder:1380_B expire 11 lines
01-28 14:23:31.553  1380  9934 I chatty  : uid=1000(system) Binder:1380_1D expire 12 lines
01-28 14:23:31.567  1380  6998 I chatty  : uid=1000(system) Binder:1380_19 expire 1 line
01-28 14:23:31.645  1380  2072 I chatty  : uid=1000(system) Binder:1380_7 expire 10 lines
01-28 14:23:31.675  1380  6751 I chatty  : uid=1000(system) Binder:1380_18 expire 3 lines
01-28 14:23:41.950  1380  1418 I chatty  : uid=1000(system) PowerManagerSer expire 9 lines
01-28 14:23:49.010  1380  1409 I chatty  : uid=1000(system) ActivityManager expire 33 lines
01-28 14:23:49.011  1380  1422 I chatty  : uid=1000(system) PackageManager expire 72 lines
01-28 14:23:49.132  1380  1380 I chatty  : uid=1000 system_server expire 12 lines
01-28 14:23:49.197  1380  1397 I chatty  : uid=1000(system) Binder:1380_2 expire 4 lines
01-28 14:23:49.257  1380  1410 I chatty  : uid=1000(system) ActivityManager expire 1 line
01-28 14:23:49.440  1380  1400 I chatty  : uid=1000(system) android.fg expire 2 lines
01-28 14:24:06.352  1380  5547 I chatty  : uid=1000(system) Binder:1380_16 expire 10 lines
01-28 14:24:08.595  1679  2305 D PowerUI : can't show warning due to - plugged: true status unknown: false
01-28 14:24:12.269  1380  1401 I chatty  : uid=1000(system) android.ui expire 4 lines
01-28 14:24:12.274  1380  1403 I chatty  : uid=1000(system) android.display expire 6 lines
01-28 14:24:12.280  1380  1404 I chatty  : uid=1000(system) android.anim expire 4 lines
01-28 14:24:19.613  1380  3180 I chatty  : uid=1000(system) Binder:1380_D expire 2 lines
01-28 14:26:08.589  1679  2305 D PowerUI : can't show warning due to - plugged: true status unknown: false
01-28 14:26:12.442  1380  1380 I chatty  : uid=1000 system_server expire 1 line
01-28 14:27:07.956  1380  1408 I chatty  : uid=1000(system) android.bg expire 2 lines
01-28 14:27:08.586  1679  2305 D PowerUI : can't show warning due to - plugged: true status unknown: false
01-28 14:27:34.063  1380  1409 I chatty  : uid=1000(system) ActivityManager expire 2 lines
01-28 14:28:08.578  1679  2305 D PowerUI : can't show warning due to - plugged: true status unknown: false
01-28 14:28:54.743  1380  1414 I chatty  : uid=1000(system) batterystats-wo expire 1 line
01-28 14:28:59.036  1380  1402 I chatty  : uid=1000(system) android.io expire 2 lines
01-28 14:29:08.586  1679  2305 D PowerUI : can't show warning due to - plugged: true status unknown: false
01-28 14:29:55.948  1380  1731 I chatty  : uid=1000(system) Binder:1380_4 expire 6 lines
01-28 14:29:55.987  1380  3206 I chatty  : uid=1000(system) Binder:1380_E expire 1 line
01-28 14:29:56.057  1380  3215 I chatty  : uid=1000(system) Binder:1380_12 expire 4 lines
01-28 14:29:56.169  1380 10028 I chatty  : uid=1000(system) Binder:1380_1E expire 5 lines
01-28 14:30:08.569  1679  2305 D PowerUI : can't show warning due to - plugged: true status unknown: false
01-28 14:30:12.487  1380  1422 I chatty  : uid=1000(system) PackageManager expire 72 lines
01-28 14:30:12.650  1380  1409 I chatty  : uid=1000(system) ActivityManager expire 36 lines
01-28 14:30:12.689  1380  3211 I chatty  : uid=1000(system) Binder:1380_10 expire 12 lines
01-28 14:30:12.749  1380  1410 I chatty  : uid=1000(system) ActivityManager expire 1 line
01-28 14:30:12.784  1380  1380 I chatty  : uid=1000 system_server expire 7 lines
01-28 14:30:12.886  1380  1400 I chatty  : uid=1000(system) android.fg expire 2 lines
01-28 14:30:14.198  1380  2611 I chatty  : uid=1000(system) Binder:1380_C expire 2 lines
01-28 14:30:14.284  1380  3215 I chatty  : uid=1000(system) Binder:1380_12 expire 8 lines
01-28 14:30:16.268  1380 10028 I chatty  : uid=1000(system) Binder:1380_1E expire 3 lines
01-28 14:30:18.206  1380  1418 I chatty  : uid=1000(system) PowerManagerSer expire 6 lines
01-28 14:30:20.565  1380  6998 I chatty  : uid=1000(system) Binder:1380_19 expire 16 lines
01-28 14:30:20.579  1380  1396 I chatty  : uid=1000(system) Binder:1380_1 expire 3 lines
01-28 14:30:45.599  1380  1401 I chatty  : uid=1000(system) android.ui expire 4 lines
01-28 14:30:45.605  1380  1403 I chatty  : uid=1000(system) android.display expire 7 lines
01-28 14:30:45.610  1380  1404 I chatty  : uid=1000(system) android.anim expire 4 lines
01-28 14:31:08.591  1679  2305 D PowerUI : can't show warning due to - plugged: true status unknown: false
01-28 14:31:27.130  1380  2072 I chatty  : uid=1000(system) Binder:1380_7 expire 1 line
01-28 14:32:08.585  1679  2305 D PowerUI : can't show warning due to - plugged: true status unknown: false
01-28 14:32:12.302  1380  5547 I chatty  : uid=1000(system) Binder:1380_16 expire 2 lines
01-28 14:32:34.436  1380  6751 I chatty  : uid=1000(system) Binder:1380_18 expire 2 lines
01-28 14:32:41.058  1380  1409 I chatty  : uid=1000(system) ActivityManager expire 1 line
01-28 14:32:41.058  1380  1422 I chatty  : uid=1000(system) PackageManager expire 72 lines
01-28 14:32:41.216  1380  1409 I chatty  : uid=1000(system) ActivityManager expire 31 lines
01-28 14:32:41.261  1380  5547 I chatty  : uid=1000(system) Binder:1380_16 expire 3 lines
01-28 14:32:41.307  1380  1410 I chatty  : uid=1000(system) ActivityManager expire 2 lines
01-28 14:32:41.367  1380  1380 I chatty  : uid=1000 system_server expire 12 lines
01-28 14:32:41.476  1380  1400 I chatty  : uid=1000(system) android.fg expire 3 lines
01-28 14:32:49.058  1380 12142 I chatty  : uid=1000(system) Binder:1380_20 expire 2 lines
01-28 14:32:49.060  1380  1396 I chatty  : uid=1000(system) Binder:1380_1 expire 6 lines
01-28 14:32:49.070  1380  1852 I chatty  : uid=1000(system) Binder:1380_6 expire 3 lines
01-28 14:32:54.462  1380  5377 I chatty  : uid=1000(system) Binder:1380_13 expire 2 lines
01-28 14:33:08.585  1679  2305 D PowerUI : can't show warning due to - plugged: true status unknown: false
01-28 14:33:09.161  1380  1401 I chatty  : uid=1000(system) android.ui expire 2 lines
01-28 14:33:09.167  1380  1403 I chatty  : uid=1000(system) android.display expire 4 lines
01-28 14:33:09.173  1380  1404 I chatty  : uid=1000(system) android.anim expire 2 lines
01-28 14:33:16.862  1380  1409 I chatty  : uid=1000(system) ActivityManager expire 33 lines
01-28 14:33:29.704  1380  1418 I chatty  : uid=1000(system) PowerManagerSer expire 3 lines
01-28 14:34:08.590  1679  2305 D PowerUI : can't show warning due to - plugged: true status unknown: false
01-28 14:34:24.013  1380  5464 I chatty  : uid=1000(system) Binder:1380_15 expire 4 lines
01-28 14:34:24.140  1380 10872 I chatty  : uid=1000(system) Binder:1380_1F expire 1 line
01-28 14:34:24.204  1380  1397 I chatty  : uid=1000(system) Binder:1380_2 expire 4 lines
01-28 14:34:24.223  1380  2611 I chatty  : uid=1000(system) Binder:1380_C expire 8 lines
01-28 14:34:24.240  1380  3180 I chatty  : uid=1000(system) Binder:1380_D expire 3 lines
01-28 14:34:24.245  1380  6751 I chatty  : uid=1000(system) Binder:1380_18 expire 5 lines
01-28 14:34:40.622  1380  1422 I chatty  : uid=1000(system) PackageManager expire 72 lines
01-28 14:34:40.821  1380  2604 I chatty  : uid=1000(system) Binder:1380_A expire 4 lines
01-28 14:34:41.036  1380  1380 I chatty  : uid=1000 system_server expire 5 lines
01-28 14:34:41.109  1380  1400 I chatty  : uid=1000(system) android.fg expire 1 line
01-28 14:34:44.580  1380  3206 I chatty  : uid=1000(system) Binder:1380_E expire 4 lines
01-28 14:34:47.002  1380  1418 I chatty  : uid=1000(system) PowerManagerSer expire 10 lines
01-28 14:34:48.577  1380  5464 I chatty  : uid=1000(system) Binder:1380_15 expire 4 lines
01-28 14:34:48.587  1380  3211 I chatty  : uid=1000(system) Binder:1380_10 expire 1 line
01-28 14:34:54.596  1380  2611 I chatty  : uid=1000(system) Binder:1380_C expire 8 lines
01-28 14:35:08.601  1679  2305 D PowerUI : can't show warning due to - plugged: true status unknown: false
01-28 14:35:12.498  1380  1401 I chatty  : uid=1000(system) android.ui expire 4 lines
01-28 14:35:12.505  1380  1403 I chatty  : uid=1000(system) android.display expire 8 lines
01-28 14:35:12.509  1380  1404 I chatty  : uid=1000(system) android.anim expire 4 lines
01-28 14:36:08.596  1679  2305 D PowerUI : can't show warning due to - plugged: true status unknown: false
01-28 14:36:30.110  1380 10872 I chatty  : uid=1000(system) Binder:1380_1F expire 13 lines
01-28 14:36:30.297  1380  8006 I chatty  : uid=1000(system) Binder:1380_1C expire 8 lines
01-28 14:36:30.316  1380  1397 I chatty  : uid=1000(system) Binder:1380_2 expire 10 lines
01-28 14:36:30.550  1380  2072 I chatty  : uid=1000(system) Binder:1380_7 expire 10 lines
01-28 14:36:34.394  1380  1410 I chatty  : uid=1000(system) ActivityManager expire 2 lines
01-28 14:37:08.592  1679  2305 D PowerUI : can't show warning due to - plugged: true status unknown: false
01-28 14:37:09.124  1380  1409 I chatty  : uid=1000(system) ActivityManager expire 11 lines
01-28 14:38:08.594  1679  2305 D PowerUI : can't show warning due to - plugged: true status unknown: false
01-28 14:39:08.587  1679  2305 D PowerUI : can't show warning due to - plugged: true status unknown: false
01-28 14:39:44.943  1380  1832 I chatty  : uid=1000(system) Binder:1380_5 expire 1 line
01-28 14:40:08.588  1679  2305 D PowerUI : can't show warning due to - plugged: true status unknown: false
01-28 14:41:08.584  1679  2305 D PowerUI : can't show warning due to - plugged: true status unknown: false
01-28 14:42:08.588  1679  2305 D PowerUI : can't show warning due to - plugged: true status unknown: false
01-28 14:43:08.590  1679  2305 D PowerUI : can't show warning due to - plugged: true status unknown: false
01-28 14:44:05.000  1380  1397 I chatty  : uid=1000(system) Binder:1380_2 expire 13 lines
01-28 14:44:05.064  1380 12142 I chatty  : uid=1000(system) Binder:1380_20 expire 2 lines
01-28 14:44:05.065  1380 10872 I chatty  : uid=1000(system) Binder:1380_1F expire 2 lines
01-28 14:44:05.066  1380  1600 I chatty  : uid=1000(system) ConnectivitySer expire 4 lines
01-28 14:44:06.815  1380  7368 I chatty  : uid=1000(system) Binder:1380_1A expire 2 lines
01-28 14:44:08.577  1679  2305 D PowerUI : can't show warning due to - plugged: true status unknown: false
01-28 14:44:35.921  1380  2608 I chatty  : uid=1000(system) Binder:1380_B expire 5 lines
01-28 14:45:08.594  1679  2305 D PowerUI : can't show warning due to - plugged: true status unknown: false
01-28 14:45:54.312  1380  1852 I chatty  : uid=1000(system) Binder:1380_6 expire 1 line
01-28 14:46:08.595  1679  2305 D PowerUI : can't show warning due to - plugged: true status unknown: false
01-28 14:47:05.432  1380  2102 I chatty  : uid=1000(system) Binder:1380_8 expire 7 lines
01-28 14:47:08.589  1679  2305 D PowerUI : can't show warning due to - plugged: true status unknown: false
01-28 14:47:22.510  1380  1538 I chatty  : uid=1000(system) AlarmManager expire 1 line
01-28 14:47:23.020  1380  5547 I chatty  : uid=1000(system) Binder:1380_16 expire 1 line
01-28 14:48:01.553  1380  1408 I chatty  : uid=1000(system) android.bg expire 3 lines
01-28 14:48:08.589  1679  2305 D PowerUI : can't show warning due to - plugged: true status unknown: false
01-28 14:48:25.490  1380  1409 I chatty  : uid=1000(system) ActivityManager expire 10 lines
01-28 14:48:46.708  1380  1418 I chatty  : uid=1000(system) PowerManagerSer expire 2 lines
01-28 14:49:08.590  1679  2305 D PowerUI : can't show warning due to - plugged: true status unknown: false
01-28 14:49:15.239  1380  5593 I chatty  : uid=1000(system) Binder:1380_17 expire 7 lines
01-28 14:49:15.241  1380  1397 I chatty  : uid=1000(system) Binder:1380_2 expire 9 lines
01-28 14:49:43.217  1380  1422 I chatty  : uid=1000(system) PackageManager expire 72 lines
01-28 14:49:43.396  1380  1409 I chatty  : uid=1000(system) ActivityManager expire 25 lines
01-28 14:49:43.415  1380  2611 I chatty  : uid=1000(system) Binder:1380_C expire 4 lines
01-28 14:49:43.486  1380  1410 I chatty  : uid=1000(system) ActivityManager expire 8 lines
01-28 14:49:43.555  1380  1380 I chatty  : uid=1000 system_server expire 12 lines
01-28 14:49:43.619  1380  7368 I chatty  : uid=1000(system) Binder:1380_1A expire 1 line
01-28 14:49:43.621  1380  1400 I chatty  : uid=1000(system) android.fg expire 6 lines
01-28 14:49:51.244  1380  9934 I chatty  : uid=1000(system) Binder:1380_1D expire 8 lines
01-28 14:49:51.256  1380  6751 I chatty  : uid=1000(system) Binder:1380_18 expire 11 lines
01-28 14:49:54.649  1380  1852 I chatty  : uid=1000(system) Binder:1380_6 expire 1 line
01-28 14:49:57.753  1380  1418 I chatty  : uid=1000(system) PowerManagerSer expire 6 lines
01-28 14:50:08.593  1679  2305 D PowerUI : can't show warning due to - plugged: true status unknown: false
01-28 14:51:08.593  1679  2305 D PowerUI : can't show warning due to - plugged: true status unknown: false
01-28 14:52:04.697  1380  2104 I chatty  : uid=1000(system) Binder:1380_9 expire 5 lines
01-28 14:52:04.717  1380  3180 I chatty  : uid=1000(system) Binder:1380_D expire 6 lines
01-28 14:52:04.748  1380  3215 I chatty  : uid=1000(system) Binder:1380_12 expire 1 line
01-28 14:52:07.800  1380  1409 I chatty  : uid=1000(system) ActivityManager expire 16 lines
01-28 14:52:07.842  1380  6998 I chatty  : uid=1000(system) Binder:1380_19 expire 3 lines
01-28 14:52:07.924  1380  1403 I chatty  : uid=1000(system) android.display expire 4 lines
01-28 14:52:07.948  1380  1832 I chatty  : uid=1000(system) Binder:1380_5 expire 2 lines
01-28 14:52:08.053  1380  1422 I chatty  : uid=1000(system) PackageManager expire 74 lines
01-28 14:52:08.562  1679  2305 D PowerUI : can't show warning due to - plugged: true status unknown: false
01-28 14:52:08.604  1380  1408 I chatty  : uid=1000(system) android.bg expire 2 lines
01-28 14:52:11.608  1380  1591 I chatty  : uid=1000(system) Binder:1380_3 expire 3 lines
01-28 14:52:22.602  1380  1380 I chatty  : uid=1000 system_server expire 7 lines
01-28 14:52:45.900   649 17276 D vold    : Remounting 10253 as mode default
01-28 14:52:45.954  1380  1409 I chatty  : uid=1000(system) ActivityManager expire 11 lines
01-28 14:52:46.104 28314 28314 W ActivityThread: Application com.ces.services is waiting for the debugger on port 8100...
01-28 14:52:46.241  1380  1401 I chatty  : uid=1000(system) android.ui expire 1 line
01-28 14:52:50.074  1380  3209 I chatty  : uid=1000(system) Binder:1380_F expire 10 lines
01-28 14:52:51.517   649 17276 D vold    : Remounting 10253 as mode default
01-28 14:52:51.527   649 17276 D vold    : Found matching PID 28314
01-28 14:52:51.530   649 17276 D vold    : Remounting 10253 as mode default
01-28 14:52:51.537   649 17276 D vold    : Found matching PID 28314
01-28 14:52:51.562  1380  6751 I chatty  : uid=1000(system) Binder:1380_18 expire 6 lines
01-28 14:52:55.424  1380  5403 I chatty  : uid=1000(system) Binder:1380_14 expire 1 line
01-28 14:53:08.589  1679  2305 D PowerUI : can't show warning due to - plugged: true status unknown: false
01-28 14:53:24.519  1380  5464 I chatty  : uid=1000(system) Binder:1380_15 expire 1 line
01-28 14:53:24.581  1380  8006 I chatty  : uid=1000(system) Binder:1380_1C expire 3 lines
01-28 14:53:24.606 28450 28450 W ActivityThread: Application com.ces.services is waiting for the debugger on port 8100...
01-28 14:53:24.609  1380 10872 I chatty  : uid=1000(system) Binder:1380_1F expire 7 lines
01-28 14:53:24.659  1380  8006 I chatty  : uid=1000(system) Binder:1380_1C expire 12 lines
01-28 14:53:24.661  1380  2611 I chatty  : uid=1000(system) Binder:1380_C expire 10 lines
01-28 14:53:24.665  1380 10028 I chatty  : uid=1000(system) Binder:1380_1E expire 10 lines
01-28 14:53:34.531  1380  1403 I chatty  : uid=1000(system) android.display expire 7 lines
01-28 14:53:35.253  1380  1380 I chatty  : uid=1000 system_server expire 16 lines
01-28 14:53:35.286  1380  3147 I chatty  : uid=1000(system) backup-0 expire 2 lines
01-28 14:53:35.288  1380 28504 I chatty  : uid=1000 system_server expire 77 lines
01-28 14:53:37.595  1380  1410 I chatty  : uid=1000(system) ActivityManager expire 10 lines
01-28 14:53:42.982  1380  1600 I chatty  : uid=1000(system) ConnectivitySer expire 5 lines
01-28 14:53:48.525  1380  2102 I chatty  : uid=1000(system) Binder:1380_8 expire 2 lines
01-28 14:53:50.199  1380  2072 I chatty  : uid=1000(system) Binder:1380_7 expire 1 line
01-28 14:54:01.836  1380  2604 I chatty  : uid=1000(system) Binder:1380_A expire 8 lines
01-28 14:54:01.863  1380  1404 I chatty  : uid=1000(system) android.anim expire 1 line
01-28 14:54:02.047  1380  1591 I chatty  : uid=1000(system) Binder:1380_3 expire 14 lines
01-28 14:54:02.054  1380  6751 I chatty  : uid=1000(system) Binder:1380_18 expire 2 lines
01-28 14:54:02.056  1380  7369 I chatty  : uid=1000(system) Binder:1380_1B expire 12 lines
01-28 14:54:02.107  1380  5547 I chatty  : uid=1000(system) Binder:1380_16 expire 9 lines
01-28 14:54:02.146 28995 28995 W ActivityThread: Application com.ces.services is waiting for the debugger on port 8100...
01-28 14:54:08.582  1679  2305 D PowerUI : can't show warning due to - plugged: true status unknown: false
01-28 14:54:15.691  1380  8006 I chatty  : uid=1000(system) Binder:1380_1C expire 10 lines
01-28 14:54:22.161  1380  2611 I chatty  : uid=1000(system) Binder:1380_C expire 6 lines
01-28 14:55:08.577  1679  2305 D PowerUI : can't show warning due to - plugged: true status unknown: false
01-28 14:56:08.264  1380 10028 I chatty  : uid=1000(system) Binder:1380_1E expire 3 lines
01-28 14:56:08.454  1380  1409 I chatty  : uid=1000(system) ActivityManager expire 4 lines
01-28 14:56:08.574  1679  2305 D PowerUI : can't show warning due to - plugged: true status unknown: false
01-28 14:56:11.499  1380  1591 I chatty  : uid=1000(system) Binder:1380_3 expire 2 lines
01-28 14:56:15.946  1380  1410 I chatty  : uid=1000(system) ActivityManager expire 3 lines
01-28 14:56:16.107 29238 29238 D ActivityThread: Loading provider contacts;com.android.contacts: com.android.providers.contacts.ContactsProvider2
01-28 14:57:08.591  1679  2305 D PowerUI : can't show warning due to - plugged: true status unknown: false
01-28 14:58:08.594  1679  2305 D PowerUI : can't show warning due to - plugged: true status unknown: false
01-28 14:58:54.862  1380  1414 I chatty  : uid=1000(system) batterystats-wo expire 1 line
01-28 14:59:08.602  1679  2305 D PowerUI : can't show warning due to - plugged: true status unknown: false
01-28 15:00:08.590  1679  2305 D PowerUI : can't show warning due to - plugged: true status unknown: false
01-28 15:01:08.597  1679  2305 D PowerUI : can't show warning due to - plugged: true status unknown: false
01-28 15:01:37.514  1380  1380 I chatty  : uid=1000 system_server expire 4 lines
01-28 15:02:08.603  1679  2305 D PowerUI : can't show warning due to - plugged: true status unknown: false
01-28 15:03:08.599  1679  2305 D PowerUI : can't show warning due to - plugged: true status unknown: false
01-28 15:04:07.612  1380  1832 I chatty  : uid=1000(system) Binder:1380_5 expire 8 lines
01-28 15:04:07.663  1380  7369 I chatty  : uid=1000(system) Binder:1380_1B expire 7 lines
01-28 15:04:07.686  1380  3209 I chatty  : uid=1000(system) Binder:1380_F expire 10 lines
01-28 15:04:07.779 29347 29347 W ActivityThread: Application com.ces.services is waiting for the debugger on port 8100...
01-28 15:04:23.200  1380 10028 I chatty  : uid=1000(system) Binder:1380_1E expire 11 lines
01-28 15:04:23.207  1380  7369 I chatty  : uid=1000(system) Binder:1380_1B expire 11 lines
01-28 15:05:08.589  1679  2305 D PowerUI : can't show warning due to - plugged: true status unknown: false
01-28 15:06:08.594  1679  2305 D PowerUI : can't show warning due to - plugged: true status unknown: false
01-28 15:06:43.662  1380  1409 I chatty  : uid=1000(system) ActivityManager expire 1 line
01-28 15:06:48.975  1380  1380 I chatty  : uid=1000 system_server expire 1 line
01-28 15:07:35.964  1380  1410 I chatty  : uid=1000(system) ActivityManager expire 10 lines
01-28 15:07:36.381  1380  8006 I chatty  : uid=1000(system) Binder:1380_1C expire 12 lines
01-28 15:07:53.773  1380  1832 I chatty  : uid=1000(system) Binder:1380_5 expire 10 lines
01-28 15:07:53.968  1380  2072 I chatty  : uid=1000(system) Binder:1380_7 expire 12 lines
01-28 15:07:53.978  1380  2611 I chatty  : uid=1000(system) Binder:1380_C expire 11 lines
01-28 15:07:54.010  1380  1397 I chatty  : uid=1000(system) Binder:1380_2 expire 13 lines
01-28 15:07:54.035  1380  1403 I chatty  : uid=1000(system) android.display expire 11 lines
01-28 15:07:54.096  1380  5547 I chatty  : uid=1000(system) Binder:1380_16 expire 12 lines
01-28 15:07:54.126  1380  2604 I chatty  : uid=1000(system) Binder:1380_A expire 14 lines
01-28 15:07:54.139 29626 29626 W ActivityThread: Application com.ces.services is waiting for the debugger on port 8100...
01-28 15:08:14.520 29722 29722 W ActivityThread: Application com.ces.services is waiting for the debugger on port 8100...
01-28 15:08:14.531  1380  2604 I chatty  : uid=1000(system) Binder:1380_A expire 8 lines
01-28 15:08:25.529  1380  1408 I chatty  : uid=1000(system) android.bg expire 2 lines
01-28 15:08:46.892  1380  1832 I chatty  : uid=1000(system) Binder:1380_5 expire 12 lines
01-28 15:08:46.961  1380  8006 I chatty  : uid=1000(system) Binder:1380_1C expire 13 lines
01-28 15:08:46.992 29812 29812 W ActivityThread: Application com.ces.services is waiting for the debugger on port 8100...
01-28 15:08:47.026  1380  5547 I chatty  : uid=1000(system) Binder:1380_16 expire 10 lines
01-28 15:08:49.119  1380  1418 I chatty  : uid=1000(system) PowerManagerSer expire 3 lines
01-28 15:08:56.894  1380  1403 I chatty  : uid=1000(system) android.display expire 8 lines
01-28 15:09:08.580  1679  2305 D PowerUI : can't show warning due to - plugged: true status unknown: false
01-28 15:09:22.799  1380  7369 I chatty  : uid=1000(system) Binder:1380_1B expire 7 lines
01-28 15:09:23.059  1380  1397 I chatty  : uid=1000(system) Binder:1380_2 expire 14 lines
01-28 15:09:23.109 29907 29907 W ActivityThread: Application com.ces.services is waiting for the debugger on port 8100...
01-28 15:09:23.118  1380  1832 I chatty  : uid=1000(system) Binder:1380_5 expire 11 lines
01-28 15:09:49.743  1380  1404 I chatty  : uid=1000(system) android.anim expire 2 lines
01-28 15:09:49.858  1380  1410 I chatty  : uid=1000(system) ActivityManager expire 2 lines
01-28 15:09:49.919 29981 29981 W ActivityThread: Application com.ces.services is waiting for the debugger on port 8100...
01-28 15:09:49.953  1380 10028 I chatty  : uid=1000(system) Binder:1380_1E expire 2 lines
01-28 15:09:49.984  1380  3209 I chatty  : uid=1000(system) Binder:1380_F expire 1 line
01-28 15:09:49.993  1380  2072 I chatty  : uid=1000(system) Binder:1380_7 expire 9 lines
01-28 15:10:08.320  1380  2611 I chatty  : uid=1000(system) Binder:1380_C expire 3 lines
01-28 15:10:08.513 30055 30055 W ActivityThread: Application com.ces.services is waiting for the debugger on port 8100...
01-28 15:10:08.516  1380  1397 I chatty  : uid=1000(system) Binder:1380_2 expire 11 lines
01-28 15:10:08.524  1380  2072 I chatty  : uid=1000(system) Binder:1380_7 expire 9 lines
01-28 15:10:08.527  1380  1832 I chatty  : uid=1000(system) Binder:1380_5 expire 10 lines
01-28 15:10:08.556  1380  8006 I chatty  : uid=1000(system) Binder:1380_1C expire 10 lines
01-28 15:10:08.566  1679  2305 D PowerUI : can't show warning due to - plugged: true status unknown: false
01-28 15:10:08.580  1380  2604 I chatty  : uid=1000(system) Binder:1380_A expire 12 lines
01-28 15:10:08.603  1380  5547 I chatty  : uid=1000(system) Binder:1380_16 expire 13 lines
01-28 15:10:10.818  1380  1418 I chatty  : uid=1000(system) PowerManagerSer expire 2 lines
01-28 15:10:18.439  1380  1403 I chatty  : uid=1000(system) android.display expire 8 lines
01-28 15:10:24.401  1679  1679 V DeadZone: consuming errant click: (710.0,9.0)
01-28 15:10:24.402  1679  1679 V DeadZone: consuming errant click: (710.0,9.0)
01-28 15:10:25.216  1380  1404 I chatty  : uid=1000(system) android.anim expire 2 lines
01-28 15:10:25.872  1380  1401 I chatty  : uid=1000(system) android.ui expire 4 lines
01-28 15:10:29.342  1380  1410 I chatty  : uid=1000(system) ActivityManager expire 6 lines
01-28 15:10:29.405 30129 30129 W ActivityThread: Application com.ces.services is waiting for the debugger on port 8100...
01-28 15:10:40.333  1380  2604 I chatty  : uid=1000(system) Binder:1380_A expire 2 lines
01-28 15:10:40.345  1380  1397 I chatty  : uid=1000(system) Binder:1380_2 expire 2 lines
01-28 15:10:41.863  1380  2465 I chatty  : uid=1000(system) AdbDebuggingMan expire 2 lines
01-28 15:10:41.864  1380  1400 I chatty  : uid=1000(system) android.fg expire 13 lines
01-28 15:10:41.865  1380  1562 I chatty  : uid=1000(system) HwBinder:1380_2 expire 4 lines
01-28 15:10:41.977  1380  1409 I chatty  : uid=1000(system) ActivityManager expire 39 lines
01-28 15:10:42.023  1380  1414 I chatty  : uid=1000(system) batterystats-wo expire 1 line
01-28 15:10:42.158  1380  1380 I chatty  : uid=1000 system_server expire 8 lines
01-28 15:10:48.646  1380  1402 I chatty  : uid=1000(system) android.io expire 1 line
01-28 15:10:48.655  1679  2305 D PowerUI : can't show warning due to - plugged: true status unknown: false
01-28 15:10:49.312  1679  2305 D PowerUI : can't show warning due to - plugged: true status unknown: false
01-28 15:10:49.375  1380  3209 I chatty  : uid=1000(system) Binder:1380_F expire 1 line
01-28 15:10:49.407  1380  1591 I chatty  : uid=1000(system) Binder:1380_3 expire 7 lines
01-28 15:10:49.421  1380  1852 I chatty  : uid=1000(system) Binder:1380_6 expire 6 lines
01-28 15:10:49.426  1380  6751 I chatty  : uid=1000(system) Binder:1380_18 expire 2 lines
01-28 15:10:49.431  1380  1731 I chatty  : uid=1000(system) Binder:1380_4 expire 1 line
01-28 15:10:49.459  1380  2104 I chatty  : uid=1000(system) Binder:1380_9 expire 4 lines
01-28 15:10:49.596  1679  2305 D PowerUI : can't show warning due to - plugged: true status unknown: false
01-28 15:10:50.823  1679  2305 D PowerUI : can't show warning due to - plugged: true status unknown: false
01-28 15:10:53.263  1380  1422 I chatty  : uid=1000(system) PackageManager expire 52 lines
01-28 15:10:53.771  1380  1408 I chatty  : uid=1000(system) android.bg expire 1 line
01-28 15:10:56.867  1380  5403 I chatty  : uid=1000(system) Binder:1380_14 expire 1 line
01-28 15:10:58.755  1380  8006 I chatty  : uid=1000(system) Binder:1380_1C expire 1 line
01-28 15:10:59.576  1679  2305 D PowerUI : can't show warning due to - plugged: true status unknown: false
01-28 15:10:59.902  1380  1400 I chatty  : uid=1000(system) android.fg expire 3 lines
01-28 15:11:03.672  1380  1422 I chatty  : uid=1000(system) PackageManager expire 21 lines
01-28 15:11:03.727   649 28387 D vold    : Remounting 10254 as mode default
01-28 15:11:03.753  1380  1380 I chatty  : uid=1000 system_server expire 13 lines
01-28 15:11:03.780  1380  2611 I chatty  : uid=1000(system) Binder:1380_C expire 1 line
01-28 15:11:03.789  1380  1409 I chatty  : uid=1000(system) ActivityManager expire 11 lines
01-28 15:11:03.796  1380  1403 I chatty  : uid=1000(system) android.display expire 7 lines
01-28 15:11:03.797  1380  2104 I chatty  : uid=1000(system) Binder:1380_9 expire 10 lines
01-28 15:11:03.843  1380  1410 I chatty  : uid=1000(system) ActivityManager expire 4 lines
01-28 15:11:03.922  1380  1397 I chatty  : uid=1000(system) Binder:1380_2 expire 5 lines
01-28 15:11:03.936 30635 30635 W ActivityThread: Application com.ces.services is waiting for the debugger on port 8100...
01-28 15:11:04.233  1380  1408 I chatty  : uid=1000(system) android.bg expire 1 line
01-28 15:11:07.199  1380  5464 I chatty  : uid=1000(system) Binder:1380_15 expire 5 lines
01-28 15:11:12.638  1380  1591 I chatty  : uid=1000(system) Binder:1380_3 expire 3 lines
01-28 15:11:12.955   649 28387 D vold    : Remounting 10254 as mode default
01-28 15:11:12.965   649 28387 D vold    : Found matching PID 30635
01-28 15:11:12.971   649 28387 D vold    : Remounting 10254 as mode default
01-28 15:11:12.980   649 28387 D vold    : Found matching PID 30635
01-28 15:11:14.380  1380  1731 I chatty  : uid=1000(system) Binder:1380_4 expire 5 lines
01-28 15:11:38.929  1380  1418 I chatty  : uid=1000(system) PowerManagerSer expire 1 line
01-28 15:11:48.668  1679  2305 D PowerUI : can't show warning due to - plugged: true status unknown: false
01-28 15:12:49.542  1679  2305 I chatty  : uid=10158(com.android.systemui) pool-5-thread-1 identical 15 lines
01-28 15:12:54.712  1380  3215 I chatty  : uid=1000(system) Binder:1380_12 expire 5 lines
01-28 15:12:54.748  1380  1852 I chatty  : uid=1000(system) Binder:1380_6 expire 21 lines
01-28 15:12:54.935  1380  3212 I chatty  : uid=1000(system) Binder:1380_11 expire 10 lines
01-28 15:12:54.942  1380  2604 I chatty  : uid=1000(system) Binder:1380_A expire 13 lines
01-28 15:12:55.753  1380  1409 I chatty  : uid=1000(system) ActivityManager expire 32 lines
01-28 15:12:55.754  1380  1422 I chatty  : uid=1000(system) PackageManager expire 72 lines
01-28 15:12:55.936  1380  5547 I chatty  : uid=1000(system) Binder:1380_16 expire 14 lines
01-28 15:12:56.138 30835 30835 W ActivityThread: Application com.ces.services is waiting for the debugger on port 8100...
01-28 15:12:56.161  1380  1380 I chatty  : uid=1000 system_server expire 12 lines
01-28 15:12:56.187  1380  6998 I chatty  : uid=1000(system) Binder:1380_19 expire 16 lines
01-28 15:14:12.534  1380  2104 I chatty  : uid=1000(system) Binder:1380_9 expire 1 line
01-28 15:14:12.554  1380  1410 I chatty  : uid=1000(system) ActivityManager expire 8 lines
01-28 15:14:12.583  1380  3209 I chatty  : uid=1000(system) Binder:1380_F expire 6 lines
01-28 15:14:12.606  1380  1731 I chatty  : uid=1000(system) Binder:1380_4 expire 4 lines
01-28 15:14:12.627  1380  5403 I chatty  : uid=1000(system) Binder:1380_14 expire 2 lines
01-28 15:14:12.638 31004 31004 W ActivityThread: Application com.ces.services is waiting for the debugger on port 8100...
01-28 15:14:12.856  1380  3212 I chatty  : uid=1000(system) Binder:1380_11 expire 8 lines
01-28 15:14:12.891  1380  1600 I chatty  : uid=1000(system) ConnectivitySer expire 17 lines
01-28 15:14:22.546  1380  1403 I chatty  : uid=1000(system) android.display expire 8 lines
01-28 15:14:27.179  1380  1400 I chatty  : uid=1000(system) android.fg expire 3 lines
01-28 15:14:28.147  1380  1397 I chatty  : uid=1000(system) Binder:1380_2 expire 11 lines
01-28 15:14:28.150  1380  3206 I chatty  : uid=1000(system) Binder:1380_E expire 19 lines
01-28 15:14:42.205  1380  1409 I chatty  : uid=1000(system) ActivityManager expire 10 lines
01-28 15:16:19.924  1380  1418 I chatty  : uid=1000(system) PowerManagerSer expire 10 lines
01-28 15:16:47.471  1380  8006 I chatty  : uid=1000(system) Binder:1380_1C expire 9 lines
01-28 15:16:47.473  1380  1396 I chatty  : uid=1000(system) Binder:1380_1 expire 14 lines
01-28 15:17:32.982  1380  3211 I chatty  : uid=1000(system) Binder:1380_10 expire 4 lines
01-28 15:17:33.030  1380  2611 I chatty  : uid=1000(system) Binder:1380_C expire 5 lines
01-28 15:17:33.042  1380  5593 I chatty  : uid=1000(system) Binder:1380_17 expire 5 lines
01-28 15:17:33.086  1380  7368 I chatty  : uid=1000(system) Binder:1380_1A expire 5 lines
01-28 15:17:50.495  1380  1401 I chatty  : uid=1000(system) android.ui expire 2 lines
01-28 15:17:50.506  1380  1404 I chatty  : uid=1000(system) android.anim expire 2 lines
01-28 15:18:48.298  1380  6751 I chatty  : uid=1000(system) Binder:1380_18 expire 1 line
01-28 15:20:49.363  1380  2608 I chatty  : uid=1000(system) Binder:1380_B expire 2 lines
01-28 15:21:51.085  1679  2305 I chatty  : uid=10158(com.android.systemui) pool-5-thread-1 expire 35 lines
01-28 15:23:06.737  1679  2305 D PowerUI : can't show warning due to - plugged: true status unknown: false
01-28 15:23:08.531  1679  2305 D PowerUI : can't show warning due to - plugged: true status unknown: false
01-28 15:23:38.747  1380  5377 I chatty  : uid=1000(system) Binder:1380_13 expire 1 line
01-28 15:23:38.747  1380  1600 I chatty  : uid=1000(system) ConnectivitySer expire 1 line
01-28 15:23:48.662  1679  2305 D PowerUI : can't show warning due to - plugged: true status unknown: false
01-28 15:23:53.561  1679  2305 D PowerUI : can't show warning due to - plugged: true status unknown: false
01-28 15:23:58.040  1380  1418 I chatty  : uid=1000(system) PowerManagerSer expire 10 lines
01-28 15:23:58.109  1679  2305 D PowerUI : can't show warning due to - plugged: true status unknown: false
01-28 15:24:24.176  1679  2305 D PowerUI : can't show warning due to - plugged: true status unknown: false
01-28 15:25:33.160  1679  2305 D PowerUI : can't show warning due to - plugged: true status unknown: false
01-28 15:25:33.396  1380  1409 I chatty  : uid=1000(system) ActivityManager expire 4 lines
01-28 15:25:34.229  1679  2305 D PowerUI : can't show warning due to - plugged: true status unknown: false
01-28 15:25:48.662  1679  2305 D PowerUI : can't show warning due to - plugged: true status unknown: false
01-28 15:26:09.356  1679  2305 D PowerUI : can't show warning due to - plugged: true status unknown: false
01-28 15:26:10.451  1679  2305 I chatty  : uid=10158(com.android.systemui) pool-5-thread-1 identical 11 lines
01-28 15:26:18.235  1679  2305 D PowerUI : can't show warning due to - plugged: true status unknown: false
01-28 15:26:19.738  1679  2305 D PowerUI : can't show warning due to - plugged: true status unknown: false
01-28 15:26:36.749  1679  2305 D PowerUI : can't show warning due to - plugged: true status unknown: false
01-28 15:26:48.667  1679  2305 D PowerUI : can't show warning due to - plugged: true status unknown: false
01-28 15:26:59.378  1380  1591 I chatty  : uid=1000(system) Binder:1380_3 expire 2 lines
01-28 15:27:04.814  1679  2305 D PowerUI : can't show warning due to - plugged: true status unknown: false
01-28 15:27:06.183  1679  2305 D PowerUI : can't show warning due to - plugged: true status unknown: false
01-28 15:27:08.183  1679  2305 D PowerUI : can't show warning due to - plugged: true status unknown: false
01-28 15:27:35.300  1679  2305 D PowerUI : can't show warning due to - plugged: true status unknown: false
01-28 15:27:43.874  1679  2305 D PowerUI : can't show warning due to - plugged: true status unknown: false
01-28 15:27:48.670  1679  2305 D PowerUI : can't show warning due to - plugged: true status unknown: false
01-28 15:28:07.839  1679  2305 D PowerUI : can't show warning due to - plugged: true status unknown: false
01-28 15:28:15.839  1679  2305 D PowerUI : can't show warning due to - plugged: true status unknown: false
01-28 15:28:15.895  1380  1414 I chatty  : uid=1000(system) batterystats-wo expire 1 line
01-28 15:28:16.447  1679  2305 D PowerUI : can't show warning due to - plugged: true status unknown: false
01-28 15:28:29.697  1380  1408 I chatty  : uid=1000(system) android.bg expire 5 lines
01-28 15:28:48.665  1679  2305 D PowerUI : can't show warning due to - plugged: true status unknown: false
01-28 15:29:10.289  1679  2305 D PowerUI : can't show warning due to - plugged: true status unknown: false
01-28 15:29:10.764  1679  2305 D PowerUI : can't show warning due to - plugged: true status unknown: false
01-28 15:29:59.770  1679  2305 D PowerUI : can't show warning due to - plugged: true status unknown: false
01-28 15:30:01.788  1679  2305 D PowerUI : can't show warning due to - plugged: true status unknown: false
01-28 15:30:32.681  1679  2305 D PowerUI : can't show warning due to - plugged: true status unknown: false
01-28 15:30:48.665  1679  2305 D PowerUI : can't show warning due to - plugged: true status unknown: false
01-28 15:30:50.288  1679  2305 D PowerUI : can't show warning due to - plugged: true status unknown: false
01-28 15:31:06.144  1679  2305 D PowerUI : can't show warning due to - plugged: true status unknown: false
01-28 15:31:07.136  1380  3215 I chatty  : uid=1000(system) Binder:1380_12 expire 1 line
01-28 15:31:07.139  1380  3209 I chatty  : uid=1000(system) Binder:1380_F expire 2 lines
01-28 15:31:20.241  1679  2305 D PowerUI : can't show warning due to - plugged: true status unknown: false
01-28 15:31:21.821  1679  2305 I chatty  : uid=10158(com.android.systemui) pool-5-thread-1 identical 12 lines
01-28 15:31:48.670  1679  2305 D PowerUI : can't show warning due to - plugged: true status unknown: false
01-28 15:31:55.472  1380  1380 I chatty  : uid=1000 system_server expire 10 lines
01-28 15:31:57.240  1679  2305 D PowerUI : can't show warning due to - plugged: true status unknown: false
01-28 15:31:57.771  1679  2305 D PowerUI : can't show warning due to - plugged: true status unknown: false
01-28 15:32:08.239  1679  2305 D PowerUI : can't show warning due to - plugged: true status unknown: false
01-28 15:32:08.568  1679  2305 D PowerUI : can't show warning due to - plugged: true status unknown: false
01-28 15:32:20.291  1380  8006 I chatty  : uid=1000(system) Binder:1380_1C expire 4 lines
01-28 15:32:48.665  1679  2305 D PowerUI : can't show warning due to - plugged: true status unknown: false
01-28 15:33:35.182  1380  1409 I chatty  : uid=1000(system) ActivityManager expire 35 lines
01-28 15:33:48.667  1679  2305 D PowerUI : can't show warning due to - plugged: true status unknown: false
01-28 15:34:34.946  1679  2305 D PowerUI : can't show warning due to - plugged: true status unknown: false
01-28 15:34:48.664  1679  2305 D PowerUI : can't show warning due to - plugged: true status unknown: false
01-28 15:35:48.666  1679  2305 D PowerUI : can't show warning due to - plugged: true status unknown: false
01-28 15:36:01.698  1380  2072 I chatty  : uid=1000(system) Binder:1380_7 expire 5 lines
01-28 15:36:30.591  1679  2305 D PowerUI : can't show warning due to - plugged: true status unknown: false
01-28 15:36:48.668  1679  2305 D PowerUI : can't show warning due to - plugged: true status unknown: false
01-28 15:37:35.021  1679  2305 D PowerUI : can't show warning due to - plugged: true status unknown: false
01-28 15:37:36.519  1679  2305 D PowerUI : can't show warning due to - plugged: true status unknown: false
01-28 15:37:36.821  1380  6751 I chatty  : uid=1000(system) Binder:1380_18 expire 1 line
01-28 15:37:36.860  1380  1600 I chatty  : uid=1000(system) ConnectivitySer expire 1 line
01-28 15:37:38.350  1679  2305 D PowerUI : can't show warning due to - plugged: true status unknown: false
01-28 15:37:40.590  1380  1397 I chatty  : uid=1000(system) Binder:1380_2 expire 5 lines
01-28 15:37:48.663  1679  2305 D PowerUI : can't show warning due to - plugged: true status unknown: false
01-28 15:37:55.983  1380  1380 I chatty  : uid=1000 system_server expire 10 lines
01-28 15:38:48.666  1679  2305 D PowerUI : can't show warning due to - plugged: true status unknown: false
01-28 15:39:03.953  1679  2305 D PowerUI : can't show warning due to - plugged: true status unknown: false
01-28 15:39:22.140  1679  2305 D PowerUI : can't show warning due to - plugged: true status unknown: false
01-28 15:39:24.433  1679  2305 D PowerUI : can't show warning due to - plugged: true status unknown: false
01-28 15:39:25.333  1380  1418 I chatty  : uid=1000(system) PowerManagerSer expire 5 lines
01-28 15:39:32.997  1679  2305 D PowerUI : can't show warning due to - plugged: true status unknown: false
01-28 15:39:48.665  1679  2305 D PowerUI : can't show warning due to - plugged: true status unknown: false
01-28 15:40:12.175  1679  2305 D PowerUI : can't show warning due to - plugged: true status unknown: false
01-28 15:40:48.674  1679  2305 D PowerUI : can't show warning due to - plugged: true status unknown: false
01-28 15:41:00.830  1380 10872 I chatty  : uid=1000(system) Binder:1380_1F expire 10 lines
01-28 15:41:00.904  1380  5547 I chatty  : uid=1000(system) Binder:1380_16 expire 1 line
01-28 15:41:00.945  1380  1403 I chatty  : uid=1000(system) android.display expire 6 lines
01-28 15:41:02.921  1380  5377 I chatty  : uid=1000(system) Binder:1380_13 expire 4 lines
01-28 15:41:03.006  1380  7368 I chatty  : uid=1000(system) Binder:1380_1A expire 4 lines
01-28 15:41:03.034  1679  2305 D PowerUI : can't show warning due to - plugged: true status unknown: false
01-28 15:41:03.085  1380  1731 I chatty  : uid=1000(system) Binder:1380_4 expire 5 lines
01-28 15:41:03.153  1380  1852 I chatty  : uid=1000(system) Binder:1380_6 expire 9 lines
01-28 15:41:03.162  1380  1591 I chatty  : uid=1000(system) Binder:1380_3 expire 8 lines
01-28 15:41:03.171  1380  6998 I chatty  : uid=1000(system) Binder:1380_19 expire 5 lines
01-28 15:41:03.243  1380  2604 I chatty  : uid=1000(system) Binder:1380_A expire 3 lines
01-28 15:41:18.777  1380  1422 I chatty  : uid=1000(system) PackageManager expire 72 lines
01-28 15:41:19.013  1380  1410 I chatty  : uid=1000(system) ActivityManager expire 2 lines
01-28 15:41:19.132  1380  1400 I chatty  : uid=1000(system) android.fg expire 2 lines
01-28 15:41:21.891  1679  2305 D PowerUI : can't show warning due to - plugged: true status unknown: false
01-28 15:41:22.526  1380  1409 I chatty  : uid=1000(system) ActivityManager expire 12 lines
01-28 15:41:23.004  1679  2305 D PowerUI : can't show warning due to - plugged: true status unknown: false
01-28 15:41:24.984  1679  2305 D PowerUI : can't show warning due to - plugged: true status unknown: false
01-28 15:41:25.228  1679  2305 I chatty  : uid=10158(com.android.systemui) pool-5-thread-1 identical 6 lines
01-28 15:41:25.883  1679  2305 D PowerUI : can't show warning due to - plugged: true status unknown: false
01-28 15:41:26.370  1380  2102 I chatty  : uid=1000(system) Binder:1380_8 expire 2 lines
01-28 15:41:27.900  1679  2305 D PowerUI : can't show warning due to - plugged: true status unknown: false
01-28 15:41:30.303  1679  2305 D PowerUI : can't show warning due to - plugged: true status unknown: false
01-28 15:41:45.826  1679  2305 D PowerUI : can't show warning due to - plugged: true status unknown: false
01-28 15:41:48.657  1679  2305 D PowerUI : can't show warning due to - plugged: true status unknown: false
01-28 15:41:50.301  1679  2305 D PowerUI : can't show warning due to - plugged: true status unknown: false
01-28 15:41:52.678  1679  2305 D PowerUI : can't show warning due to - plugged: true status unknown: false
01-28 15:42:20.922  1380  1832 I chatty  : uid=1000(system) Binder:1380_5 expire 1 line
01-28 15:42:48.664  1679  2305 D PowerUI : can't show warning due to - plugged: true status unknown: false
01-28 15:43:48.669  1679  2305 D PowerUI : can't show warning due to - plugged: true status unknown: false
01-28 15:44:48.673  1679  2305 D PowerUI : can't show warning due to - plugged: true status unknown: false
01-28 15:46:48.660  1679  2305 D PowerUI : can't show warning due to - plugged: true status unknown: false
01-28 15:47:09.572  1380  1396 I chatty  : uid=1000(system) Binder:1380_1 expire 1 line
01-28 15:47:33.592  1380  5403 I chatty  : uid=1000(system) Binder:1380_14 expire 1 line
01-28 15:47:48.675  1679  2305 D PowerUI : can't show warning due to - plugged: true status unknown: false
01-28 15:48:48.668  1679  2305 D PowerUI : can't show warning due to - plugged: true status unknown: false
01-28 15:48:53.970  1380  3206 I chatty  : uid=1000(system) Binder:1380_E expire 2 lines
01-28 15:49:37.974  1380  1409 I chatty  : uid=1000(system) ActivityManager expire 1 line
01-28 15:49:40.301  1380  1401 I chatty  : uid=1000(system) android.ui expire 6 lines
01-28 15:49:40.306  1380  1403 I chatty  : uid=1000(system) android.display expire 10 lines
01-28 15:49:40.311  1380  1404 I chatty  : uid=1000(system) android.anim expire 6 lines
01-28 15:49:48.673  1679  2305 D PowerUI : can't show warning due to - plugged: true status unknown: false
01-28 15:49:52.820  1380  1418 I chatty  : uid=1000(system) PowerManagerSer expire 7 lines
01-28 15:50:33.802  1380  1832 I chatty  : uid=1000(system) Binder:1380_5 expire 3 lines
01-28 15:50:48.663  1679  2305 D PowerUI : can't show warning due to - plugged: true status unknown: false
01-28 15:51:21.275  1380  1396 I chatty  : uid=1000(system) Binder:1380_1 expire 4 lines
01-28 15:51:21.397  1380  5547 I chatty  : uid=1000(system) Binder:1380_16 expire 6 lines
01-28 15:51:21.398  1380  2072 I chatty  : uid=1000(system) Binder:1380_7 expire 2 lines
01-28 15:51:21.472  1380  3212 I chatty  : uid=1000(system) Binder:1380_11 expire 10 lines
01-28 15:51:21.503  1380  3206 I chatty  : uid=1000(system) Binder:1380_E expire 8 lines
01-28 15:51:21.515  1380  2611 I chatty  : uid=1000(system) Binder:1380_C expire 4 lines
01-28 15:51:21.533  1380  1731 I chatty  : uid=1000(system) Binder:1380_4 expire 8 lines
01-28 15:51:33.647  1380  5377 I chatty  : uid=1000(system) Binder:1380_13 expire 1 line
01-28 15:51:37.472  1380  1409 I chatty  : uid=1000(system) ActivityManager expire 32 lines
01-28 15:51:37.472  1380  1422 I chatty  : uid=1000(system) PackageManager expire 72 lines
01-28 15:51:37.680  1380  1410 I chatty  : uid=1000(system) ActivityManager expire 2 lines
01-28 15:51:37.752  1380  1380 I chatty  : uid=1000 system_server expire 9 lines
01-28 15:51:37.888  1380  1400 I chatty  : uid=1000(system) android.fg expire 2 lines
01-28 15:51:48.664  1679  2305 D PowerUI : can't show warning due to - plugged: true status unknown: false
01-28 15:51:54.099  1380  7368 I chatty  : uid=1000(system) Binder:1380_1A expire 2 lines
01-28 15:51:56.077  1679  2305 D PowerUI : can't show warning due to - plugged: true status unknown: false
01-28 15:52:18.417  1380  1409 I chatty  : uid=1000(system) ActivityManager expire 4 lines
01-28 15:52:48.125  1380  3212 I chatty  : uid=1000(system) Binder:1380_11 expire 4 lines
01-28 15:52:48.662  1679  2305 D PowerUI : can't show warning due to - plugged: true status unknown: false
01-28 15:53:18.203  1380  5464 I chatty  : uid=1000(system) Binder:1380_15 expire 2 lines
01-28 15:53:18.203  1380  1600 I chatty  : uid=1000(system) ConnectivitySer expire 2 lines
01-28 15:54:07.225  1380  3180 I chatty  : uid=1000(system) Binder:1380_D expire 1 line
01-28 15:55:03.558  1380  3211 I chatty  : uid=1000(system) Binder:1380_10 expire 6 lines
01-28 15:55:48.657  1679  2305 D PowerUI : can't show warning due to - plugged: true status unknown: false
01-28 15:56:35.522  1380 10028 I chatty  : uid=1000(system) Binder:1380_1E expire 4 lines
01-28 15:56:36.072  1380  6998 I chatty  : uid=1000(system) Binder:1380_19 expire 4 lines
01-28 15:56:48.659  1679  2305 D PowerUI : can't show warning due to - plugged: true status unknown: false
01-28 15:57:39.261  1380  9934 I chatty  : uid=1000(system) Binder:1380_1D expire 1 line
01-28 15:57:39.329  1380  5593 I chatty  : uid=1000(system) Binder:1380_17 expire 1 line
01-28 15:57:48.663  1679  2305 D PowerUI : can't show warning due to - plugged: true status unknown: false
01-28 15:58:09.192  1380  7369 I chatty  : uid=1000(system) Binder:1380_1B expire 1 line
01-28 15:58:37.949  1380  3209 I chatty  : uid=1000(system) Binder:1380_F expire 2 lines
01-28 15:58:48.656  1679  2305 D PowerUI : can't show warning due to - plugged: true status unknown: false
01-28 15:59:48.660  1679  2305 D PowerUI : can't show warning due to - plugged: true status unknown: false
01-28 16:00:33.018  1380  1409 I chatty  : uid=1000(system) ActivityManager expire 33 lines
01-28 16:00:33.788  1380  1397 I chatty  : uid=1000(system) Binder:1380_2 expire 3 lines
01-28 16:00:33.874  1380  6998 I chatty  : uid=1000(system) Binder:1380_19 expire 4 lines
01-28 16:00:33.875  1380  5377 I chatty  : uid=1000(system) Binder:1380_13 expire 14 lines
01-28 16:00:33.879  1380  1403 I chatty  : uid=1000(system) android.display expire 4 lines
01-28 16:00:33.996  1380  3180 I chatty  : uid=1000(system) Binder:1380_D expire 5 lines
01-28 16:00:34.030  1380  2072 I chatty  : uid=1000(system) Binder:1380_7 expire 9 lines
01-28 16:00:34.040  1380  6751 I chatty  : uid=1000(system) Binder:1380_18 expire 4 lines
01-28 16:00:34.086  1380  2604 I chatty  : uid=1000(system) Binder:1380_A expire 4 lines
01-28 16:00:37.218  1380  1422 I chatty  : uid=1000(system) PackageManager expire 72 lines
01-28 16:00:37.422  1380  2608 I chatty  : uid=1000(system) Binder:1380_B expire 1 line
01-28 16:00:37.502  1380  1410 I chatty  : uid=1000(system) ActivityManager expire 3 lines
01-28 16:00:37.538  1380  1380 I chatty  : uid=1000 system_server expire 11 lines
01-28 16:00:37.687  1380  5547 I chatty  : uid=1000(system) Binder:1380_16 expire 6 lines
01-28 16:00:44.801  1380  3212 I chatty  : uid=1000(system) Binder:1380_11 expire 10 lines
01-28 16:00:48.659  1679  2305 D PowerUI : can't show warning due to - plugged: true status unknown: false
01-28 16:01:48.660  1679  2305 D PowerUI : can't show warning due to - plugged: true status unknown: false
01-28 16:01:49.254  1380  5377 I chatty  : uid=1000(system) Binder:1380_13 expire 1 line
01-28 16:02:12.482  1380  1418 I chatty  : uid=1000(system) PowerManagerSer expire 3 lines
01-28 16:02:48.664  1679  2305 D PowerUI : can't show warning due to - plugged: true status unknown: false
01-28 16:03:13.238  1380  1409 I chatty  : uid=1000(system) ActivityManager expire 4 lines
01-28 16:03:48.667  1679  2305 D PowerUI : can't show warning due to - plugged: true status unknown: false
01-28 16:03:49.476  1380 10028 I chatty  : uid=1000(system) Binder:1380_1E expire 3 lines
01-28 16:04:48.664  1679  2305 D PowerUI : can't show warning due to - plugged: true status unknown: false
01-28 16:04:53.802  1380  1380 I chatty  : uid=1000 system_server expire 1 line
01-28 16:05:28.860  1380  1600 I chatty  : uid=1000(system) ConnectivitySer expire 1 line
01-28 16:05:48.657  1679  2305 D PowerUI : can't show warning due to - plugged: true status unknown: false
