01-23 11:32:50.201  1691  2386 D PowerUI : can't show warning due to - plugged: true status unknown: false
01-23 11:33:24.484  1691  2386 D PowerUI : can't show warning due to - plugged: true status unknown: false
01-23 11:33:24.882  1691  2386 D PowerUI : can't show warning due to - plugged: true status unknown: false
01-23 11:33:34.877  1691  2386 D PowerUI : can't show warning due to - plugged: true status unknown: false
01-23 11:33:36.308  1356  1447 I chatty  : uid=1000(system) PackageManager expire 54 lines
01-23 11:33:36.424  1356  1413 I chatty  : uid=1000(system) ActivityManager expire 29 lines
01-23 11:33:36.492  1356  3273 I chatty  : uid=1000(system) Binder:1356_10 expire 19 lines
01-23 11:33:36.547  1356  1414 I chatty  : uid=1000(system) ActivityManager expire 4 lines
01-23 11:33:36.551  1356  1356 I chatty  : uid=1000 system_server expire 11 lines
01-23 11:33:37.949  1356  3997 I chatty  : uid=1000(system) Binder:1356_14 expire 8 lines
01-23 11:33:38.266  1356  5688 I chatty  : uid=1000(system) Binder:1356_1B expire 10 lines
01-23 11:33:38.268  1356  2069 I chatty  : uid=1000(system) Binder:1356_8 expire 11 lines
01-23 11:33:50.202  1691  2386 D PowerUI : can't show warning due to - plugged: true status unknown: false
01-23 11:33:51.481  1691  2386 D PowerUI : can't show warning due to - plugged: true status unknown: false
01-23 11:33:53.429  1691  2386 D PowerUI : can't show warning due to - plugged: true status unknown: false
01-23 11:33:54.906  1691  2386 D PowerUI : can't show warning due to - plugged: true status unknown: false
01-23 11:34:28.384  1356  5333 I chatty  : uid=1000(system) Binder:1356_1A expire 10 lines
01-23 11:34:39.431  1691  2386 D PowerUI : can't show warning due to - plugged: true status unknown: false
01-23 11:34:39.808  1691  2386 I chatty  : uid=10016(com.android.systemui) pool-5-thread-1 identical 10 lines
01-23 11:34:43.030  1691  2386 D PowerUI : can't show warning due to - plugged: true status unknown: false
01-23 11:34:50.193  1691  2386 D PowerUI : can't show warning due to - plugged: true status unknown: false
01-23 11:34:52.854  1691  2386 D PowerUI : can't show warning due to - plugged: true status unknown: false
01-23 11:34:57.042  1691  2386 D PowerUI : can't show warning due to - plugged: true status unknown: false
01-23 11:35:00.353  1691  2386 D PowerUI : can't show warning due to - plugged: true status unknown: false
01-23 11:35:08.478  1356  2069 I chatty  : uid=1000(system) Binder:1356_8 expire 4 lines
01-23 11:35:08.487  1356  5688 I chatty  : uid=1000(system) Binder:1356_1B expire 4 lines
01-23 11:35:10.792  1356  1407 I chatty  : uid=1000(system) android.display expire 1 line
01-23 11:35:18.620  1356  1413 I chatty  : uid=1000(system) ActivityManager expire 30 lines
01-23 11:35:23.527  1356  3273 I chatty  : uid=1000(system) Binder:1356_10 expire 2 lines
01-23 11:35:23.534  1356  3271 I chatty  : uid=1000(system) Binder:1356_F expire 4 lines
01-23 11:35:25.839  1691  2386 D PowerUI : can't show warning due to - plugged: true status unknown: false
01-23 11:35:27.445  1356  1447 I chatty  : uid=1000(system) PackageManager expire 54 lines
01-23 11:35:27.644  1356  3262 I chatty  : uid=1000(system) Binder:1356_E expire 1 line
01-23 11:35:27.670  1356  1356 I chatty  : uid=1000 system_server expire 10 lines
01-23 11:35:27.846  1356  1404 I chatty  : uid=1000(system) android.fg expire 2 lines
01-23 11:35:29.688  1356  1986 I chatty  : uid=1000(system) Binder:1356_6 expire 8 lines
01-23 11:35:31.722  1691  2386 D PowerUI : can't show warning due to - plugged: true status unknown: false
01-23 11:35:33.869  1691  2386 D PowerUI : can't show warning due to - plugged: true status unknown: false
01-23 11:35:35.661  1356  5333 I chatty  : uid=1000(system) Binder:1356_1A expire 10 lines
01-23 11:35:35.663  1356  2117 I chatty  : uid=1000(system) Binder:1356_9 expire 11 lines
01-23 11:35:35.677  1356  3998 I chatty  : uid=1000(system) Binder:1356_15 expire 3 lines
01-23 11:35:36.921  1691  2386 D PowerUI : can't show warning due to - plugged: true status unknown: false
01-23 11:35:38.606  1691  2386 D PowerUI : can't show warning due to - plugged: true status unknown: false
01-23 11:35:40.718  1691  2386 D PowerUI : can't show warning due to - plugged: true status unknown: false
01-23 11:35:45.396  1691  2386 D PowerUI : can't show warning due to - plugged: true status unknown: false
01-23 11:35:50.203  1691  2386 D PowerUI : can't show warning due to - plugged: true status unknown: false
01-23 11:35:55.197  1691  2386 D PowerUI : can't show warning due to - plugged: true status unknown: false
01-23 11:36:02.910  1691  2386 D PowerUI : can't show warning due to - plugged: true status unknown: false
01-23 11:36:06.791  1691  2386 D PowerUI : can't show warning due to - plugged: true status unknown: false
01-23 11:36:15.436  1691  2386 D PowerUI : can't show warning due to - plugged: true status unknown: false
01-23 11:36:25.071  1691  2386 D PowerUI : can't show warning due to - plugged: true status unknown: false
01-23 11:36:30.856  1691  2386 D PowerUI : can't show warning due to - plugged: true status unknown: false
01-23 11:36:35.197  1691  2386 D PowerUI : can't show warning due to - plugged: true status unknown: false
01-23 11:36:47.539  1691  2386 D PowerUI : can't show warning due to - plugged: true status unknown: false
01-23 11:36:50.203  1691  2386 D PowerUI : can't show warning due to - plugged: true status unknown: false
01-23 11:36:54.858  1691  2386 D PowerUI : can't show warning due to - plugged: true status unknown: false
01-23 11:36:56.159  1691  2386 D PowerUI : can't show warning due to - plugged: true status unknown: false
01-23 11:37:03.744  1356  5798 I chatty  : uid=1000(system) Binder:1356_1C expire 5 lines
01-23 11:37:09.804  1356  1413 I chatty  : uid=1000(system) ActivityManager expire 2 lines
01-23 11:37:24.113  1691  2386 D PowerUI : can't show warning due to - plugged: true status unknown: false
01-23 11:37:25.526  1691  2386 D PowerUI : can't show warning due to - plugged: true status unknown: false
01-23 11:37:35.025  1691  2386 D PowerUI : can't show warning due to - plugged: true status unknown: false
01-23 11:37:47.162  1691  2386 I chatty  : uid=10016(com.android.systemui) pool-5-thread-1 identical 7 lines
01-23 11:37:47.869  1691  2386 D PowerUI : can't show warning due to - plugged: true status unknown: false
01-23 11:37:50.189  1691  2386 D PowerUI : can't show warning due to - plugged: true status unknown: false
01-23 11:37:55.034  1691  2386 D PowerUI : can't show warning due to - plugged: true status unknown: false
01-23 11:38:00.541  1691  2386 D PowerUI : can't show warning due to - plugged: true status unknown: false
01-23 11:38:05.797  1691  2386 D PowerUI : can't show warning due to - plugged: true status unknown: false
01-23 11:38:13.818  1691  2386 D PowerUI : can't show warning due to - plugged: true status unknown: false
01-23 11:38:19.420  1691  2386 D PowerUI : can't show warning due to - plugged: true status unknown: false
01-23 11:38:33.409  1691  2386 D PowerUI : can't show warning due to - plugged: true status unknown: false
01-23 11:38:40.188  1691  2386 D PowerUI : can't show warning due to - plugged: true status unknown: false
01-23 11:38:40.910  1691  2386 D PowerUI : can't show warning due to - plugged: true status unknown: false
01-23 11:38:50.200  1691  2386 D PowerUI : can't show warning due to - plugged: true status unknown: false
01-23 11:38:54.084  1691  2386 D PowerUI : can't show warning due to - plugged: true status unknown: false
01-23 11:38:55.696  1691  2386 D PowerUI : can't show warning due to - plugged: true status unknown: false
01-23 11:39:04.021  1356  2117 I chatty  : uid=1000(system) Binder:1356_9 expire 10 lines
01-23 11:39:19.069  1356  3998 I chatty  : uid=1000(system) Binder:1356_15 expire 10 lines
01-23 11:39:26.613  1356  1356 I chatty  : uid=1000 system_server expire 13 lines
01-23 11:39:26.623  1691  2386 D PowerUI : can't show warning due to - plugged: true status unknown: false
01-23 11:39:28.352  1691  2386 I chatty  : uid=10016(com.android.systemui) pool-5-thread-1 identical 10 lines
01-23 11:39:30.532  1691  2386 D PowerUI : can't show warning due to - plugged: true status unknown: false
01-23 11:39:42.658  1691  2386 D PowerUI : can't show warning due to - plugged: true status unknown: false
01-23 11:39:49.161  1356  5798 I chatty  : uid=1000(system) Binder:1356_1C expire 5 lines
01-23 11:39:49.165  1356  5333 I chatty  : uid=1000(system) Binder:1356_1A expire 14 lines
01-23 11:39:50.219  1691  2386 D PowerUI : can't show warning due to - plugged: true status unknown: false
01-23 11:40:04.066  1691  2386 D PowerUI : can't show warning due to - plugged: true status unknown: false
01-23 11:40:05.580  1691  2386 D PowerUI : can't show warning due to - plugged: true status unknown: false
01-23 11:40:28.690  1691  2386 D PowerUI : can't show warning due to - plugged: true status unknown: false
01-23 11:40:30.694  1691  2386 D PowerUI : can't show warning due to - plugged: true status unknown: false
01-23 11:40:39.457  1356  1413 I chatty  : uid=1000(system) ActivityManager expire 33 lines
01-23 11:40:50.196  1691  2386 D PowerUI : can't show warning due to - plugged: true status unknown: false
01-23 11:41:35.105  1691  2386 D PowerUI : can't show warning due to - plugged: true status unknown: false
01-23 11:41:37.165  1691  2386 D PowerUI : can't show warning due to - plugged: true status unknown: false
01-23 11:41:38.876  1691  2386 D PowerUI : can't show warning due to - plugged: true status unknown: false
01-23 11:41:41.920  1691  2386 D PowerUI : can't show warning due to - plugged: true status unknown: false
01-23 11:42:13.324  1691  2386 I chatty  : uid=10016(com.android.systemui) pool-5-thread-1 identical 18 lines
01-23 11:42:15.944  1691  2386 D PowerUI : can't show warning due to - plugged: true status unknown: false
01-23 11:42:24.760  1356  7254 I chatty  : uid=1000(system) Binder:1356_1D expire 5 lines
01-23 11:42:26.253  1356  1407 I chatty  : uid=1000(system) android.display expire 11 lines
01-23 11:42:38.718  1691  2386 D PowerUI : can't show warning due to - plugged: true status unknown: false
01-23 11:42:41.470  1691  2386 D PowerUI : can't show warning due to - plugged: true status unknown: false
01-23 11:42:50.206  1691  2386 D PowerUI : can't show warning due to - plugged: true status unknown: false
01-23 11:42:56.976  1691  2386 D PowerUI : can't show warning due to - plugged: true status unknown: false
01-23 11:43:02.583  1691  2386 D PowerUI : can't show warning due to - plugged: true status unknown: false
01-23 11:43:04.988  1691  2386 D PowerUI : can't show warning due to - plugged: true status unknown: false
01-23 11:43:06.076  1691  2386 D PowerUI : can't show warning due to - plugged: true status unknown: false
01-23 11:43:06.636  1691  2386 D PowerUI : can't show warning due to - plugged: true status unknown: false
01-23 11:43:07.500  1691  2386 D PowerUI : can't show warning due to - plugged: true status unknown: false
01-23 11:43:10.107  1691  2386 D PowerUI : can't show warning due to - plugged: true status unknown: false
01-23 11:43:10.846  1691  2386 D PowerUI : can't show warning due to - plugged: true status unknown: false
01-23 11:43:30.567  1691  2386 D PowerUI : can't show warning due to - plugged: true status unknown: false
01-23 11:43:32.054  1691  2386 D PowerUI : can't show warning due to - plugged: true status unknown: false
01-23 11:43:34.677  1356  1986 I chatty  : uid=1000(system) Binder:1356_6 expire 16 lines
01-23 11:43:34.854  1691  2386 D PowerUI : can't show warning due to - plugged: true status unknown: false
01-23 11:44:33.114  1691  2386 D PowerUI : can't show warning due to - plugged: true status unknown: false
01-23 11:44:38.649  1691  2386 D PowerUI : can't show warning due to - plugged: true status unknown: false
01-23 11:44:50.200  1691  2386 D PowerUI : can't show warning due to - plugged: true status unknown: false
01-23 11:45:44.720  1356  1408 I chatty  : uid=1000(system) android.anim expire 10 lines
01-23 11:45:44.768  1356  1405 I chatty  : uid=1000(system) android.ui expire 10 lines
01-23 11:45:44.995  1356  1414 I chatty  : uid=1000(system) ActivityManager expire 4 lines
01-23 11:45:50.191  1691  2386 D PowerUI : can't show warning due to - plugged: true status unknown: false
01-23 11:45:56.290  1691  2386 D PowerUI : can't show warning due to - plugged: true status unknown: false
01-23 11:45:56.938  1356  3262 I chatty  : uid=1000(system) Binder:1356_E expire 14 lines
01-23 11:46:50.203  1691  2386 D PowerUI : can't show warning due to - plugged: true status unknown: false
01-23 11:47:25.928  1356  1407 I chatty  : uid=1000(system) android.display expire 11 lines
01-23 11:47:25.932  1356  3998 I chatty  : uid=1000(system) Binder:1356_15 expire 9 lines
01-23 11:47:25.933  1356  1408 I chatty  : uid=1000(system) android.anim expire 8 lines
01-23 11:47:50.206  1691  2386 D PowerUI : can't show warning due to - plugged: true status unknown: false
01-23 11:49:56.438  1356  3273 I chatty  : uid=1000(system) Binder:1356_10 expire 4 lines
01-23 11:50:50.208  1691  2386 D PowerUI : can't show warning due to - plugged: true status unknown: false
01-23 11:51:17.609  1356  1407 I chatty  : uid=1000(system) android.display expire 2 lines
01-23 11:51:17.744  1356  5333 I chatty  : uid=1000(system) Binder:1356_1A expire 4 lines
01-23 11:51:30.961  1356  2748 I chatty  : uid=1000(system) Binder:1356_B expire 1 line
01-23 11:51:34.766  1356  1447 I chatty  : uid=1000(system) PackageManager expire 54 lines
01-23 11:51:35.133  1356  1404 I chatty  : uid=1000(system) android.fg expire 2 lines
01-23 11:51:42.295  1356  8184 I chatty  : uid=1000(system) Binder:1356_1F expire 4 lines
01-23 11:51:42.326  1356  2069 I chatty  : uid=1000(system) Binder:1356_8 expire 1 line
01-23 11:51:50.203  1691  2386 D PowerUI : can't show warning due to - plugged: true status unknown: false
01-23 11:52:06.827  1356  2996 I chatty  : uid=1000(system) Binder:1356_D expire 1 line
01-23 11:52:06.834  1356  1413 I chatty  : uid=1000(system) ActivityManager expire 55 lines
01-23 11:52:06.846  1356  2996 I chatty  : uid=1000(system) Binder:1356_D expire 5 lines
01-23 11:52:06.875  1356  2069 I chatty  : uid=1000(system) Binder:1356_8 expire 1 line
01-23 11:52:07.012  1356  3262 I chatty  : uid=1000(system) Binder:1356_E expire 6 lines
01-23 11:52:07.065  1356  8184 I chatty  : uid=1000(system) Binder:1356_1F expire 2 lines
01-23 11:52:07.328  1356  1990 I chatty  : uid=1000(system) Binder:1356_7 expire 11 lines
01-23 11:52:07.371  1356  3273 I chatty  : uid=1000(system) Binder:1356_10 expire 1 line
01-23 11:52:12.242  1356  1414 I chatty  : uid=1000(system) ActivityManager expire 3 lines
01-23 11:52:36.837  1356  1412 I chatty  : uid=1000(system) android.bg expire 2 lines
01-23 11:52:39.215  1356  1407 I chatty  : uid=1000(system) android.display expire 2 lines
01-23 11:52:39.339  1356  3720 I chatty  : uid=1000(system) Binder:1356_12 expire 4 lines
01-23 11:52:39.390  1356  5333 I chatty  : uid=1000(system) Binder:1356_1A expire 6 lines
01-23 11:52:39.415  1356  3721 I chatty  : uid=1000(system) Binder:1356_13 expire 7 lines
01-23 11:52:50.202  1691  2386 D PowerUI : can't show warning due to - plugged: true status unknown: false
01-23 11:52:52.825  1356  1990 I chatty  : uid=1000(system) Binder:1356_7 expire 1 line
01-23 11:52:56.395  1356  1447 I chatty  : uid=1000(system) PackageManager expire 108 lines
01-23 11:52:56.583  1356  1356 I chatty  : uid=1000 system_server expire 12 lines
01-23 11:52:56.805  1356  2750 I chatty  : uid=1000(system) Binder:1356_C expire 12 lines
01-23 11:53:03.930  1356  1986 I chatty  : uid=1000(system) Binder:1356_6 expire 7 lines
01-23 11:53:07.920  1356  2747 I chatty  : uid=1000(system) Binder:1356_A expire 1 line
01-23 11:53:34.158  1356  1867 I chatty  : uid=1000(system) Binder:1356_5 expire 4 lines
01-23 11:53:34.177  1356  4004 I chatty  : uid=1000(system) Binder:1356_17 expire 3 lines
01-23 11:53:34.215  1356  3998 I chatty  : uid=1000(system) Binder:1356_15 expire 6 lines
01-23 11:53:50.153  1356  1414 I chatty  : uid=1000(system) ActivityManager expire 7 lines
01-23 11:53:50.274  1356  1356 I chatty  : uid=1000 system_server expire 13 lines
01-23 11:53:50.295  1691  2386 D PowerUI : can't show warning due to - plugged: true status unknown: false
01-23 11:53:50.302  1356  3997 I chatty  : uid=1000(system) Binder:1356_14 expire 10 lines
01-23 11:53:50.305  1356  1413 I chatty  : uid=1000(system) ActivityManager expire 12 lines
01-23 11:53:57.460  1356  4004 I chatty  : uid=1000(system) Binder:1356_17 expire 3 lines
01-23 11:53:57.466  1356  3720 I chatty  : uid=1000(system) Binder:1356_12 expire 2 lines
01-23 11:54:12.031  1356  1385 I chatty  : uid=1000(system) Binder:1356_2 expire 3 lines
01-23 11:54:12.034  1356  2069 I chatty  : uid=1000(system) Binder:1356_8 expire 3 lines
01-23 11:54:12.509  1356  1986 I chatty  : uid=1000(system) Binder:1356_6 expire 13 lines
01-23 11:54:16.927  1356  1407 I chatty  : uid=1000(system) android.display expire 15 lines
01-23 11:54:50.202  1691  2386 D PowerUI : can't show warning due to - plugged: true status unknown: false
01-23 11:55:50.194  1691  2386 D PowerUI : can't show warning due to - plugged: true status unknown: false
01-23 11:56:04.123  1356  8184 I chatty  : uid=1000(system) Binder:1356_1F expire 9 lines
01-23 11:56:42.318  1356  1413 I chatty  : uid=1000(system) ActivityManager expire 14 lines
01-23 11:56:50.214  1691  2386 D PowerUI : can't show warning due to - plugged: true status unknown: false
01-23 11:57:26.372  1356  1356 I chatty  : uid=1000 system_server expire 23 lines
01-23 11:57:28.776  1691  1691 V DeadZone: consuming errant click: (997.0,14.0)
01-23 11:57:28.776  1691  1691 V DeadZone: consuming errant click: (997.0,14.0)
01-23 11:57:50.201  1691  2386 D PowerUI : can't show warning due to - plugged: true status unknown: false
01-23 11:58:50.200  1691  2386 D PowerUI : can't show warning due to - plugged: true status unknown: false
01-23 11:59:50.213  1691  2386 D PowerUI : can't show warning due to - plugged: true status unknown: false
01-23 12:00:50.213  1691  2386 D PowerUI : can't show warning due to - plugged: true status unknown: false
01-23 12:01:48.166  1356  3997 I chatty  : uid=1000(system) Binder:1356_14 expire 10 lines
01-23 12:01:50.204  1691  2386 D PowerUI : can't show warning due to - plugged: true status unknown: false
01-23 12:01:50.420  1356  1412 I chatty  : uid=1000(system) android.bg expire 1 line
01-23 12:02:43.432  1356  1419 I chatty  : uid=1000(system) HwBinder:1356_1 expire 1 line
01-23 12:02:43.432  1356  2451 I chatty  : uid=1000(system) AdbDebuggingMan expire 1 line
01-23 12:02:43.433  1356  1404 I chatty  : uid=1000(system) android.fg expire 11 lines
01-23 12:02:43.558  1356  1581 I chatty  : uid=1000(system) InputReader expire 2 lines
01-23 12:02:43.617  1356  1418 I chatty  : uid=1000(system) batterystats-wo expire 2 lines
01-23 12:02:43.690  1356  1614 I chatty  : uid=1000(system) ConnectivitySer expire 13 lines
01-23 12:02:44.021  1356  1425 I chatty  : uid=1000(system) PowerManagerSer expire 18 lines
01-23 12:02:45.300  1356  2051 I chatty  : uid=1000(system) HwBinder:1356_4 expire 1 line
01-23 12:02:45.657  1356  1405 I chatty  : uid=1000(system) android.ui expire 6 lines
01-23 12:02:45.804  1356  1867 I chatty  : uid=1000(system) Binder:1356_5 expire 7 lines
01-23 12:03:12.674  1356  7465 I chatty  : uid=1000(system) Binder:1356_1E expire 3 lines
01-23 12:03:14.935  1356  2996 I chatty  : uid=1000(system) Binder:1356_D expire 1 line
01-23 12:03:15.076  1691  1691 V DeadZone: consuming errant click: (826.0,34.0)
01-23 12:03:15.077  1691  1691 V DeadZone: consuming errant click: (826.0,34.0)
01-23 12:03:18.351  1356  1407 I chatty  : uid=1000(system) android.display expire 6 lines
01-23 12:03:18.651  1356  1413 I chatty  : uid=1000(system) ActivityManager expire 11 lines
01-23 12:03:19.508  1356  1356 I chatty  : uid=1000 system_server expire 5 lines
01-23 12:03:30.045  1356  3271 I chatty  : uid=1000(system) Binder:1356_F expire 3 lines
01-23 12:03:34.136  1356  1408 I chatty  : uid=1000(system) android.anim expire 6 lines
01-23 12:03:44.273  1356  1716 I chatty  : uid=1000(system) Binder:1356_4 expire 1 line
01-23 12:03:58.074   847  1183 E NetlinkEvent: NetlinkEvent::FindParam(): Parameter 'INTERFACE' not found
01-23 12:03:58.074   847  1183 E NetlinkEvent: NetlinkEvent::FindParam(): Parameter 'STATE' not found
01-23 12:03:58.074   847  1183 E NetlinkEvent: NetlinkEvent::FindParam(): Parameter 'TIME_NS' not found
01-23 12:03:58.074   847  1183 E NetlinkEvent: NetlinkEvent::FindParam(): Parameter 'UID' not found
01-23 12:03:58.157  1356  3997 I chatty  : uid=1000(system) Binder:1356_14 expire 5 lines
01-23 12:03:58.166  1356  1524 I chatty  : uid=1000(system) Binder:1356_3 expire 1 line
01-23 12:04:03.560  1356  5688 I chatty  : uid=1000(system) Binder:1356_1B expire 1 line
01-23 12:04:04.565  1356  2750 I chatty  : uid=1000(system) Binder:1356_C expire 2 lines
01-23 12:04:08.438  1356  7254 I chatty  : uid=1000(system) Binder:1356_1D expire 1 line
01-23 12:04:10.591  1356  4281 I chatty  : uid=1000(system) Binder:1356_19 expire 2 lines
01-23 12:04:15.329  1356  8630 I chatty  : uid=1000(system) Binder:1356_20 expire 4 lines
01-23 12:04:36.058  1356  4046 I chatty  : uid=1000(system) Binder:1356_18 expire 12 lines
01-23 12:06:04.899  1356  8630 I chatty  : uid=1000(system) Binder:1356_20 expire 6 lines
01-23 12:06:04.936  1356  1408 I chatty  : uid=1000(system) android.anim expire 16 lines
01-23 12:06:07.092  1356  3717 I chatty  : uid=1000(system) Binder:1356_11 expire 3 lines
01-23 12:06:07.120  1356  1405 I chatty  : uid=1000(system) android.ui expire 12 lines
01-23 12:06:07.129  1356  1407 I chatty  : uid=1000(system) android.display expire 14 lines
01-23 12:06:13.587  1356  7254 I chatty  : uid=1000(system) Binder:1356_1D expire 11 lines
01-23 12:06:27.646  1356  7465 I chatty  : uid=1000(system) Binder:1356_1E expire 6 lines
01-23 12:06:27.665  1356  3271 I chatty  : uid=1000(system) Binder:1356_F expire 3 lines
01-23 12:06:27.700  1356  5798 I chatty  : uid=1000(system) Binder:1356_1C expire 10 lines
01-23 12:06:27.711  1356  4281 I chatty  : uid=1000(system) Binder:1356_19 expire 11 lines
01-23 12:06:28.058  1356  3998 I chatty  : uid=1000(system) Binder:1356_15 expire 1 line
01-23 12:06:28.058  1356  2750 I chatty  : uid=1000(system) Binder:1356_C expire 11 lines
01-23 12:06:28.066  1356  1716 I chatty  : uid=1000(system) Binder:1356_4 expire 10 lines
01-23 12:06:28.067  1356  4004 I chatty  : uid=1000(system) Binder:1356_17 expire 2 lines
01-23 12:06:28.549  1356  1581 I chatty  : uid=1000(system) InputReader expire 2 lines
01-23 12:06:28.551  1356  1356 I chatty  : uid=1000 system_server expire 12 lines
01-23 12:06:29.014  1356  1425 I chatty  : uid=1000(system) PowerManagerSer expire 12 lines
01-23 12:06:29.257  1356  1404 I chatty  : uid=1000(system) android.fg expire 5 lines
01-23 12:06:29.338  1029  1029 I wificond: Pno scan started for frequencies: 2412, 
01-23 12:06:29.338  1029  1029 W wificond: Scan aborted
01-23 12:06:29.358  1356  1407 I chatty  : uid=1000(system) android.display expire 7 lines
01-23 12:06:34.030  1356  1413 I chatty  : uid=1000(system) ActivityManager expire 3 lines
01-23 12:07:01.245  1029  1029 I wificond: Unexpected empty scan result!
01-23 12:07:06.228  1029  1029 I wificond: Unexpected empty scan result!
01-23 12:07:11.080  1356  4046 I chatty  : uid=1000(system) Binder:1356_18 expire 6 lines
01-23 12:07:11.240  1029  1029 I wificond: Unexpected empty scan result!
01-23 12:07:16.228  1029  1029 I chatty  : uid=1010(wifi) /system/bin/wificond identical 6 lines
01-23 12:07:21.240  1029  1029 I wificond: Unexpected empty scan result!
01-23 12:07:26.252  1029  1029 I wificond: Unexpected empty scan result!
01-23 12:07:31.148  1356  7254 I chatty  : uid=1000(system) Binder:1356_1D expire 10 lines
01-23 12:07:31.267  1029  1029 I wificond: Unexpected empty scan result!
01-23 12:07:48.200  1029  1029 I wificond: Unexpected empty scan result!
01-23 12:07:49.965  1356  1418 I chatty  : uid=1000(system) batterystats-wo expire 1 line
01-23 12:07:56.561  1029  1029 I wificond: Pno scan stopped
01-23 12:07:56.569  1029  1029 I wificond: Pno scan started for frequencies: 2412, 
01-23 12:08:59.198  1029  1029 I wificond: Unexpected empty scan result!
01-23 12:09:04.076  1356  5798 I chatty  : uid=1000(system) Binder:1356_1C expire 17 lines
01-23 12:09:04.220  1029  1029 I wificond: Unexpected empty scan result!
01-23 12:09:09.203  1029  1029 I wificond: Unexpected empty scan result!
01-23 12:09:24.221  1029  1029 I wificond: Unexpected empty scan result!
01-23 12:09:34.073  1356  1614 I chatty  : uid=1000(system) ConnectivitySer expire 6 lines
01-23 12:09:34.087  1356  1716 I chatty  : uid=1000(system) Binder:1356_4 expire 10 lines
01-23 12:12:01.121  1029  1029 I wificond: Unexpected empty scan result!
01-23 12:14:36.465  1356  1414 I chatty  : uid=1000(system) ActivityManager expire 1 line
01-23 12:15:00.440  1356  1412 I chatty  : uid=1000(system) android.bg expire 2 lines
01-23 12:17:51.793  1356  1425 I chatty  : uid=1000(system) PowerManagerSer expire 12 lines
01-23 12:17:51.868  1029  1029 I wificond: Pno scan stopped
01-23 12:17:51.884  1356  1356 I chatty  : uid=1000 system_server expire 4 lines
01-23 12:17:53.124  1356  2750 I chatty  : uid=1000(system) Binder:1356_C expire 2 lines
01-23 12:17:53.129  1356  4281 I chatty  : uid=1000(system) Binder:1356_19 expire 7 lines
01-23 12:18:06.530  1029  1029 I wificond: Pno scan started for frequencies: 2412, 
01-23 12:18:06.635  1356  5798 I chatty  : uid=1000(system) Binder:1356_1C expire 5 lines
01-23 12:18:32.118  1356  1425 I chatty  : uid=1000(system) PowerManagerSer expire 3 lines
01-23 12:18:35.370  1356  7254 I chatty  : uid=1000(system) Binder:1356_1D expire 5 lines
01-23 12:18:50.412  1356  5798 I chatty  : uid=1000(system) Binder:1356_1C expire 9 lines
01-23 12:19:11.835  1356  1716 I chatty  : uid=1000(system) Binder:1356_4 expire 16 lines
01-23 12:19:20.474  1356  2750 I chatty  : uid=1000(system) Binder:1356_C expire 3 lines
01-23 12:19:29.391  1356  1404 I chatty  : uid=1000(system) android.fg expire 2 lines
01-23 12:19:38.968  1356  1418 I chatty  : uid=1000(system) batterystats-wo expire 42 lines
01-23 12:19:40.532  1356  4004 I chatty  : uid=1000(system) Binder:1356_17 expire 10 lines
01-23 12:20:02.312  1356  1413 I chatty  : uid=1000(system) ActivityManager expire 10 lines
01-23 12:20:20.665  1356  3720 I chatty  : uid=1000(system) Binder:1356_12 expire 11 lines
01-23 12:20:20.669  1356  3262 I chatty  : uid=1000(system) Binder:1356_E expire 24 lines
01-23 12:21:20.877  1356  1384 I chatty  : uid=1000(system) Binder:1356_1 expire 8 lines
01-23 12:22:44.036  1356  1356 I chatty  : uid=1000 system_server expire 16 lines
01-23 12:24:41.556  1356  1614 I chatty  : uid=1000(system) ConnectivitySer expire 15 lines
01-23 12:24:41.644  1356  1414 I chatty  : uid=1000(system) ActivityManager expire 10 lines
01-23 12:24:44.664  1029  1029 I wificond: Pno scan stopped
01-23 12:24:44.670  1029  1029 I wificond: Pno scan started for frequencies: 2412, 
01-23 12:24:51.596  1356  3271 I chatty  : uid=1000(system) Binder:1356_F expire 9 lines
01-23 12:25:21.660  1356  4004 I chatty  : uid=1000(system) Binder:1356_17 expire 1 line
01-23 12:30:22.425  1356  8184 I chatty  : uid=1000(system) Binder:1356_1F expire 1 line
01-23 12:31:02.591  1356  1407 I chatty  : uid=1000(system) android.display expire 1 line
01-23 12:31:27.569  1356  3720 I chatty  : uid=1000(system) Binder:1356_12 expire 2 lines
01-23 12:31:37.590  1356  7465 I chatty  : uid=1000(system) Binder:1356_1E expire 2 lines
01-23 12:31:37.639  1356  1867 I chatty  : uid=1000(system) Binder:1356_5 expire 6 lines
01-23 12:39:52.762  1356  1385 I chatty  : uid=1000(system) Binder:1356_2 expire 8 lines
01-23 12:41:05.997  1356  4046 I chatty  : uid=1000(system) Binder:1356_18 expire 2 lines
01-23 12:46:57.317  1356  8630 I chatty  : uid=1000(system) Binder:1356_20 expire 5 lines
01-23 12:47:28.831  1356  1412 I chatty  : uid=1000(system) android.bg expire 2 lines
01-23 12:48:02.865  1356  2747 I chatty  : uid=1000(system) Binder:1356_A expire 1 line
01-23 12:48:02.908  1356  2117 I chatty  : uid=1000(system) Binder:1356_9 expire 1 line
01-23 12:48:53.476  1356  1524 I chatty  : uid=1000(system) Binder:1356_3 expire 11 lines
01-23 12:49:57.333  1356  4281 I chatty  : uid=1000(system) Binder:1356_19 expire 4 lines
01-23 12:52:57.439  1356  2748 I chatty  : uid=1000(system) Binder:1356_B expire 10 lines
01-23 12:54:54.213  1356  1990 I chatty  : uid=1000(system) Binder:1356_7 expire 17 lines
01-23 12:55:48.505  1356  1986 I chatty  : uid=1000(system) Binder:1356_6 expire 16 lines
01-23 13:08:09.356  1356  2748 I chatty  : uid=1000(system) Binder:1356_B expire 10 lines
01-23 13:08:24.709  1356  8630 I chatty  : uid=1000(system) Binder:1356_20 expire 28 lines
01-23 13:08:24.735  1356  1990 I chatty  : uid=1000(system) Binder:1356_7 expire 2 lines
01-23 13:10:13.144  1356  1614 I chatty  : uid=1000(system) ConnectivitySer expire 14 lines
01-23 13:10:13.234  1356  1665 I chatty  : uid=1000(system) SyncManager expire 1 line
01-23 13:10:13.253  1356  1414 I chatty  : uid=1000(system) ActivityManager expire 9 lines
01-23 13:10:13.326  1356  3262 I chatty  : uid=1000(system) Binder:1356_E expire 25 lines
01-23 13:10:13.358  1356  1413 I chatty  : uid=1000(system) ActivityManager expire 15 lines
01-23 13:10:16.271  1029  1029 I wificond: Pno scan stopped
01-23 13:10:16.275  1029  1029 I wificond: Pno scan started for frequencies: 2412, 
01-23 13:10:39.293  1029  1029 I wificond: Unexpected empty scan result!
01-23 13:10:39.585  1356  2748 I chatty  : uid=1000(system) Binder:1356_B expire 3 lines
01-23 13:10:44.318  1029  1029 I wificond: Unexpected empty scan result!
01-23 13:10:49.333  1029  1029 I wificond: Unexpected empty scan result!
01-23 13:11:00.231  1356  4281 I chatty  : uid=1000(system) Binder:1356_19 expire 22 lines
01-23 13:11:00.235  1356  3997 I chatty  : uid=1000(system) Binder:1356_14 expire 10 lines
01-23 13:11:14.055  1356  1418 I chatty  : uid=1000(system) batterystats-wo expire 3 lines
01-23 13:11:29.317  1029  1029 I wificond: Unexpected empty scan result!
01-23 13:11:34.332  1029  1029 I wificond: Unexpected empty scan result!
01-23 13:11:58.984  1356  1404 I chatty  : uid=1000(system) android.fg expire 4 lines
01-23 13:12:04.064  1029  1029 I wificond: Unexpected empty scan result!
01-23 13:12:43.583  1356  1356 I chatty  : uid=1000 system_server expire 12 lines
01-23 13:13:04.577  1356  1986 I chatty  : uid=1000(system) Binder:1356_6 expire 2 lines
01-23 13:13:04.606  1356  1524 I chatty  : uid=1000(system) Binder:1356_3 expire 14 lines
01-23 13:13:09.403  1029  1029 W wificond: Scan is not started. Ignore abort request
01-23 13:13:09.578  1029  1029 I wificond: Pno scan stopped
01-23 13:13:09.579  1356  1611 I chatty  : uid=1000(system) ClientModeImpl expire 1 line
01-23 13:13:09.592  1356  1614 I chatty  : uid=1000(system) ConnectivitySer expire 46 lines
01-23 13:13:10.000   847  1183 E NetlinkEvent: NetlinkEvent::FindParam(): Parameter 'INTERFACE' not found
01-23 13:13:10.000   847  1183 E NetlinkEvent: NetlinkEvent::FindParam(): Parameter 'STATE' not found
01-23 13:13:10.000   847  1183 E NetlinkEvent: NetlinkEvent::FindParam(): Parameter 'TIME_NS' not found
01-23 13:13:10.000   847  1183 E NetlinkEvent: NetlinkEvent::FindParam(): Parameter 'UID' not found
01-23 13:13:10.706  1356  1867 I chatty  : uid=1000(system) Binder:1356_5 expire 6 lines
01-23 13:15:24.841  1356  2750 I chatty  : uid=1000(system) Binder:1356_C expire 8 lines
01-23 13:18:35.563  1356  1425 I chatty  : uid=1000(system) PowerManagerSer expire 6 lines
01-23 13:18:35.609  1356  1407 I chatty  : uid=1000(system) android.display expire 2 lines
01-23 13:18:35.723  1356  2117 I chatty  : uid=1000(system) Binder:1356_9 expire 5 lines
01-23 13:18:37.189  1356  1413 I chatty  : uid=1000(system) ActivityManager expire 13 lines
01-23 13:18:40.745  1356  1414 I chatty  : uid=1000(system) ActivityManager expire 1 line
01-23 13:18:42.224  1356  1356 I chatty  : uid=1000 system_server expire 10 lines
01-23 13:18:52.308  1356  1524 I chatty  : uid=1000(system) Binder:1356_3 expire 31 lines
01-23 13:18:52.316  1356  1867 I chatty  : uid=1000(system) Binder:1356_5 expire 49 lines
01-23 13:18:52.321  1356  8630 I chatty  : uid=1000(system) Binder:1356_20 expire 32 lines
01-23 13:18:53.409  1356  4281 I chatty  : uid=1000(system) Binder:1356_19 expire 17 lines
01-23 13:19:07.355  1356  3262 I chatty  : uid=1000(system) Binder:1356_E expire 48 lines
01-23 13:22:17.908  1356  2750 I chatty  : uid=1000(system) Binder:1356_C expire 17 lines
01-23 13:22:51.424  1356  1412 I chatty  : uid=1000(system) android.bg expire 2 lines
01-23 13:24:03.193  1356  2748 I chatty  : uid=1000(system) Binder:1356_B expire 6 lines
01-23 13:25:30.647  1356  2117 I chatty  : uid=1000(system) Binder:1356_9 expire 4 lines
01-23 13:25:34.428  1356  1716 I chatty  : uid=1000(system) Binder:1356_4 expire 12 lines
01-23 13:25:49.446  1356  1986 I chatty  : uid=1000(system) Binder:1356_6 expire 7 lines
01-23 13:26:18.009  1356  1614 I chatty  : uid=1000(system) ConnectivitySer expire 2 lines
01-23 13:26:18.319  1356  2747 I chatty  : uid=1000(system) Binder:1356_A expire 8 lines
01-23 13:26:28.740  1356  5688 I chatty  : uid=1000(system) Binder:1356_1B expire 1 line
01-23 13:26:29.492  1356  1581 I chatty  : uid=1000(system) InputReader expire 2 lines
01-23 13:26:29.493  1356  1356 I chatty  : uid=1000 system_server expire 17 lines
01-23 13:26:29.969  1356  1425 I chatty  : uid=1000(system) PowerManagerSer expire 12 lines
01-23 13:26:30.016  1356  1407 I chatty  : uid=1000(system) android.display expire 5 lines
01-23 13:26:30.182  1356  1404 I chatty  : uid=1000(system) android.fg expire 8 lines
01-23 13:26:31.521  1356  1986 I chatty  : uid=1000(system) Binder:1356_6 expire 11 lines
01-23 13:26:35.147  1356  8630 I chatty  : uid=1000(system) Binder:1356_20 expire 11 lines
01-23 13:26:35.637  1356  5688 I chatty  : uid=1000(system) Binder:1356_1B expire 4 lines
01-23 13:26:49.597  1356  3997 I chatty  : uid=1000(system) Binder:1356_14 expire 10 lines
01-23 13:27:59.769  1356  4001 I chatty  : uid=1000(system) Binder:1356_16 expire 6 lines
01-23 13:29:35.058  1356  1614 I chatty  : uid=1000(system) ConnectivitySer expire 14 lines
01-23 13:32:36.721  1356  3262 I chatty  : uid=1000(system) Binder:1356_E expire 3 lines
01-23 13:32:56.105  1356  1413 I chatty  : uid=1000(system) ActivityManager expire 37 lines
01-23 13:32:56.329  1356  2747 I chatty  : uid=1000(system) Binder:1356_A expire 11 lines
01-23 13:32:56.359  1356  3721 I chatty  : uid=1000(system) Binder:1356_13 expire 10 lines
01-23 13:32:56.390  1356  1716 I chatty  : uid=1000(system) Binder:1356_4 expire 3 lines
01-23 13:32:57.726  1356  1406 I chatty  : uid=1000(system) android.io expire 1 line
01-23 13:32:57.749  1691  2386 D PowerUI : can't show warning due to - plugged: true status unknown: false
01-23 13:32:57.859  1356  1356 I chatty  : uid=1000 system_server expire 8 lines
01-23 13:32:57.949  1356  1414 I chatty  : uid=1000(system) ActivityManager expire 16 lines
01-23 13:32:58.222  1691  1691 V DeadZone: consuming errant click: (982.0,39.0)
01-23 13:32:58.222  1691  1691 V DeadZone: consuming errant click: (982.0,39.0)
01-23 13:32:58.387  1691  2386 D PowerUI : can't show warning due to - plugged: true status unknown: false
01-23 13:32:58.754  1691  2386 D PowerUI : can't show warning due to - plugged: true status unknown: false
01-23 13:32:59.163  1356  3207 I chatty  : uid=1000(system) backup-0 expire 2 lines
01-23 13:32:59.165  1356  5258 I chatty  : uid=1000 system_server expire 44 lines
01-23 13:32:59.258  1356  1867 I chatty  : uid=1000(system) Binder:1356_5 expire 2 lines
01-23 13:32:59.904  1691  2386 D PowerUI : can't show warning due to - plugged: true status unknown: false
01-23 13:33:00.207  1356  2051 I chatty  : uid=1000(system) HwBinder:1356_4 expire 1 line
01-23 13:33:02.590  1356  1447 I chatty  : uid=1000(system) PackageManager expire 2 lines
01-23 13:33:03.081  1691  1691 V DeadZone: consuming errant click: (1064.0,18.0)
01-23 13:33:03.082  1691  1691 V DeadZone: consuming errant click: (1064.0,18.0)
01-23 13:33:03.160  1356  1412 I chatty  : uid=1000(system) android.bg expire 1 line
01-23 13:33:05.571  1356  3997 I chatty  : uid=1000(system) Binder:1356_14 expire 4 lines
01-23 13:33:07.564  1356  1614 I chatty  : uid=1000(system) ConnectivitySer expire 11 lines
01-23 13:33:08.674  1691  2386 D PowerUI : can't show warning due to - plugged: true status unknown: false
01-23 13:33:08.685  1356  2747 I chatty  : uid=1000(system) Binder:1356_A expire 8 lines
01-23 13:33:08.878  1691  2386 D PowerUI : can't show warning due to - plugged: true status unknown: false
01-23 13:33:10.152  1356  5258 I chatty  : uid=1000 system_server expire 32 lines
01-23 13:33:10.163  1356  1356 I chatty  : uid=1000 system_server expire 11 lines
01-23 13:33:10.243  1356  3262 I chatty  : uid=1000(system) Binder:1356_E expire 16 lines
01-23 13:33:11.703  1356  1414 I chatty  : uid=1000(system) ActivityManager expire 3 lines
01-23 13:33:13.445  1356  1986 I chatty  : uid=1000(system) Binder:1356_6 expire 8 lines
01-23 13:33:17.604  1356  1404 I chatty  : uid=1000(system) android.fg expire 9 lines
01-23 13:33:18.215  1356  2051 I chatty  : uid=1000(system) HwBinder:1356_4 expire 1 line
01-23 13:33:18.975  1691  2386 D PowerUI : can't show warning due to - plugged: true status unknown: false
01-23 13:33:19.959  1356  2451 I chatty  : uid=1000(system) AdbDebuggingMan expire 1 line
01-23 13:33:32.730  1356  2117 I chatty  : uid=1000(system) Binder:1356_9 expire 1 line
01-23 13:33:52.722  1356  2069 I chatty  : uid=1000(system) Binder:1356_8 expire 5 lines
01-23 13:33:57.747  1691  2386 D PowerUI : can't show warning due to - plugged: true status unknown: false
01-23 13:34:01.591  1356  1413 I chatty  : uid=1000(system) ActivityManager expire 14 lines
01-23 13:34:12.807  1356  3997 I chatty  : uid=1000(system) Binder:1356_14 expire 11 lines
01-23 13:34:17.790  1356  7465 I chatty  : uid=1000(system) Binder:1356_1E expire 2 lines
01-23 13:34:26.586  1356  1447 I chatty  : uid=1000(system) PackageManager expire 53 lines
01-23 13:34:26.709  1356  8630 I chatty  : uid=1000(system) Binder:1356_20 expire 1 line
01-23 13:34:27.319  1356  1412 I chatty  : uid=1000(system) android.bg expire 2 lines
01-23 13:34:36.563  1356  1580 I chatty  : uid=1000(system) InputDispatcher expire 1 line
01-23 13:34:36.578  1356  1408 I chatty  : uid=1000(system) android.anim expire 3 lines
01-23 13:34:36.759  1356  1407 I chatty  : uid=1000(system) android.display expire 5 lines
01-23 13:34:39.486  1356  4281 I chatty  : uid=1000(system) Binder:1356_19 expire 9 lines
01-23 13:34:45.955  1356  4001 I chatty  : uid=1000(system) Binder:1356_16 expire 4 lines
01-23 13:34:57.743  1691  2386 D PowerUI : can't show warning due to - plugged: true status unknown: false
01-23 13:34:58.000  1691  2386 I chatty  : uid=10016(com.android.systemui) pool-5-thread-1 identical 1 line
01-23 13:34:58.213  1691  2386 D PowerUI : can't show warning due to - plugged: true status unknown: false
01-23 13:35:05.202  1356  5798 I chatty  : uid=1000(system) Binder:1356_1C expire 1 line
01-23 13:35:05.223  1356  3717 I chatty  : uid=1000(system) Binder:1356_11 expire 4 lines
01-23 13:35:05.646  1691  1691 V DeadZone: consuming errant click: (941.0,32.0)
01-23 13:35:05.647  1691  1691 V DeadZone: consuming errant click: (941.0,32.0)
01-23 13:35:09.035  1356  3273 I chatty  : uid=1000(system) Binder:1356_10 expire 5 lines
01-23 13:35:09.607  1356  1413 I chatty  : uid=1000(system) ActivityManager expire 10 lines
01-23 13:35:09.871  1356  1447 I chatty  : uid=1000(system) PackageManager expire 32 lines
01-23 13:35:09.884  1356  1356 I chatty  : uid=1000 system_server expire 3 lines
01-23 13:35:21.124  1691  2386 D PowerUI : can't show warning due to - plugged: true status unknown: false
01-23 13:35:43.019  1356  4004 I chatty  : uid=1000(system) Binder:1356_17 expire 1 line
01-23 13:35:57.742  1691  2386 D PowerUI : can't show warning due to - plugged: true status unknown: false
01-23 13:36:06.628  1356  1447 I chatty  : uid=1000(system) PackageManager expire 23 lines
01-23 13:36:06.694  1356  1356 I chatty  : uid=1000 system_server expire 14 lines
01-23 13:36:06.715  1356  3273 I chatty  : uid=1000(system) Binder:1356_10 expire 15 lines
01-23 13:36:06.721  1356  1413 I chatty  : uid=1000(system) ActivityManager expire 11 lines
01-23 13:36:06.763  1356  2117 I chatty  : uid=1000(system) Binder:1356_9 expire 1 line
01-23 13:36:06.827  1356  1414 I chatty  : uid=1000(system) ActivityManager expire 6 lines
01-23 13:36:07.255  1356  1412 I chatty  : uid=1000(system) android.bg expire 5 lines
01-23 13:36:13.362  1356  3998 I chatty  : uid=1000(system) Binder:1356_15 expire 8 lines
01-23 13:36:19.584  1356  2750 I chatty  : uid=1000(system) Binder:1356_C expire 5 lines
01-23 13:36:23.227  1356  1986 I chatty  : uid=1000(system) Binder:1356_6 expire 7 lines
01-23 13:36:57.744  1691  2386 D PowerUI : can't show warning due to - plugged: true status unknown: false
01-23 13:37:29.275  1691  2386 D PowerUI : can't show warning due to - plugged: true status unknown: false
01-23 13:37:57.744  1691  2386 D PowerUI : can't show warning due to - plugged: true status unknown: false
01-23 13:38:35.231  1356  1407 I chatty  : uid=1000(system) android.display expire 1 line
01-23 13:38:35.332  1356  3721 I chatty  : uid=1000(system) Binder:1356_13 expire 12 lines
01-23 13:38:35.360  1356  2069 I chatty  : uid=1000(system) Binder:1356_8 expire 4 lines
01-23 13:38:35.597  1356  5798 I chatty  : uid=1000(system) Binder:1356_1C expire 9 lines
01-23 13:38:40.478  1356  1413 I chatty  : uid=1000(system) ActivityManager expire 10 lines
01-23 13:38:40.736  1356  1447 I chatty  : uid=1000(system) PackageManager expire 55 lines
01-23 13:38:40.790  1356  1404 I chatty  : uid=1000(system) android.fg expire 4 lines
01-23 13:38:53.571  1356  2747 I chatty  : uid=1000(system) Binder:1356_A expire 4 lines
01-23 13:38:55.425  1356  2996 I chatty  : uid=1000(system) Binder:1356_D expire 3 lines
01-23 13:38:57.736  1691  2386 D PowerUI : can't show warning due to - plugged: true status unknown: false
01-23 13:38:58.899  1691  2386 D PowerUI : can't show warning due to - plugged: true status unknown: false
01-23 13:38:58.926  1356  1418 I chatty  : uid=1000(system) batterystats-wo expire 3 lines
01-23 13:38:59.158  1356  1356 I chatty  : uid=1000 system_server expire 6 lines
01-23 13:38:59.178  1356  3717 I chatty  : uid=1000(system) Binder:1356_11 expire 3 lines
01-23 13:38:59.185  1356  1413 I chatty  : uid=1000(system) ActivityManager expire 11 lines
01-23 13:39:13.939  1356  3273 I chatty  : uid=1000(system) Binder:1356_10 expire 3 lines
01-23 13:39:57.742  1691  2386 D PowerUI : can't show warning due to - plugged: true status unknown: false
01-23 13:40:13.970  1356  8630 I chatty  : uid=1000(system) Binder:1356_20 expire 2 lines
01-23 13:40:28.532  1691  2386 D PowerUI : can't show warning due to - plugged: true status unknown: false
01-23 13:40:57.752  1691  2386 D PowerUI : can't show warning due to - plugged: true status unknown: false
01-23 13:41:23.266  1356  1413 I chatty  : uid=1000(system) ActivityManager expire 5 lines
01-23 13:41:57.748  1691  2386 D PowerUI : can't show warning due to - plugged: true status unknown: false
01-23 13:42:15.679  1691  2386 D PowerUI : can't show warning due to - plugged: true status unknown: false
01-23 13:42:19.064  1356  3720 I chatty  : uid=1000(system) Binder:1356_12 expire 7 lines
01-23 13:42:57.758  1691  2386 D PowerUI : can't show warning due to - plugged: true status unknown: false
01-23 13:42:57.963  1356  1614 I chatty  : uid=1000(system) ConnectivitySer expire 15 lines
01-23 13:43:57.751  1691  2386 D PowerUI : can't show warning due to - plugged: true status unknown: false
01-23 13:44:12.651  1691  2386 D PowerUI : can't show warning due to - plugged: true status unknown: false
01-23 13:44:57.756  1691  2386 D PowerUI : can't show warning due to - plugged: true status unknown: false
01-23 13:45:42.207  1691  2386 D PowerUI : can't show warning due to - plugged: true status unknown: false
01-23 13:45:57.749  1691  2386 D PowerUI : can't show warning due to - plugged: true status unknown: false
01-23 13:46:31.639  1356  1614 I chatty  : uid=1000(system) ConnectivitySer expire 2 lines
01-23 13:46:57.763  1691  2386 D PowerUI : can't show warning due to - plugged: true status unknown: false
01-23 13:47:57.762  1691  2386 D PowerUI : can't show warning due to - plugged: true status unknown: false
01-23 13:48:57.756  1691  2386 D PowerUI : can't show warning due to - plugged: true status unknown: false
01-23 13:49:57.747  1691  2386 D PowerUI : can't show warning due to - plugged: true status unknown: false
01-23 13:50:15.886  1356  1405 I chatty  : uid=1000(system) android.ui expire 1 line
01-23 13:50:16.105  1356  3720 I chatty  : uid=1000(system) Binder:1356_12 expire 9 lines
01-23 13:50:16.109  1356  2069 I chatty  : uid=1000(system) Binder:1356_8 expire 12 lines
01-23 13:50:16.131  1356  7465 I chatty  : uid=1000(system) Binder:1356_1E expire 14 lines
01-23 13:50:16.137  1356  3717 I chatty  : uid=1000(system) Binder:1356_11 expire 10 lines
01-23 13:50:16.145  1356  3273 I chatty  : uid=1000(system) Binder:1356_10 expire 11 lines
01-23 13:50:16.162  1356  2747 I chatty  : uid=1000(system) Binder:1356_A expire 9 lines
01-23 13:50:17.331  1356  1356 I chatty  : uid=1000 system_server expire 6 lines
01-23 13:50:38.670  1356  1407 I chatty  : uid=1000(system) android.display expire 10 lines
01-23 13:50:38.745  1356  1867 I chatty  : uid=1000(system) Binder:1356_5 expire 2 lines
01-23 13:50:38.762  1356  3262 I chatty  : uid=1000(system) Binder:1356_E expire 8 lines
01-23 13:50:38.771  1356  5798 I chatty  : uid=1000(system) Binder:1356_1C expire 10 lines
01-23 13:50:44.626  1356  1414 I chatty  : uid=1000(system) ActivityManager expire 11 lines
01-23 13:50:57.745  1691  2386 D PowerUI : can't show warning due to - plugged: true status unknown: false
01-23 13:51:07.129  1356  7465 I chatty  : uid=1000(system) Binder:1356_1E expire 3 lines
01-23 13:51:09.761  1356  1986 I chatty  : uid=1000(system) Binder:1356_6 expire 3 lines
01-23 13:51:09.963  1356  1614 I chatty  : uid=1000(system) ConnectivitySer expire 3 lines
01-23 13:51:10.897  1356  2069 I chatty  : uid=1000(system) Binder:1356_8 expire 4 lines
01-23 13:51:11.643  1691  2386 D PowerUI : can't show warning due to - plugged: true status unknown: false
01-23 13:51:12.119  1356  4001 I chatty  : uid=1000(system) Binder:1356_16 expire 1 line
01-23 13:51:13.704  1356  1413 I chatty  : uid=1000(system) ActivityManager expire 30 lines
01-23 13:51:18.009  1356  3721 I chatty  : uid=1000(system) Binder:1356_13 expire 1 line
01-23 13:51:18.537  1356  4004 I chatty  : uid=1000(system) Binder:1356_17 expire 5 lines
01-23 13:51:20.620  1356  1716 I chatty  : uid=1000(system) Binder:1356_4 expire 10 lines
01-23 13:51:23.653  1356  4281 I chatty  : uid=1000(system) Binder:1356_19 expire 3 lines
01-23 13:51:29.252  1356  3997 I chatty  : uid=1000(system) Binder:1356_14 expire 3 lines
01-23 13:51:32.650  1356  2750 I chatty  : uid=1000(system) Binder:1356_C expire 2 lines
01-23 13:51:39.297  1691  2386 D PowerUI : can't show warning due to - plugged: true status unknown: false
01-23 13:51:52.968  1356  2748 I chatty  : uid=1000(system) Binder:1356_B expire 14 lines
01-23 13:51:57.758  1691  2386 D PowerUI : can't show warning due to - plugged: true status unknown: false
01-23 13:52:57.749  1691  2386 D PowerUI : can't show warning due to - plugged: true status unknown: false
01-23 13:53:24.808  1356  1414 I chatty  : uid=1000(system) ActivityManager expire 3 lines
01-23 13:53:36.666  1691  1691 V DeadZone: consuming errant click: (763.0,68.0)
01-23 13:53:36.667  1691  1691 V DeadZone: consuming errant click: (763.0,68.0)
01-23 13:53:37.920  1691  1691 V DeadZone: consuming errant click: (774.0,38.0)
01-23 13:53:37.921  1691  1691 V DeadZone: consuming errant click: (774.0,38.0)
01-23 13:53:38.809  1356  3998 I chatty  : uid=1000(system) Binder:1356_15 expire 1 line
01-23 13:53:38.894  1356  4046 I chatty  : uid=1000(system) Binder:1356_18 expire 2 lines
01-23 13:53:57.750  1691  2386 D PowerUI : can't show warning due to - plugged: true status unknown: false
01-23 13:54:06.083  1356  3273 I chatty  : uid=1000(system) Binder:1356_10 expire 1 line
01-23 13:54:19.446  1356  1447 I chatty  : uid=1000(system) PackageManager expire 54 lines
01-23 13:54:19.723  1356  1413 I chatty  : uid=1000(system) ActivityManager expire 22 lines
01-23 13:54:19.825  8545  8545 W ActivityThread: Application com.ces.atlascrm is waiting for the debugger on port 8100...
01-23 13:54:19.866  1356  1356 I chatty  : uid=1000 system_server expire 18 lines
01-23 13:54:19.889  1356  1404 I chatty  : uid=1000(system) android.fg expire 6 lines
01-23 13:54:20.017  1356  1405 I chatty  : uid=1000(system) android.ui expire 2 lines
01-23 13:54:21.107  1356  4046 I chatty  : uid=1000(system) Binder:1356_18 expire 11 lines
01-23 13:54:30.323  1356  2750 I chatty  : uid=1000(system) Binder:1356_C expire 9 lines
01-23 13:54:30.372  1356  8184 I chatty  : uid=1000(system) Binder:1356_1F expire 10 lines
01-23 13:54:30.489  1356  5688 I chatty  : uid=1000(system) Binder:1356_1B expire 12 lines
01-23 13:54:34.357  1691  2386 D PowerUI : can't show warning due to - plugged: true status unknown: false
