01-23 08:45:33.437  1356  1404 I chatty  : uid=1000(system) android.fg expire 2 lines
01-23 08:45:33.443 15662 15662 W ActivityThread: Application com.example.cesservices is waiting for the debugger on port 8100...
01-23 08:45:43.614  1356  3998 I chatty  : uid=1000(system) Binder:1356_15 expire 4 lines
01-23 08:45:49.181  1691  2386 D PowerUI : can't show warning due to - plugged: true status unknown: false
01-23 08:46:07.738  1356  1385 I chatty  : uid=1000(system) Binder:1356_2 expire 10 lines
01-23 08:46:07.903  1356  1990 I chatty  : uid=1000(system) Binder:1356_7 expire 2 lines
01-23 08:46:07.918  1356  3262 I chatty  : uid=1000(system) Binder:1356_E expire 6 lines
01-23 08:46:08.002 15875 15875 W ActivityThread: Application com.example.cesservices is waiting for the debugger on port 8100...
01-23 08:46:08.034  1356  1384 I chatty  : uid=1000(system) Binder:1356_1 expire 4 lines
01-23 08:46:08.037  1356  7254 I chatty  : uid=1000(system) Binder:1356_1D expire 12 lines
01-23 08:46:27.998  1356  1413 I chatty  : uid=1000(system) ActivityManager expire 1 line
01-23 08:46:49.171  1691  2386 D PowerUI : can't show warning due to - plugged: true status unknown: false
01-23 08:47:12.457  1356  1524 I chatty  : uid=1000(system) Binder:1356_3 expire 9 lines
01-23 08:47:12.495  1356  2996 I chatty  : uid=1000(system) Binder:1356_D expire 3 lines
01-23 08:47:12.615  1356  1385 I chatty  : uid=1000(system) Binder:1356_2 expire 13 lines
01-23 08:47:12.662  1356  3720 I chatty  : uid=1000(system) Binder:1356_12 expire 2 lines
01-23 08:47:12.673  1356  2747 I chatty  : uid=1000(system) Binder:1356_A expire 1 line
01-23 08:47:12.700  1356  5798 I chatty  : uid=1000(system) Binder:1356_1C expire 1 line
01-23 08:47:12.741  1356  4004 I chatty  : uid=1000(system) Binder:1356_17 expire 12 lines
01-23 08:47:12.754 16071 16071 W ActivityThread: Application com.example.cesservices is waiting for the debugger on port 8100...
01-23 08:47:49.170  1691  2386 D PowerUI : can't show warning due to - plugged: true status unknown: false
01-23 08:48:04.517  1356  5798 I chatty  : uid=1000(system) Binder:1356_1C expire 12 lines
01-23 08:48:23.002  1356  1524 I chatty  : uid=1000(system) Binder:1356_3 expire 7 lines
01-23 08:48:23.903  1356  1990 I chatty  : uid=1000(system) Binder:1356_7 expire 11 lines
01-23 08:48:23.923  1356  1407 I chatty  : uid=1000(system) android.display expire 8 lines
01-23 08:48:23.955  1356  1385 I chatty  : uid=1000(system) Binder:1356_2 expire 7 lines
01-23 08:48:24.076  1356  1986 I chatty  : uid=1000(system) Binder:1356_6 expire 15 lines
01-23 08:48:24.107  1356  7254 I chatty  : uid=1000(system) Binder:1356_1D expire 7 lines
01-23 08:48:24.117  1356  2117 I chatty  : uid=1000(system) Binder:1356_9 expire 12 lines
01-23 08:48:24.134  1356  3717 I chatty  : uid=1000(system) Binder:1356_11 expire 7 lines
01-23 08:48:24.140  1356  1414 I chatty  : uid=1000(system) ActivityManager expire 4 lines
01-23 08:48:24.181 16228 16228 W ActivityThread: Application com.example.cesservices is waiting for the debugger on port 8100...
01-23 08:48:29.357  1356  1356 I chatty  : uid=1000 system_server expire 3 lines
01-23 08:48:35.673  1691  2386 D PowerUI : can't show warning due to - plugged: true status unknown: false
01-23 08:48:40.174  1356  1384 I chatty  : uid=1000(system) Binder:1356_1 expire 9 lines
01-23 08:48:40.322  1356  4001 I chatty  : uid=1000(system) Binder:1356_16 expire 8 lines
01-23 08:48:40.325  1356  3998 I chatty  : uid=1000(system) Binder:1356_15 expire 6 lines
01-23 08:48:40.456 16366 16366 W ActivityThread: Application com.example.cesservices is waiting for the debugger on port 8100...
01-23 08:48:45.946  1356  4004 I chatty  : uid=1000(system) Binder:1356_17 expire 3 lines
01-23 08:48:49.163  1691  2386 D PowerUI : can't show warning due to - plugged: true status unknown: false
01-23 08:49:11.157  1356  1413 I chatty  : uid=1000(system) ActivityManager expire 20 lines
01-23 08:49:25.770  1356  1986 I chatty  : uid=1000(system) Binder:1356_6 expire 15 lines
01-23 08:49:25.958  1356  3271 I chatty  : uid=1000(system) Binder:1356_F expire 11 lines
01-23 08:49:26.060 16510 16510 W ActivityThread: Application com.example.cesservices is waiting for the debugger on port 8100...
01-23 08:49:49.176  1691  2386 D PowerUI : can't show warning due to - plugged: true status unknown: false
01-23 08:50:18.257  1356  1990 I chatty  : uid=1000(system) Binder:1356_7 expire 6 lines
01-23 08:50:18.257  1356  5798 I chatty  : uid=1000(system) Binder:1356_1C expire 5 lines
01-23 08:50:18.303  1356  2117 I chatty  : uid=1000(system) Binder:1356_9 expire 5 lines
01-23 08:50:18.444  1356  3273 I chatty  : uid=1000(system) Binder:1356_10 expire 1 line
01-23 08:50:18.471  1356  2069 I chatty  : uid=1000(system) Binder:1356_8 expire 8 lines
01-23 08:50:19.001  1356  1447 I chatty  : uid=1000(system) PackageManager expire 54 lines
01-23 08:50:19.172  1356  1867 I chatty  : uid=1000(system) Binder:1356_5 expire 1 line
01-23 08:50:19.263  1356  3720 I chatty  : uid=1000(system) Binder:1356_12 expire 8 lines
01-23 08:50:19.330  1356  1356 I chatty  : uid=1000 system_server expire 10 lines
01-23 08:50:19.352  1356  4004 I chatty  : uid=1000(system) Binder:1356_17 expire 4 lines
01-23 08:50:19.354  1356  1404 I chatty  : uid=1000(system) android.fg expire 2 lines
01-23 08:50:19.354 16688 16688 W ActivityThread: Application com.example.cesservices is waiting for the debugger on port 8100...
01-23 08:50:19.356  1356  1413 I chatty  : uid=1000(system) ActivityManager expire 10 lines
01-23 08:50:19.500  1356  1405 I chatty  : uid=1000(system) android.ui expire 1 line
01-23 08:50:29.623  1356  1990 I chatty  : uid=1000(system) Binder:1356_7 expire 1 line
01-23 08:50:29.626  1356  1867 I chatty  : uid=1000(system) Binder:1356_5 expire 3 lines
01-23 08:50:29.638  1356  1524 I chatty  : uid=1000(system) Binder:1356_3 expire 9 lines
01-23 08:50:29.646  1356  2747 I chatty  : uid=1000(system) Binder:1356_A expire 5 lines
01-23 08:50:49.172  1691  2386 D PowerUI : can't show warning due to - plugged: true status unknown: false
01-23 08:50:50.042  1356  1413 I chatty  : uid=1000(system) ActivityManager expire 25 lines
01-23 08:51:29.997  1356  8184 I chatty  : uid=1000(system) Binder:1356_1F expire 2 lines
01-23 08:51:30.879  1356  1986 I chatty  : uid=1000(system) Binder:1356_6 expire 7 lines
01-23 08:51:30.881  1356  3271 I chatty  : uid=1000(system) Binder:1356_F expire 10 lines
01-23 08:51:30.899  1356  1407 I chatty  : uid=1000(system) android.display expire 3 lines
01-23 08:51:30.918  1356  1384 I chatty  : uid=1000(system) Binder:1356_1 expire 5 lines
01-23 08:51:30.923  1356  3262 I chatty  : uid=1000(system) Binder:1356_E expire 4 lines
01-23 08:51:31.042  1356  7465 I chatty  : uid=1000(system) Binder:1356_1E expire 12 lines
01-23 08:51:31.075  1356  3997 I chatty  : uid=1000(system) Binder:1356_14 expire 4 lines
01-23 08:51:49.185  1691  2386 D PowerUI : can't show warning due to - plugged: true status unknown: false
01-23 08:52:24.533  1356  1447 I chatty  : uid=1000(system) PackageManager expire 54 lines
01-23 08:52:24.766  1356  5333 I chatty  : uid=1000(system) Binder:1356_1A expire 1 line
01-23 08:52:24.798  1356  1356 I chatty  : uid=1000 system_server expire 8 lines
01-23 08:52:24.882  1356  1414 I chatty  : uid=1000(system) ActivityManager expire 1 line
01-23 08:52:24.950 16925 16925 W ActivityThread: Application com.example.cesservices is waiting for the debugger on port 8100...
01-23 08:52:25.017  1356  1413 I chatty  : uid=1000(system) ActivityManager expire 11 lines
01-23 08:52:30.401  1356  5688 I chatty  : uid=1000(system) Binder:1356_1B expire 9 lines
01-23 08:52:31.503  1356  2117 I chatty  : uid=1000(system) Binder:1356_9 expire 6 lines
01-23 08:52:45.501  1356  2750 I chatty  : uid=1000(system) Binder:1356_C expire 1 line
01-23 08:52:49.174  1691  2386 D PowerUI : can't show warning due to - plugged: true status unknown: false
01-23 08:53:05.019  1356  3721 I chatty  : uid=1000(system) Binder:1356_13 expire 2 lines
01-23 08:53:05.186  1356  2069 I chatty  : uid=1000(system) Binder:1356_8 expire 7 lines
01-23 08:53:05.838  1356  1413 I chatty  : uid=1000(system) ActivityManager expire 1 line
01-23 08:53:05.839  1356  1447 I chatty  : uid=1000(system) PackageManager expire 54 lines
01-23 08:53:05.966  1356  1413 I chatty  : uid=1000(system) ActivityManager expire 28 lines
01-23 08:53:06.012  1356  1407 I chatty  : uid=1000(system) android.display expire 10 lines
01-23 08:53:06.013  1356  3271 I chatty  : uid=1000(system) Binder:1356_F expire 15 lines
01-23 08:53:06.039  1356  1356 I chatty  : uid=1000 system_server expire 10 lines
01-23 08:53:06.073  1356  1414 I chatty  : uid=1000(system) ActivityManager expire 7 lines
01-23 08:53:06.179  1356  1404 I chatty  : uid=1000(system) android.fg expire 7 lines
01-23 08:53:06.187  1356  2117 I chatty  : uid=1000(system) Binder:1356_9 expire 2 lines
01-23 08:53:06.211 17123 17123 W ActivityThread: Application com.example.cesservices is waiting for the debugger on port 8100...
01-23 08:53:11.567  1356  3997 I chatty  : uid=1000(system) Binder:1356_14 expire 13 lines
01-23 08:53:15.754  1356  5798 I chatty  : uid=1000(system) Binder:1356_1C expire 7 lines
01-23 08:53:15.763  1356  5688 I chatty  : uid=1000(system) Binder:1356_1B expire 1 line
01-23 08:53:17.830  1356  1524 I chatty  : uid=1000(system) Binder:1356_3 expire 3 lines
01-23 08:53:49.170  1691  2386 D PowerUI : can't show warning due to - plugged: true status unknown: false
01-23 08:53:55.051  1356  1867 I chatty  : uid=1000(system) Binder:1356_5 expire 5 lines
01-23 08:53:55.055  1356  1990 I chatty  : uid=1000(system) Binder:1356_7 expire 1 line
01-23 08:53:55.143  1356  3998 I chatty  : uid=1000(system) Binder:1356_15 expire 6 lines
01-23 08:53:55.176  1356  3720 I chatty  : uid=1000(system) Binder:1356_12 expire 12 lines
01-23 08:53:55.179  1356  1716 I chatty  : uid=1000(system) Binder:1356_4 expire 12 lines
01-23 08:53:55.270 17301 17301 W ActivityThread: Application com.example.cesservices is waiting for the debugger on port 8100...
01-23 08:54:05.363  1356  3997 I chatty  : uid=1000(system) Binder:1356_14 expire 2 lines
01-23 08:54:05.382  1356  2996 I chatty  : uid=1000(system) Binder:1356_D expire 1 line
01-23 08:54:49.173  1691  2386 D PowerUI : can't show warning due to - plugged: true status unknown: false
01-23 08:54:55.563  1356  7254 I chatty  : uid=1000(system) Binder:1356_1D expire 3 lines
01-23 08:54:55.597  1356  2069 I chatty  : uid=1000(system) Binder:1356_8 expire 6 lines
01-23 08:54:55.616  1356  8184 I chatty  : uid=1000(system) Binder:1356_1F expire 15 lines
01-23 08:54:55.718 17535 17535 W ActivityThread: Application com.example.cesservices is waiting for the debugger on port 8100...
01-23 08:55:02.227  1356  1384 I chatty  : uid=1000(system) Binder:1356_1 expire 2 lines
01-23 08:55:22.481  1356  1413 I chatty  : uid=1000(system) ActivityManager expire 8 lines
01-23 08:55:28.531  1356  4281 I chatty  : uid=1000(system) Binder:1356_19 expire 6 lines
01-23 08:55:28.567  1356  3717 I chatty  : uid=1000(system) Binder:1356_11 expire 3 lines
01-23 08:55:28.691  1356  1716 I chatty  : uid=1000(system) Binder:1356_4 expire 10 lines
01-23 08:55:28.702  1356  8630 I chatty  : uid=1000(system) Binder:1356_20 expire 7 lines
01-23 08:55:28.722  1356  3721 I chatty  : uid=1000(system) Binder:1356_13 expire 5 lines
01-23 08:55:28.810 17690 17690 W ActivityThread: Application com.example.cesservices is waiting for the debugger on port 8100...
01-23 08:55:28.812  1356  8184 I chatty  : uid=1000(system) Binder:1356_1F expire 6 lines
01-23 08:55:33.944  1356  1356 I chatty  : uid=1000 system_server expire 5 lines
01-23 08:55:33.982  1356  3271 I chatty  : uid=1000(system) Binder:1356_F expire 1 line
01-23 08:55:49.169  1691  2386 D PowerUI : can't show warning due to - plugged: true status unknown: false
01-23 08:56:14.147  1356  1412 I chatty  : uid=1000(system) android.bg expire 3 lines
01-23 08:56:58.950  1356  1405 I chatty  : uid=1000(system) android.ui expire 2 lines
01-23 08:56:59.003  1356  1408 I chatty  : uid=1000(system) android.anim expire 2 lines
01-23 08:57:49.183  1691  2386 D PowerUI : can't show warning due to - plugged: true status unknown: false
01-23 08:58:49.185  1691  2386 D PowerUI : can't show warning due to - plugged: true status unknown: false
01-23 08:59:21.815  1356  1425 I chatty  : uid=1000(system) PowerManagerSer expire 2 lines
01-23 08:59:49.175  1691  2386 D PowerUI : can't show warning due to - plugged: true status unknown: false
01-23 09:00:49.192  1691  2386 D PowerUI : can't show warning due to - plugged: true status unknown: false
01-23 09:01:49.180  1691  2386 D PowerUI : can't show warning due to - plugged: true status unknown: false
01-23 09:02:28.585  1356  2451 I chatty  : uid=1000(system) AdbDebuggingMan expire 1 line
01-23 09:02:28.586  1356  1583 I chatty  : uid=1000(system) HwBinder:1356_2 expire 1 line
01-23 09:02:28.723  1356  1418 I chatty  : uid=1000(system) batterystats-wo expire 2 lines
01-23 09:02:29.621  1356  1414 I chatty  : uid=1000(system) ActivityManager expire 5 lines
01-23 09:02:30.219  1356  1583 I chatty  : uid=1000(system) HwBinder:1356_2 expire 3 lines
01-23 09:03:25.204  1356  1413 I chatty  : uid=1000(system) ActivityManager expire 14 lines
01-23 09:04:41.776  1356  8630 I chatty  : uid=1000(system) Binder:1356_20 expire 12 lines
01-23 09:05:21.247  1356  1614 I chatty  : uid=1000(system) ConnectivitySer expire 4 lines
01-23 09:05:21.249  1356  1356 I chatty  : uid=1000 system_server expire 13 lines
01-23 09:05:21.804  1356  1406 I chatty  : uid=1000(system) android.io expire 1 line
01-23 09:05:21.820  1691  2386 D PowerUI : can't show warning due to - plugged: true status unknown: false
01-23 09:05:22.459  1356  1404 I chatty  : uid=1000(system) android.fg expire 14 lines
01-23 09:05:22.465  1691  2386 D PowerUI : can't show warning due to - plugged: true status unknown: false
01-23 09:05:22.803  1691  2386 D PowerUI : can't show warning due to - plugged: true status unknown: false
01-23 09:05:22.927  1356  3271 I chatty  : uid=1000(system) Binder:1356_F expire 7 lines
01-23 09:05:22.985  1691  2386 D PowerUI : can't show warning due to - plugged: true status unknown: false
01-23 09:05:23.981  1691  2386 D PowerUI : can't show warning due to - plugged: true status unknown: false
01-23 09:05:27.014  1356  5333 I chatty  : uid=1000(system) Binder:1356_1A expire 3 lines
01-23 09:05:27.031  1356  3273 I chatty  : uid=1000(system) Binder:1356_10 expire 11 lines
01-23 09:05:35.807  1356  1407 I chatty  : uid=1000(system) android.display expire 7 lines
01-23 09:05:35.843  1356  2117 I chatty  : uid=1000(system) Binder:1356_9 expire 5 lines
01-23 09:05:35.861  1691  2386 D PowerUI : can't show warning due to - plugged: true status unknown: false
01-23 09:05:35.889  1356  3721 I chatty  : uid=1000(system) Binder:1356_13 expire 2 lines
01-23 09:05:35.918  1356  5798 I chatty  : uid=1000(system) Binder:1356_1C expire 7 lines
01-23 09:05:36.852  1356  2451 I chatty  : uid=1000(system) AdbDebuggingMan expire 2 lines
01-23 09:05:49.611  1356  3262 I chatty  : uid=1000(system) Binder:1356_E expire 1 line
01-23 09:05:49.612  1356  3717 I chatty  : uid=1000(system) Binder:1356_11 expire 2 lines
01-23 09:05:52.886  1356  1413 I chatty  : uid=1000(system) ActivityManager expire 34 lines
01-23 09:05:52.887  1356  1447 I chatty  : uid=1000(system) PackageManager expire 54 lines
01-23 09:05:53.106  1356  7465 I chatty  : uid=1000(system) Binder:1356_1E expire 12 lines
01-23 09:05:53.322  1356  1867 I chatty  : uid=1000(system) Binder:1356_5 expire 8 lines
01-23 09:05:56.578  1356  8184 I chatty  : uid=1000(system) Binder:1356_1F expire 6 lines
01-23 09:06:02.584  1356  2069 I chatty  : uid=1000(system) Binder:1356_8 expire 4 lines
01-23 09:06:21.830  1691  2386 D PowerUI : can't show warning due to - plugged: true status unknown: false
01-23 09:06:27.917  1356  1356 I chatty  : uid=1000 system_server expire 3 lines
01-23 09:07:03.191  1691  2386 D PowerUI : can't show warning due to - plugged: true status unknown: false
01-23 09:07:23.888  1691  2386 I chatty  : uid=10016(com.android.systemui) pool-5-thread-1 identical 2 lines
01-23 09:07:24.106  1691  2386 D PowerUI : can't show warning due to - plugged: true status unknown: false
01-23 09:07:41.980  1356  2051 I chatty  : uid=1000(system) HwBinder:1356_4 expire 2 lines
01-23 09:07:42.003  1356  1413 I chatty  : uid=1000(system) ActivityManager expire 5 lines
01-23 09:08:21.434  1356  1990 I chatty  : uid=1000(system) Binder:1356_7 expire 2 lines
01-23 09:08:22.481  1356  5688 I chatty  : uid=1000(system) Binder:1356_1B expire 3 lines
01-23 09:08:24.385  1356  4001 I chatty  : uid=1000(system) Binder:1356_16 expire 2 lines
01-23 09:08:40.846  1356  3997 I chatty  : uid=1000(system) Binder:1356_14 expire 5 lines
01-23 09:09:10.915  1356  4281 I chatty  : uid=1000(system) Binder:1356_19 expire 24 lines
01-23 09:09:10.920  1356  8184 I chatty  : uid=1000(system) Binder:1356_1F expire 44 lines
01-23 09:09:12.062  1356  3997 I chatty  : uid=1000(system) Binder:1356_14 expire 14 lines
01-23 09:09:25.943  1356  1867 I chatty  : uid=1000(system) Binder:1356_5 expire 19 lines
01-23 09:09:32.181  1356  4001 I chatty  : uid=1000(system) Binder:1356_16 expire 21 lines
01-23 09:10:26.105  1356  3721 I chatty  : uid=1000(system) Binder:1356_13 expire 13 lines
01-23 09:10:46.169  1356  1614 I chatty  : uid=1000(system) ConnectivitySer expire 2 lines
01-23 09:10:52.223  1356  1986 I chatty  : uid=1000(system) Binder:1356_6 expire 23 lines
01-23 09:11:18.918  1356  1356 I chatty  : uid=1000 system_server expire 4 lines
01-23 09:11:26.261  1356  2996 I chatty  : uid=1000(system) Binder:1356_D expire 24 lines
01-23 09:11:26.538  1356  1413 I chatty  : uid=1000(system) ActivityManager expire 14 lines
01-23 09:12:53.980  1356  1414 I chatty  : uid=1000(system) ActivityManager expire 2 lines
01-23 09:13:16.570  1356  5688 I chatty  : uid=1000(system) Binder:1356_1B expire 2 lines
01-23 09:13:26.564  1356  2747 I chatty  : uid=1000(system) Binder:1356_A expire 11 lines
01-23 09:15:58.287  1356  1406 I chatty  : uid=1000(system) android.io expire 1 line
01-23 09:15:58.299  1691  2386 D PowerUI : can't show warning due to - plugged: true status unknown: false
01-23 09:15:58.352  1356  3721 I chatty  : uid=1000(system) Binder:1356_13 expire 1 line
01-23 09:15:58.479  1691  2386 D PowerUI : can't show warning due to - plugged: true status unknown: false
01-23 09:15:58.895  1356  1404 I chatty  : uid=1000(system) android.fg expire 7 lines
01-23 09:15:58.947  1691  2386 D PowerUI : can't show warning due to - plugged: true status unknown: false
01-23 09:15:59.474  1691  2386 I chatty  : uid=10016(com.android.systemui) pool-5-thread-1 identical 2 lines
01-23 09:16:00.461  1691  2386 D PowerUI : can't show warning due to - plugged: true status unknown: false
01-23 09:16:00.764  1356  1419 I chatty  : uid=1000(system) HwBinder:1356_1 expire 1 line
01-23 09:16:13.185  1356  3997 I chatty  : uid=1000(system) Binder:1356_14 expire 1 line
01-23 09:16:30.206  1356  2747 I chatty  : uid=1000(system) Binder:1356_A expire 1 line
01-23 09:16:32.720  1356  1585 I chatty  : uid=1000(system) HwBinder:1356_3 expire 1 line
01-23 09:16:33.099  1356  1986 I chatty  : uid=1000(system) Binder:1356_6 expire 1 line
01-23 09:16:33.540  1691  2386 D PowerUI : can't show warning due to - plugged: true status unknown: false
01-23 09:16:33.978  1356  2451 I chatty  : uid=1000(system) AdbDebuggingMan expire 1 line
01-23 09:16:39.378  1356  1413 I chatty  : uid=1000(system) ActivityManager expire 6 lines
01-23 09:16:39.384  1356  1447 I chatty  : uid=1000(system) PackageManager expire 17 lines
01-23 09:16:39.428  1356  1407 I chatty  : uid=1000(system) android.display expire 3 lines
01-23 09:16:39.434  1356  1447 I chatty  : uid=1000(system) PackageManager expire 37 lines
01-23 09:16:39.526  1356  1413 I chatty  : uid=1000(system) ActivityManager expire 29 lines
01-23 09:16:39.575  1356  5333 I chatty  : uid=1000(system) Binder:1356_1A expire 9 lines
01-23 09:16:39.615  1356  1990 I chatty  : uid=1000(system) Binder:1356_7 expire 3 lines
01-23 09:16:39.631  1356  1414 I chatty  : uid=1000(system) ActivityManager expire 9 lines
01-23 09:16:39.662  1356  4281 I chatty  : uid=1000(system) Binder:1356_19 expire 10 lines
01-23 09:16:39.695  1356  1356 I chatty  : uid=1000 system_server expire 14 lines
01-23 09:16:39.723  1356  1986 I chatty  : uid=1000(system) Binder:1356_6 expire 9 lines
01-23 09:16:39.738 19324 19324 W ActivityThread: Application com.example.cesservices is waiting for the debugger on port 8100...
01-23 09:16:39.759  1356  1404 I chatty  : uid=1000(system) android.fg expire 2 lines
01-23 09:16:49.684  1356  1716 I chatty  : uid=1000(system) Binder:1356_4 expire 2 lines
01-23 09:16:58.319  1691  2386 D PowerUI : can't show warning due to - plugged: true status unknown: false
01-23 09:17:56.578  1691  2386 D PowerUI : can't show warning due to - plugged: true status unknown: false
01-23 09:17:58.311  1691  2386 I chatty  : uid=10016(com.android.systemui) pool-5-thread-1 identical 1 line
01-23 09:18:02.319  1691  2386 D PowerUI : can't show warning due to - plugged: true status unknown: false
01-23 09:18:11.250  1356  3207 I chatty  : uid=1000(system) backup-0 expire 2 lines
01-23 09:18:11.253  1356 19431 I chatty  : uid=1000 system_server expire 69 lines
01-23 09:18:11.269  1356  3262 I chatty  : uid=1000(system) Binder:1356_E expire 10 lines
01-23 09:18:14.177  1356  4281 I chatty  : uid=1000(system) Binder:1356_19 expire 9 lines
01-23 09:18:18.257  1356  1614 I chatty  : uid=1000(system) ConnectivitySer expire 6 lines
01-23 09:18:58.326  1691  2386 D PowerUI : can't show warning due to - plugged: true status unknown: false
01-23 09:19:15.624  1356  1356 I chatty  : uid=1000 system_server expire 6 lines
01-23 09:19:29.563  1356  1580 I chatty  : uid=1000(system) InputDispatcher expire 1 line
01-23 09:19:45.137  1691  2386 D PowerUI : can't show warning due to - plugged: true status unknown: false
01-23 09:19:58.320  1691  2386 D PowerUI : can't show warning due to - plugged: true status unknown: false
01-23 09:20:08.716  1356  5798 I chatty  : uid=1000(system) Binder:1356_1C expire 4 lines
01-23 09:20:08.926  1356  4004 I chatty  : uid=1000(system) Binder:1356_17 expire 4 lines
01-23 09:20:08.968  1356  2747 I chatty  : uid=1000(system) Binder:1356_A expire 3 lines
01-23 09:20:14.374  1356  1413 I chatty  : uid=1000(system) ActivityManager expire 13 lines
01-23 09:20:42.761  1356  3997 I chatty  : uid=1000(system) Binder:1356_14 expire 1 line
01-23 09:20:57.370  1029  1029 W wificond: No pno scan started
01-23 09:20:57.370  1029  1029 W wificond: Scheduled scan is not running!
01-23 09:20:57.371  1356  1413 I chatty  : uid=1000(system) ActivityManager expire 34 lines
01-23 09:20:57.397   917   917 W vendor.google.wifi_ext@1.0-service-vendor: No active wlan interfaces in use! Using default
01-23 09:20:57.569  1029  1029 I wificond: Unsubscribe scan result for interface with index: 30
01-23 09:20:57.634   917  2799 E vendor.google.wifi_ext@1.0-service-vendor: Callback invoked on an invalid object
01-23 09:20:57.634   917  2799 I chatty  : uid=1010 wifi_ext@1.0-se identical 3 lines
01-23 09:20:57.634   917  2799 E vendor.google.wifi_ext@1.0-service-vendor: Callback invoked on an invalid object
01-23 09:20:57.634   917  2799 I vendor.google.wifi_ext@1.0-service-vendor: Legacy HAL stop complete callback received
01-23 09:20:57.635   917   917 I vendor.google.wifi_ext@1.0-service-vendor: Wifi HAL stopped
01-23 09:20:57.636  1356  1614 I chatty  : uid=1000(system) ConnectivitySer expire 7 lines
01-23 09:20:57.649  1356  3997 I chatty  : uid=1000(system) Binder:1356_14 expire 10 lines
01-23 09:20:57.654  1356  2747 I chatty  : uid=1000(system) Binder:1356_A expire 10 lines
01-23 09:20:57.681   847  1183 E NetlinkEvent: NetlinkEvent::FindParam(): Parameter 'INTERFACE' not found
01-23 09:20:57.681   847  1183 E NetlinkEvent: NetlinkEvent::FindParam(): Parameter 'STATE' not found
01-23 09:20:57.681   847  1183 E NetlinkEvent: NetlinkEvent::FindParam(): Parameter 'TIME_NS' not found
01-23 09:20:57.681   847  1183 E NetlinkEvent: NetlinkEvent::FindParam(): Parameter 'UID' not found
01-23 09:20:57.690  1356  1867 I chatty  : uid=1000(system) Binder:1356_5 expire 4 lines
01-23 09:20:57.710  1356  1716 I chatty  : uid=1000(system) Binder:1356_4 expire 1 line
01-23 09:20:57.765   917   917 I vendor.google.wifi_ext@1.0-service-vendor: Wifi HAL started
01-23 09:20:57.792   917   917 I vendor.google.wifi_ext@1.0-service-vendor: Adding interface handle for wlan0
01-23 09:20:57.792   917   917 I vendor.google.wifi_ext@1.0-service-vendor: Adding interface handle for wlan1
01-23 09:20:57.792   917   917 I vendor.google.wifi_ext@1.0-service-vendor: Adding interface handle for p2p0
01-23 09:20:57.792   917   917 W vendor.google.wifi_ext@1.0-service-vendor: No active wlan interfaces in use! Using default
01-23 09:20:57.792   917   917 W vendor.google.wifi_ext@1.0-service-vendor: No active wlan interfaces in use! Using default
01-23 09:20:57.793   917   917 I vendor.google.wifi_ext@1.0-service-vendor: Configured chip in mode 3
01-23 09:20:57.793   917   917 W vendor.google.wifi_ext@1.0-service-vendor: No active wlan interfaces in use! Using default
01-23 09:20:57.808  1029  1029 I wificond: create scanner for interface with index: 30
01-23 09:20:57.808  1029  1029 I wificond: subscribe scan result for interface with index: 30
01-23 09:20:57.810  1029  1029 E wificond: No Offload Service available
01-23 09:20:57.810  1029  1029 I wificond: Offload HAL not supported 
01-23 09:20:58.294  1691  2386 D PowerUI : can't show warning due to - plugged: true status unknown: false
01-23 09:20:59.508  1356  2748 I chatty  : uid=1000(system) Binder:1356_B expire 4 lines
01-23 09:20:59.525  1356  5798 I chatty  : uid=1000(system) Binder:1356_1C expire 7 lines
01-23 09:21:14.725  1691  2386 D PowerUI : can't show warning due to - plugged: true status unknown: false
01-23 09:21:16.685  1356  1414 I chatty  : uid=1000(system) ActivityManager expire 2 lines
01-23 09:21:58.310  1691  2386 D PowerUI : can't show warning due to - plugged: true status unknown: false
01-23 09:22:28.744  1356  1412 I chatty  : uid=1000(system) android.bg expire 2 lines
01-23 09:22:39.491  1356  1447 I chatty  : uid=1000(system) PackageManager expire 54 lines
01-23 09:22:39.669  1356  1407 I chatty  : uid=1000(system) android.display expire 1 line
01-23 09:22:39.775  1356  1356 I chatty  : uid=1000 system_server expire 12 lines
01-23 09:22:39.823  1356  1404 I chatty  : uid=1000(system) android.fg expire 11 lines
01-23 09:22:39.856 20208 20208 W ActivityThread: Application com.example.cesservices is waiting for the debugger on port 8100...
01-23 09:22:52.333  1356  1990 I chatty  : uid=1000(system) Binder:1356_7 expire 1 line
01-23 09:22:52.336  1356  8184 I chatty  : uid=1000(system) Binder:1356_1F expire 11 lines
01-23 09:22:52.432  1356  3271 I chatty  : uid=1000(system) Binder:1356_F expire 5 lines
01-23 09:22:58.303  1691  2386 D PowerUI : can't show warning due to - plugged: true status unknown: false
01-23 09:23:22.476  1356  4281 I chatty  : uid=1000(system) Binder:1356_19 expire 1 line
01-23 09:23:37.521  1356  3997 I chatty  : uid=1000(system) Binder:1356_14 expire 5 lines
01-23 09:23:49.859  1356  1419 I chatty  : uid=1000(system) HwBinder:1356_1 expire 2 lines
01-23 09:23:49.868  1356  2451 I chatty  : uid=1000(system) AdbDebuggingMan expire 1 line
01-23 09:23:49.892  1356  1413 I chatty  : uid=1000(system) ActivityManager expire 17 lines
01-23 09:23:49.948  1356  1418 I chatty  : uid=1000(system) batterystats-wo expire 2 lines
01-23 09:23:51.492  1356  2051 I chatty  : uid=1000(system) HwBinder:1356_4 expire 2 lines
01-23 09:23:52.555  1356  2996 I chatty  : uid=1000(system) Binder:1356_D expire 1 line
01-23 09:25:07.734  1356  4046 I chatty  : uid=1000(system) Binder:1356_18 expire 8 lines
01-23 09:25:22.766  1356  1986 I chatty  : uid=1000(system) Binder:1356_6 expire 5 lines
01-23 09:25:37.793  1356  4001 I chatty  : uid=1000(system) Binder:1356_16 expire 10 lines
01-23 09:26:59.127  1356  1406 I chatty  : uid=1000(system) android.io expire 1 line
01-23 09:26:59.156  1691  2386 D PowerUI : can't show warning due to - plugged: true status unknown: false
01-23 09:26:59.348  1691  2386 I chatty  : uid=10016(com.android.systemui) pool-5-thread-1 identical 3 lines
01-23 09:26:59.779  1691  2386 D PowerUI : can't show warning due to - plugged: true status unknown: false
01-23 09:27:00.224  1691  2386 D PowerUI : can't show warning due to - plugged: true status unknown: false
01-23 09:27:01.314  1691  2386 D PowerUI : can't show warning due to - plugged: true status unknown: false
01-23 09:27:59.142  1691  2386 D PowerUI : can't show warning due to - plugged: true status unknown: false
01-23 09:28:08.175  1356  5333 I chatty  : uid=1000(system) Binder:1356_1A expire 3 lines
01-23 09:28:42.878  1691  2386 D PowerUI : can't show warning due to - plugged: true status unknown: false
01-23 09:28:53.285  1356  4001 I chatty  : uid=1000(system) Binder:1356_16 expire 3 lines
01-23 09:28:59.142  1691  2386 D PowerUI : can't show warning due to - plugged: true status unknown: false
01-23 09:29:01.659  1691  2386 D PowerUI : can't show warning due to - plugged: true status unknown: false
01-23 09:29:08.720  1356  1413 I chatty  : uid=1000(system) ActivityManager expire 5 lines
01-23 09:29:08.787  1356  1356 I chatty  : uid=1000 system_server expire 4 lines
01-23 09:29:23.340  1356  3721 I chatty  : uid=1000(system) Binder:1356_13 expire 2 lines
01-23 09:29:53.433  1356  3262 I chatty  : uid=1000(system) Binder:1356_E expire 5 lines
01-23 09:30:03.634  1356  3998 I chatty  : uid=1000(system) Binder:1356_15 expire 10 lines
01-23 09:30:53.578  1356  4046 I chatty  : uid=1000(system) Binder:1356_18 expire 11 lines
01-23 09:31:23.649  1356  2747 I chatty  : uid=1000(system) Binder:1356_A expire 1 line
01-23 09:31:38.685  1356  5798 I chatty  : uid=1000(system) Binder:1356_1C expire 2 lines
01-23 09:31:43.717  1356  1414 I chatty  : uid=1000(system) ActivityManager expire 7 lines
01-23 09:31:59.827  1356  1356 I chatty  : uid=1000 system_server expire 19 lines
01-23 09:32:08.765  1356  3262 I chatty  : uid=1000(system) Binder:1356_E expire 4 lines
01-23 09:33:48.735  1356  1406 I chatty  : uid=1000(system) android.io expire 1 line
01-23 09:33:48.744  1356  1413 I chatty  : uid=1000(system) ActivityManager expire 12 lines
01-23 09:33:48.793  1691  2386 D PowerUI : can't show warning due to - plugged: true status unknown: false
01-23 09:33:48.859  1356  1867 I chatty  : uid=1000(system) Binder:1356_5 expire 2 lines
01-23 09:33:49.387  1691  2386 D PowerUI : can't show warning due to - plugged: true status unknown: false
01-23 09:33:49.481  1356  1404 I chatty  : uid=1000(system) android.fg expire 10 lines
01-23 09:33:49.830  1691  2386 D PowerUI : can't show warning due to - plugged: true status unknown: false
01-23 09:33:50.913  1691  2386 D PowerUI : can't show warning due to - plugged: true status unknown: false
01-23 09:33:51.222  1356  2109 I chatty  : uid=1000(system) HwBinder:1356_5 expire 2 lines
01-23 09:34:46.213  1356  2117 I chatty  : uid=1000(system) Binder:1356_9 expire 9 lines
01-23 09:34:47.869  1691  1691 V DeadZone: consuming errant click: (803.0,52.0)
01-23 09:34:47.870  1691  1691 V DeadZone: consuming errant click: (803.0,52.0)
01-23 09:34:48.047  1691  2386 D PowerUI : can't show warning due to - plugged: true status unknown: false
01-23 09:34:48.662  1356  1407 I chatty  : uid=1000(system) android.display expire 7 lines
01-23 09:34:48.708  1356  4001 I chatty  : uid=1000(system) Binder:1356_16 expire 3 lines
01-23 09:34:48.728  1356  3997 I chatty  : uid=1000(system) Binder:1356_14 expire 4 lines
01-23 09:34:48.730  1356  5688 I chatty  : uid=1000(system) Binder:1356_1B expire 5 lines
01-23 09:34:48.736  1356  3720 I chatty  : uid=1000(system) Binder:1356_12 expire 4 lines
01-23 09:34:48.738  1691  2386 D PowerUI : can't show warning due to - plugged: true status unknown: false
01-23 09:34:48.771  1356  1990 I chatty  : uid=1000(system) Binder:1356_7 expire 1 line
01-23 09:34:48.796  1356  3721 I chatty  : uid=1000(system) Binder:1356_13 expire 5 lines
01-23 09:34:48.963  1691  2386 D PowerUI : can't show warning due to - plugged: true status unknown: false
01-23 09:34:49.035  1356  2451 I chatty  : uid=1000(system) AdbDebuggingMan expire 1 line
01-23 09:34:53.794  1356  1413 I chatty  : uid=1000(system) ActivityManager expire 40 lines
01-23 09:34:53.795  1356  1447 I chatty  : uid=1000(system) PackageManager expire 54 lines
01-23 09:34:54.036  1356  3717 I chatty  : uid=1000(system) Binder:1356_11 expire 1 line
01-23 09:34:54.158  1356  2069 I chatty  : uid=1000(system) Binder:1356_8 expire 8 lines
01-23 09:34:54.193  1356  2748 I chatty  : uid=1000(system) Binder:1356_B expire 3 lines
01-23 09:34:54.406  1356  5333 I chatty  : uid=1000(system) Binder:1356_1A expire 4 lines
01-23 09:35:02.186  1356  4281 I chatty  : uid=1000(system) Binder:1356_19 expire 2 lines
01-23 09:35:02.265 21288 21288 W ActivityThread: Application com.example.cesservices is waiting for the debugger on port 8100...
01-23 09:35:02.287  1356  1385 I chatty  : uid=1000(system) Binder:1356_2 expire 10 lines
01-23 09:35:02.323  1356  4004 I chatty  : uid=1000(system) Binder:1356_17 expire 7 lines
01-23 09:35:02.332  1356  4046 I chatty  : uid=1000(system) Binder:1356_18 expire 9 lines
01-23 09:35:07.750  1356  1356 I chatty  : uid=1000 system_server expire 7 lines
01-23 09:35:07.806  1356  4046 I chatty  : uid=1000(system) Binder:1356_18 expire 8 lines
01-23 09:35:11.762  1356  3997 I chatty  : uid=1000(system) Binder:1356_14 expire 11 lines
01-23 09:35:11.781  1356  1990 I chatty  : uid=1000(system) Binder:1356_7 expire 7 lines
01-23 09:35:22.929  1356  4004 I chatty  : uid=1000(system) Binder:1356_17 expire 1 line
01-23 09:35:22.929  1356  1614 I chatty  : uid=1000(system) ConnectivitySer expire 1 line
01-23 09:35:27.911  1356  3721 I chatty  : uid=1000(system) Binder:1356_13 expire 3 lines
01-23 09:35:30.856  1356  1385 I chatty  : uid=1000(system) Binder:1356_2 expire 4 lines
01-23 09:35:30.876  1356  4281 I chatty  : uid=1000(system) Binder:1356_19 expire 13 lines
01-23 09:35:31.370  1356  1414 I chatty  : uid=1000(system) ActivityManager expire 2 lines
01-23 09:35:36.521  1356  5333 I chatty  : uid=1000(system) Binder:1356_1A expire 4 lines
01-23 09:35:36.570  1356  1413 I chatty  : uid=1000(system) ActivityManager expire 7 lines
01-23 09:35:48.751  1691  2386 D PowerUI : can't show warning due to - plugged: true status unknown: false
01-23 09:35:51.860  1691  2386 I chatty  : uid=10016(com.android.systemui) pool-5-thread-1 identical 1 line
01-23 09:35:52.017  1691  2386 D PowerUI : can't show warning due to - plugged: true status unknown: false
01-23 09:36:38.002  1356  3717 I chatty  : uid=1000(system) Binder:1356_11 expire 3 lines
01-23 09:36:38.004  1356  7465 I chatty  : uid=1000(system) Binder:1356_1E expire 16 lines
01-23 09:36:38.009  1356  8184 I chatty  : uid=1000(system) Binder:1356_1F expire 10 lines
01-23 09:36:38.013  1356  1407 I chatty  : uid=1000(system) android.display expire 4 lines
01-23 09:36:38.136  1356  1867 I chatty  : uid=1000(system) Binder:1356_5 expire 3 lines
01-23 09:36:38.289 21567 21567 W ActivityThread: Application com.example.cesservices is waiting for the debugger on port 8100...
01-23 09:36:48.740  1691  2386 D PowerUI : can't show warning due to - plugged: true status unknown: false
01-23 09:36:56.607  1356  2117 I chatty  : uid=1000(system) Binder:1356_9 expire 2 lines
01-23 09:36:56.614  1356  2750 I chatty  : uid=1000(system) Binder:1356_C expire 8 lines
01-23 09:36:56.648  1356  2069 I chatty  : uid=1000(system) Binder:1356_8 expire 4 lines
01-23 09:36:56.669  1356  3273 I chatty  : uid=1000(system) Binder:1356_10 expire 17 lines
01-23 09:37:09.361  1356  8630 I chatty  : uid=1000(system) Binder:1356_20 expire 15 lines
01-23 09:37:24.398  1356  1986 I chatty  : uid=1000(system) Binder:1356_6 expire 10 lines
01-23 09:37:37.182  1691  2386 D PowerUI : can't show warning due to - plugged: true status unknown: false
01-23 09:37:39.430  1356  7465 I chatty  : uid=1000(system) Binder:1356_1E expire 9 lines
01-23 09:37:39.445  1356  3997 I chatty  : uid=1000(system) Binder:1356_14 expire 12 lines
01-23 09:37:48.750  1691  2386 D PowerUI : can't show warning due to - plugged: true status unknown: false
01-23 09:38:48.278  1691  2386 D PowerUI : can't show warning due to - plugged: true status unknown: false
01-23 09:38:48.312  1356  8630 I chatty  : uid=1000(system) Binder:1356_20 expire 17 lines
01-23 09:38:48.750  1691  2386 D PowerUI : can't show warning due to - plugged: true status unknown: false
01-23 09:38:49.924  1356  8184 I chatty  : uid=1000(system) Binder:1356_1F expire 11 lines
01-23 09:38:54.630  1356  3997 I chatty  : uid=1000(system) Binder:1356_14 expire 11 lines
01-23 09:39:48.755  1691  2386 D PowerUI : can't show warning due to - plugged: true status unknown: false
01-23 09:39:54.782  1356  8184 I chatty  : uid=1000(system) Binder:1356_1F expire 11 lines
01-23 09:40:48.751  1691  2386 D PowerUI : can't show warning due to - plugged: true status unknown: false
01-23 09:40:50.113  1356  1986 I chatty  : uid=1000(system) Binder:1356_6 expire 11 lines
01-23 09:40:54.912  1356  8630 I chatty  : uid=1000(system) Binder:1356_20 expire 4 lines
01-23 09:40:54.915  1356  3997 I chatty  : uid=1000(system) Binder:1356_14 expire 8 lines
01-23 09:41:48.752  1691  2386 D PowerUI : can't show warning due to - plugged: true status unknown: false
01-23 09:41:55.061  1356  8184 I chatty  : uid=1000(system) Binder:1356_1F expire 2 lines
01-23 09:42:23.619  1356  7465 I chatty  : uid=1000(system) Binder:1356_1E expire 9 lines
01-23 09:42:23.851  1356  1986 I chatty  : uid=1000(system) Binder:1356_6 expire 4 lines
01-23 09:42:23.883  1356  1414 I chatty  : uid=1000(system) ActivityManager expire 3 lines
01-23 09:42:35.341  1356  8630 I chatty  : uid=1000(system) Binder:1356_20 expire 2 lines
01-23 09:42:39.917  1356  1412 I chatty  : uid=1000(system) android.bg expire 2 lines
01-23 09:42:46.501  1356  3997 I chatty  : uid=1000(system) Binder:1356_14 expire 9 lines
01-23 09:42:46.537  1356  1405 I chatty  : uid=1000(system) android.ui expire 12 lines
01-23 09:42:46.543  1356  1407 I chatty  : uid=1000(system) android.display expire 19 lines
01-23 09:42:46.550  1356  1408 I chatty  : uid=1000(system) android.anim expire 21 lines
01-23 09:42:48.741  1691  2386 D PowerUI : can't show warning due to - plugged: true status unknown: false
01-23 09:42:55.532  1691  2386 D PowerUI : can't show warning due to - plugged: true status unknown: false
01-23 09:43:35.435  1356  2069 I chatty  : uid=1000(system) Binder:1356_8 expire 9 lines
01-23 09:43:39.290  1691  2386 D PowerUI : can't show warning due to - plugged: true status unknown: false
01-23 09:43:48.760  1691  2386 D PowerUI : can't show warning due to - plugged: true status unknown: false
01-23 09:43:48.946  1356  1614 I chatty  : uid=1000(system) ConnectivitySer expire 5 lines
01-23 09:44:48.755  1691  2386 D PowerUI : can't show warning due to - plugged: true status unknown: false
01-23 09:45:35.726  1356  1867 I chatty  : uid=1000(system) Binder:1356_5 expire 2 lines
01-23 09:45:48.756  1691  2386 D PowerUI : can't show warning due to - plugged: true status unknown: false
01-23 09:46:48.757  1691  2386 D PowerUI : can't show warning due to - plugged: true status unknown: false
01-23 09:47:48.766  1691  2386 D PowerUI : can't show warning due to - plugged: true status unknown: false
01-23 09:48:05.763  1356  2750 I chatty  : uid=1000(system) Binder:1356_C expire 8 lines
01-23 09:48:20.862  1356  1413 I chatty  : uid=1000(system) ActivityManager expire 1 line
01-23 09:48:25.895  1356  1356 I chatty  : uid=1000 system_server expire 2 lines
01-23 09:48:33.735  1356  5688 I chatty  : uid=1000(system) Binder:1356_1B expire 4 lines
01-23 09:48:33.806  1356  4281 I chatty  : uid=1000(system) Binder:1356_19 expire 1 line
01-23 09:48:41.492  1356  4004 I chatty  : uid=1000(system) Binder:1356_17 expire 5 lines
01-23 09:48:41.495  1356  3273 I chatty  : uid=1000(system) Binder:1356_10 expire 6 lines
01-23 09:48:47.931  1356  1990 I chatty  : uid=1000(system) Binder:1356_7 expire 4 lines
01-23 09:48:48.756  1691  2386 D PowerUI : can't show warning due to - plugged: true status unknown: false
01-23 09:48:54.584  1356  1407 I chatty  : uid=1000(system) android.display expire 13 lines
01-23 09:48:54.589  1356  1405 I chatty  : uid=1000(system) android.ui expire 14 lines
01-23 09:48:54.635  1356  1408 I chatty  : uid=1000(system) android.anim expire 12 lines
01-23 09:49:06.096  1356  1716 I chatty  : uid=1000(system) Binder:1356_4 expire 4 lines
01-23 09:49:48.754  1691  2386 D PowerUI : can't show warning due to - plugged: true status unknown: false
01-23 09:49:48.860  1356  1407 I chatty  : uid=1000(system) android.display expire 7 lines
01-23 09:49:48.865  1356  1524 I chatty  : uid=1000(system) Binder:1356_3 expire 13 lines
01-23 09:50:11.220  1356  1407 I chatty  : uid=1000(system) android.display expire 20 lines
01-23 09:50:11.228  1356  1408 I chatty  : uid=1000(system) android.anim expire 21 lines
01-23 09:50:11.233  1356  3273 I chatty  : uid=1000(system) Binder:1356_10 expire 9 lines
01-23 09:50:35.783  1356  1990 I chatty  : uid=1000(system) Binder:1356_7 expire 11 lines
01-23 09:50:35.789  1356  2069 I chatty  : uid=1000(system) Binder:1356_8 expire 7 lines
01-23 09:50:35.793  1356  1405 I chatty  : uid=1000(system) android.ui expire 10 lines
01-23 09:50:42.461  1356  1986 I chatty  : uid=1000(system) Binder:1356_6 expire 12 lines
01-23 09:50:48.749  1691  2386 D PowerUI : can't show warning due to - plugged: true status unknown: false
01-23 09:50:48.773  1356  4004 I chatty  : uid=1000(system) Binder:1356_17 expire 6 lines
01-23 09:51:16.356  1356  4281 I chatty  : uid=1000(system) Binder:1356_19 expire 13 lines
01-23 09:51:16.403  1356  1716 I chatty  : uid=1000(system) Binder:1356_4 expire 3 lines
01-23 09:51:48.758  1691  2386 D PowerUI : can't show warning due to - plugged: true status unknown: false
01-23 09:51:58.654  1356  1414 I chatty  : uid=1000(system) ActivityManager expire 1 line
01-23 09:52:07.137  1356  1407 I chatty  : uid=1000(system) android.display expire 18 lines
01-23 09:52:16.640  1356  1356 I chatty  : uid=1000 system_server expire 1 line
01-23 09:52:24.157  1356  2750 I chatty  : uid=1000(system) Binder:1356_C expire 3 lines
01-23 09:52:24.160  1356  1408 I chatty  : uid=1000(system) android.anim expire 12 lines
01-23 09:52:24.187  1356  5688 I chatty  : uid=1000(system) Binder:1356_1B expire 10 lines
01-23 09:52:48.756  1691  2386 D PowerUI : can't show warning due to - plugged: true status unknown: false
01-23 09:53:48.762  1691  2386 D PowerUI : can't show warning due to - plugged: true status unknown: false
01-23 09:54:48.755  1691  2386 D PowerUI : can't show warning due to - plugged: true status unknown: false
01-23 09:54:57.025  1356  1405 I chatty  : uid=1000(system) android.ui expire 5 lines
01-23 09:55:48.756  1691  2386 D PowerUI : can't show warning due to - plugged: true status unknown: false
01-23 09:56:34.425  1356  1413 I chatty  : uid=1000(system) ActivityManager expire 6 lines
01-23 09:56:48.752  1691  2386 D PowerUI : can't show warning due to - plugged: true status unknown: false
01-23 09:56:52.350  1356  1986 I chatty  : uid=1000(system) Binder:1356_6 expire 6 lines
01-23 09:56:52.354  1356  1524 I chatty  : uid=1000(system) Binder:1356_3 expire 7 lines
01-23 09:57:17.387  1356  1990 I chatty  : uid=1000(system) Binder:1356_7 expire 3 lines
01-23 09:57:48.750  1691  2386 D PowerUI : can't show warning due to - plugged: true status unknown: false
01-23 09:58:48.750  1691  2386 D PowerUI : can't show warning due to - plugged: true status unknown: false
01-23 09:59:02.447  1356  1424 I chatty  : uid=1000(system) CpuTracker expire 2 lines
01-23 09:59:48.755  1691  2386 D PowerUI : can't show warning due to - plugged: true status unknown: false
01-23 09:59:52.757  1356  1524 I chatty  : uid=1000(system) Binder:1356_3 expire 14 lines
01-23 09:59:53.057  1356  1414 I chatty  : uid=1000(system) ActivityManager expire 5 lines
01-23 10:00:22.858  1356  3273 I chatty  : uid=1000(system) Binder:1356_10 expire 11 lines
01-23 10:00:22.874  1356  1986 I chatty  : uid=1000(system) Binder:1356_6 expire 6 lines
01-23 10:00:38.198  1356  3721 I chatty  : uid=1000(system) Binder:1356_13 expire 8 lines
01-23 10:00:38.228  1356  4281 I chatty  : uid=1000(system) Binder:1356_19 expire 3 lines
01-23 10:00:48.752  1691  2386 D PowerUI : can't show warning due to - plugged: true status unknown: false
01-23 10:01:48.753  1691  2386 D PowerUI : can't show warning due to - plugged: true status unknown: false
01-23 10:02:03.414  1356  1716 I chatty  : uid=1000(system) Binder:1356_4 expire 3 lines
01-23 10:02:13.429  1356  2750 I chatty  : uid=1000(system) Binder:1356_C expire 7 lines
01-23 10:02:46.560  1356  1412 I chatty  : uid=1000(system) android.bg expire 2 lines
01-23 10:02:48.751  1691  2386 D PowerUI : can't show warning due to - plugged: true status unknown: false
01-23 10:03:48.749  1691  2386 D PowerUI : can't show warning due to - plugged: true status unknown: false
01-23 10:03:50.017  1356  1405 I chatty  : uid=1000(system) android.ui expire 11 lines
01-23 10:03:50.021  1356  1407 I chatty  : uid=1000(system) android.display expire 10 lines
01-23 10:03:50.026  1356  1408 I chatty  : uid=1000(system) android.anim expire 20 lines
01-23 10:04:07.733  1356  1990 I chatty  : uid=1000(system) Binder:1356_7 expire 20 lines
01-23 10:04:08.824  1356  4004 I chatty  : uid=1000(system) Binder:1356_17 expire 2 lines
01-23 10:04:23.340  1356  8630 I chatty  : uid=1000(system) Binder:1356_20 expire 10 lines
01-23 10:04:45.731  1356  2117 I chatty  : uid=1000(system) Binder:1356_9 expire 1 line
01-23 10:04:45.952  1356  3720 I chatty  : uid=1000(system) Binder:1356_12 expire 1 line
01-23 10:04:48.749  1691  2386 D PowerUI : can't show warning due to - plugged: true status unknown: false
01-23 10:04:48.822  1356  1867 I chatty  : uid=1000(system) Binder:1356_5 expire 1 line
01-23 10:04:48.825  1356  3273 I chatty  : uid=1000(system) Binder:1356_10 expire 1 line
01-23 10:04:48.833  1356  3262 I chatty  : uid=1000(system) Binder:1356_E expire 1 line
01-23 10:04:48.838  1356  8184 I chatty  : uid=1000(system) Binder:1356_1F expire 6 lines
01-23 10:05:02.579  1356  1413 I chatty  : uid=1000(system) ActivityManager expire 29 lines
01-23 10:05:02.580  1356  1447 I chatty  : uid=1000(system) PackageManager expire 54 lines
01-23 10:05:02.774  1356  1385 I chatty  : uid=1000(system) Binder:1356_2 expire 1 line
01-23 10:05:02.874  1356  2748 I chatty  : uid=1000(system) Binder:1356_B expire 1 line
01-23 10:05:02.948  1356  1356 I chatty  : uid=1000 system_server expire 9 lines
01-23 10:05:03.002  1356  1404 I chatty  : uid=1000(system) android.fg expire 2 lines
01-23 10:05:03.206  1356  5798 I chatty  : uid=1000(system) Binder:1356_1C expire 8 lines
01-23 10:05:10.182  1356  1384 I chatty  : uid=1000(system) Binder:1356_1 expire 2 lines
01-23 10:05:10.888  1691  2386 D PowerUI : can't show warning due to - plugged: true status unknown: false
01-23 10:05:13.819  1356  1524 I chatty  : uid=1000(system) Binder:1356_3 expire 2 lines
01-23 10:05:14.191  1356  1405 I chatty  : uid=1000(system) android.ui expire 2 lines
01-23 10:05:14.197  1356  1407 I chatty  : uid=1000(system) android.display expire 7 lines
01-23 10:05:14.202  1356  1408 I chatty  : uid=1000(system) android.anim expire 7 lines
01-23 10:05:32.748  1356  1412 I chatty  : uid=1000(system) android.bg expire 1 line
01-23 10:05:33.743  1356  1414 I chatty  : uid=1000(system) ActivityManager expire 3 lines
01-23 10:05:33.983  1356  5798 I chatty  : uid=1000(system) Binder:1356_1C expire 6 lines
01-23 10:05:34.006  1356  1405 I chatty  : uid=1000(system) android.ui expire 3 lines
01-23 10:05:48.683  1356  2996 I chatty  : uid=1000(system) Binder:1356_D expire 10 lines
01-23 10:05:48.745  1691  2386 D PowerUI : can't show warning due to - plugged: true status unknown: false
01-23 10:06:04.114  1691  2386 D PowerUI : can't show warning due to - plugged: true status unknown: false
01-23 10:06:10.985  1356  4046 I chatty  : uid=1000(system) Binder:1356_18 expire 12 lines
01-23 10:06:10.989  1356  1524 I chatty  : uid=1000(system) Binder:1356_3 expire 10 lines
01-23 10:06:19.410  1356  1614 I chatty  : uid=1000(system) ConnectivitySer expire 5 lines
01-23 10:06:19.811  1356  1413 I chatty  : uid=1000(system) ActivityManager expire 19 lines
01-23 10:06:27.267  1356  1384 I chatty  : uid=1000(system) Binder:1356_1 expire 10 lines
01-23 10:06:48.757  1691  2386 D PowerUI : can't show warning due to - plugged: true status unknown: false
01-23 10:07:48.751  1691  2386 D PowerUI : can't show warning due to - plugged: true status unknown: false
01-23 10:08:05.345  1356  2109 I chatty  : uid=1000(system) HwBinder:1356_5 expire 4 lines
01-23 10:08:05.346  1356  1404 I chatty  : uid=1000(system) android.fg expire 10 lines
01-23 10:08:05.353  1356  2451 I chatty  : uid=1000(system) AdbDebuggingMan expire 2 lines
01-23 10:08:05.492  1356  1418 I chatty  : uid=1000(system) batterystats-wo expire 2 lines
01-23 10:08:05.512  1356  1356 I chatty  : uid=1000 system_server expire 15 lines
01-23 10:08:59.385  1356  1385 I chatty  : uid=1000(system) Binder:1356_2 expire 10 lines
01-23 10:08:59.399  1356  8184 I chatty  : uid=1000(system) Binder:1356_1F expire 10 lines
