01-23 10:09:15.183  1356  1406 I chatty  : uid=1000(system) android.io expire 2 lines
01-23 10:09:15.203  1691  2386 D PowerUI : can't show warning due to - plugged: true status unknown: false
01-23 10:09:15.840  1691  2386 D PowerUI : can't show warning due to - plugged: true status unknown: false
01-23 10:09:16.188  1691  2386 D PowerUI : can't show warning due to - plugged: true status unknown: false
01-23 10:09:19.187  1356  5333 I chatty  : uid=1000(system) Binder:1356_1A expire 4 lines
01-23 10:09:25.482  1356  1413 I chatty  : uid=1000(system) ActivityManager expire 13 lines
01-23 10:13:25.705  1691  2386 D PowerUI : can't show warning due to - plugged: true status unknown: false
01-23 10:13:25.708  1356  1413 I chatty  : uid=1000(system) ActivityManager expire 5 lines
01-23 10:13:25.884  1691  2386 D PowerUI : can't show warning due to - plugged: true status unknown: false
01-23 10:13:26.339  1691  2386 D PowerUI : can't show warning due to - plugged: true status unknown: false
01-23 10:13:26.828  1691  2386 D PowerUI : can't show warning due to - plugged: true status unknown: false
01-23 10:13:26.886  1691  2386 I chatty  : uid=10016(com.android.systemui) pool-5-thread-1 identical 1 line
01-23 10:13:27.591  1691  2386 D PowerUI : can't show warning due to - plugged: true status unknown: false
01-23 10:13:28.178  1356  2051 I chatty  : uid=1000(system) HwBinder:1356_4 expire 2 lines
01-23 10:13:28.178  1356  1404 I chatty  : uid=1000(system) android.fg expire 6 lines
01-23 10:13:44.483  1691  2386 D PowerUI : can't show warning due to - plugged: true status unknown: false
01-23 10:14:17.174  1691  2386 D PowerUI : can't show warning due to - plugged: true status unknown: false
01-23 10:14:19.876  1356  1384 I chatty  : uid=1000(system) Binder:1356_1 expire 11 lines
01-23 10:14:25.700  1691  2386 D PowerUI : can't show warning due to - plugged: true status unknown: false
01-23 10:15:25.702  1691  2386 D PowerUI : can't show warning due to - plugged: true status unknown: false
01-23 10:15:26.628  1691  2386 D PowerUI : can't show warning due to - plugged: true status unknown: false
01-23 10:15:35.025  1356  1986 I chatty  : uid=1000(system) Binder:1356_6 expire 5 lines
01-23 10:15:35.029  1356  4046 I chatty  : uid=1000(system) Binder:1356_18 expire 12 lines
01-23 10:15:46.778  1691  2386 D PowerUI : can't show warning due to - plugged: true status unknown: false
01-23 10:16:25.705  1691  2386 D PowerUI : can't show warning due to - plugged: true status unknown: false
01-23 10:16:35.171  1356  1385 I chatty  : uid=1000(system) Binder:1356_2 expire 8 lines
01-23 10:17:25.700  1691  2386 D PowerUI : can't show warning due to - plugged: true status unknown: false
01-23 10:18:25.472  1356  8184 I chatty  : uid=1000(system) Binder:1356_1F expire 2 lines
01-23 10:18:25.706  1691  2386 D PowerUI : can't show warning due to - plugged: true status unknown: false
01-23 10:18:35.467  1356  2996 I chatty  : uid=1000(system) Binder:1356_D expire 2 lines
01-23 10:18:50.502  1356  4046 I chatty  : uid=1000(system) Binder:1356_18 expire 2 lines
01-23 10:19:03.988  1356  1356 I chatty  : uid=1000 system_server expire 1 line
01-23 10:19:20.573  1356  2748 I chatty  : uid=1000(system) Binder:1356_B expire 7 lines
01-23 10:19:25.703  1691  2386 D PowerUI : can't show warning due to - plugged: true status unknown: false
01-23 10:19:31.775  1356  1384 I chatty  : uid=1000(system) Binder:1356_1 expire 1 line
01-23 10:19:31.927  1356  7465 I chatty  : uid=1000(system) Binder:1356_1E expire 3 lines
01-23 10:19:31.950  1356  1867 I chatty  : uid=1000(system) Binder:1356_5 expire 8 lines
01-23 10:19:31.993  1356  3717 I chatty  : uid=1000(system) Binder:1356_11 expire 4 lines
01-23 10:19:35.320  1356  1447 I chatty  : uid=1000(system) PackageManager expire 54 lines
01-23 10:19:35.459  1356  1413 I chatty  : uid=1000(system) ActivityManager expire 32 lines
01-23 10:19:35.502  1356  7254 I chatty  : uid=1000(system) Binder:1356_1D expire 1 line
01-23 10:19:35.559  1356  1414 I chatty  : uid=1000(system) ActivityManager expire 1 line
01-23 10:19:35.575  1356  3721 I chatty  : uid=1000(system) Binder:1356_13 expire 14 lines
01-23 10:19:35.599  1356  1356 I chatty  : uid=1000 system_server expire 9 lines
01-23 10:19:35.665  1356  3717 I chatty  : uid=1000(system) Binder:1356_11 expire 1 line
01-23 10:19:35.708  1356  1404 I chatty  : uid=1000(system) android.fg expire 2 lines
01-23 10:19:35.709  1356  4046 I chatty  : uid=1000(system) Binder:1356_18 expire 10 lines
01-23 10:19:38.940  1691  2386 D PowerUI : can't show warning due to - plugged: true status unknown: false
01-23 10:19:39.012  1356  2750 I chatty  : uid=1000(system) Binder:1356_C expire 10 lines
01-23 10:19:42.820  1356  1385 I chatty  : uid=1000(system) Binder:1356_2 expire 7 lines
01-23 10:19:55.786  1356  4001 I chatty  : uid=1000(system) Binder:1356_16 expire 14 lines
01-23 10:19:55.791  1356  1990 I chatty  : uid=1000(system) Binder:1356_7 expire 10 lines
01-23 10:20:25.706  1691  2386 D PowerUI : can't show warning due to - plugged: true status unknown: false
01-23 10:20:42.302  1691  2386 D PowerUI : can't show warning due to - plugged: true status unknown: false
01-23 10:20:55.920  1356  3721 I chatty  : uid=1000(system) Binder:1356_13 expire 11 lines
01-23 10:20:56.871  1356  1867 I chatty  : uid=1000(system) Binder:1356_5 expire 10 lines
01-23 10:21:00.176  1356  1413 I chatty  : uid=1000(system) ActivityManager expire 6 lines
01-23 10:21:08.281  1356  1408 I chatty  : uid=1000(system) android.anim expire 16 lines
01-23 10:21:08.320  1356  1405 I chatty  : uid=1000(system) android.ui expire 11 lines
01-23 10:21:08.323  1356  1407 I chatty  : uid=1000(system) android.display expire 11 lines
01-23 10:21:09.615  1691  2386 D PowerUI : can't show warning due to - plugged: true status unknown: false
01-23 10:21:25.704  1691  2386 D PowerUI : can't show warning due to - plugged: true status unknown: false
01-23 10:22:25.700  1691  2386 D PowerUI : can't show warning due to - plugged: true status unknown: false
01-23 10:22:30.136  1691  2386 D PowerUI : can't show warning due to - plugged: true status unknown: false
01-23 10:22:40.423  1356  1407 I chatty  : uid=1000(system) android.display expire 14 lines
01-23 10:22:52.466  1356  1990 I chatty  : uid=1000(system) Binder:1356_7 expire 2 lines
01-23 10:23:25.705  1691  2386 D PowerUI : can't show warning due to - plugged: true status unknown: false
01-23 10:23:32.565  1356  4046 I chatty  : uid=1000(system) Binder:1356_18 expire 1 line
01-23 10:23:32.567  1356  4001 I chatty  : uid=1000(system) Binder:1356_16 expire 2 lines
01-23 10:23:32.568  1356  1405 I chatty  : uid=1000(system) android.ui expire 3 lines
01-23 10:23:32.608  1356  1867 I chatty  : uid=1000(system) Binder:1356_5 expire 2 lines
01-23 10:23:32.610  1356  1408 I chatty  : uid=1000(system) android.anim expire 4 lines
01-23 10:23:32.643  1356  2748 I chatty  : uid=1000(system) Binder:1356_B expire 11 lines
01-23 10:23:33.944  1356  1407 I chatty  : uid=1000(system) android.display expire 19 lines
01-23 10:23:33.948  1356  4046 I chatty  : uid=1000(system) Binder:1356_18 expire 11 lines
01-23 10:23:33.967  1356  1408 I chatty  : uid=1000(system) android.anim expire 16 lines
01-23 10:23:37.576  1356  3721 I chatty  : uid=1000(system) Binder:1356_13 expire 10 lines
01-23 10:23:49.822  1356  1412 I chatty  : uid=1000(system) android.bg expire 2 lines
01-23 10:23:51.580  1356  1867 I chatty  : uid=1000(system) Binder:1356_5 expire 15 lines
01-23 10:23:51.581  1356  4281 I chatty  : uid=1000(system) Binder:1356_19 expire 9 lines
01-23 10:23:51.619  1356  1405 I chatty  : uid=1000(system) android.ui expire 10 lines
01-23 10:23:51.636  1356  4001 I chatty  : uid=1000(system) Binder:1356_16 expire 1 line
01-23 10:23:52.608  1356  7465 I chatty  : uid=1000(system) Binder:1356_1E expire 4 lines
01-23 10:24:25.704  1691  2386 D PowerUI : can't show warning due to - plugged: true status unknown: false
01-23 10:24:53.971  1356  1414 I chatty  : uid=1000(system) ActivityManager expire 1 line
01-23 10:25:08.918  1356  1413 I chatty  : uid=1000(system) ActivityManager expire 1 line
01-23 10:25:25.703  1691  2386 D PowerUI : can't show warning due to - plugged: true status unknown: false
01-23 10:26:11.503  1356  1990 I chatty  : uid=1000(system) Binder:1356_7 expire 5 lines
01-23 10:26:25.703  1691  2386 D PowerUI : can't show warning due to - plugged: true status unknown: false
01-23 10:26:29.838  1356  1407 I chatty  : uid=1000(system) android.display expire 18 lines
01-23 10:26:29.854  1356  1408 I chatty  : uid=1000(system) android.anim expire 15 lines
01-23 10:26:29.857  1356  1405 I chatty  : uid=1000(system) android.ui expire 10 lines
01-23 10:26:29.895  1356  1867 I chatty  : uid=1000(system) Binder:1356_5 expire 8 lines
01-23 10:27:06.931  1356  3717 I chatty  : uid=1000(system) Binder:1356_11 expire 10 lines
01-23 10:27:16.043  1356  1867 I chatty  : uid=1000(system) Binder:1356_5 expire 16 lines
01-23 10:27:16.045  1356  1407 I chatty  : uid=1000(system) android.display expire 10 lines
01-23 10:27:16.052  1356  1408 I chatty  : uid=1000(system) android.anim expire 2 lines
01-23 10:27:16.079  1356  4046 I chatty  : uid=1000(system) Binder:1356_18 expire 14 lines
01-23 10:27:25.692  1691  2386 D PowerUI : can't show warning due to - plugged: true status unknown: false
01-23 10:27:26.704  1691  2386 I chatty  : uid=10016(com.android.systemui) pool-5-thread-1 identical 1 line
01-23 10:27:34.072  1691  2386 D PowerUI : can't show warning due to - plugged: true status unknown: false
01-23 10:28:08.157  1356  4281 I chatty  : uid=1000(system) Binder:1356_19 expire 12 lines
01-23 10:28:25.704  1691  2386 D PowerUI : can't show warning due to - plugged: true status unknown: false
01-23 10:28:38.254  1356  2748 I chatty  : uid=1000(system) Binder:1356_B expire 9 lines
01-23 10:29:25.699  1691  2386 D PowerUI : can't show warning due to - plugged: true status unknown: false
01-23 10:29:38.408  1356  1990 I chatty  : uid=1000(system) Binder:1356_7 expire 4 lines
01-23 10:30:25.703  1691  2386 D PowerUI : can't show warning due to - plugged: true status unknown: false
01-23 10:31:25.701  1691  2386 D PowerUI : can't show warning due to - plugged: true status unknown: false
01-23 10:31:43.833  1356  1414 I chatty  : uid=1000(system) ActivityManager expire 8 lines
01-23 10:32:19.013  1356  4001 I chatty  : uid=1000(system) Binder:1356_16 expire 9 lines
01-23 10:32:19.213  1356  8184 I chatty  : uid=1000(system) Binder:1356_1F expire 4 lines
01-23 10:32:25.702  1691  2386 D PowerUI : can't show warning due to - plugged: true status unknown: false
01-23 10:32:37.314  1356  4046 I chatty  : uid=1000(system) Binder:1356_18 expire 1 line
01-23 10:32:41.705  1356  1413 I chatty  : uid=1000(system) ActivityManager expire 29 lines
01-23 10:32:41.705  1356  1447 I chatty  : uid=1000(system) PackageManager expire 54 lines
01-23 10:32:41.889  1356  3720 I chatty  : uid=1000(system) Binder:1356_12 expire 1 line
01-23 10:32:41.999  1356  1356 I chatty  : uid=1000 system_server expire 10 lines
01-23 10:32:42.090  1356  1404 I chatty  : uid=1000(system) android.fg expire 4 lines
01-23 10:32:44.717  1691  2386 D PowerUI : can't show warning due to - plugged: true status unknown: false
01-23 10:32:44.914  1691  2386 D PowerUI : can't show warning due to - plugged: true status unknown: false
01-23 10:32:49.105  1356  1867 I chatty  : uid=1000(system) Binder:1356_5 expire 12 lines
01-23 10:32:49.267  1356  3997 I chatty  : uid=1000(system) Binder:1356_14 expire 5 lines
01-23 10:32:49.270  1356  1524 I chatty  : uid=1000(system) Binder:1356_3 expire 2 lines
01-23 10:32:50.649  1691  2386 D PowerUI : can't show warning due to - plugged: true status unknown: false
01-23 10:33:06.398  1691  2386 D PowerUI : can't show warning due to - plugged: true status unknown: false
01-23 10:33:25.702  1691  2386 D PowerUI : can't show warning due to - plugged: true status unknown: false
01-23 10:34:20.362  1356  7465 I chatty  : uid=1000(system) Binder:1356_1E expire 3 lines
01-23 10:34:25.697  1691  2386 D PowerUI : can't show warning due to - plugged: true status unknown: false
01-23 10:34:31.357  1356  1356 I chatty  : uid=1000 system_server expire 6 lines
01-23 10:35:25.709  1691  2386 D PowerUI : can't show warning due to - plugged: true status unknown: false
01-23 10:35:49.290  1356  4281 I chatty  : uid=1000(system) Binder:1356_19 expire 1 line
01-23 10:36:02.619  1356  1407 I chatty  : uid=1000(system) android.display expire 1 line
01-23 10:36:02.716  1356  4004 I chatty  : uid=1000(system) Binder:1356_17 expire 6 lines
01-23 10:36:02.746  1356  5333 I chatty  : uid=1000(system) Binder:1356_1A expire 4 lines
01-23 10:36:02.972  1356  7254 I chatty  : uid=1000(system) Binder:1356_1D expire 8 lines
01-23 10:36:02.984  1356  2996 I chatty  : uid=1000(system) Binder:1356_D expire 2 lines
01-23 10:36:03.933  1691  1691 V DeadZone: consuming errant click: (797.0,33.0)
01-23 10:36:03.934  1691  1691 V DeadZone: consuming errant click: (797.0,33.0)
01-23 10:36:07.077  1356  1413 I chatty  : uid=1000(system) ActivityManager expire 9 lines
01-23 10:36:07.379  1356  1447 I chatty  : uid=1000(system) PackageManager expire 2 lines
01-23 10:36:07.908  1356  1412 I chatty  : uid=1000(system) android.bg expire 2 lines
01-23 10:36:08.198  1356  7254 I chatty  : uid=1000(system) Binder:1356_1D expire 11 lines
01-23 10:36:08.274  1356  1414 I chatty  : uid=1000(system) ActivityManager expire 18 lines
01-23 10:36:09.527  1356  1413 I chatty  : uid=1000(system) ActivityManager expire 15 lines
01-23 10:36:09.576  1356  2748 I chatty  : uid=1000(system) Binder:1356_B expire 11 lines
01-23 10:36:19.819  1356  2996 I chatty  : uid=1000(system) Binder:1356_D expire 7 lines
01-23 10:36:21.916  1356  1356 I chatty  : uid=1000 system_server expire 10 lines
01-23 10:36:25.702  1691  2386 D PowerUI : can't show warning due to - plugged: true status unknown: false
01-23 10:36:29.819  1356  5333 I chatty  : uid=1000(system) Binder:1356_1A expire 5 lines
01-23 10:36:59.883  1356  3997 I chatty  : uid=1000(system) Binder:1356_14 expire 1 line
01-23 10:37:02.644  1356  1447 I chatty  : uid=1000(system) PackageManager expire 53 lines
01-23 10:37:06.347  1356  1385 I chatty  : uid=1000(system) Binder:1356_2 expire 11 lines
01-23 10:37:11.713  1356  3721 I chatty  : uid=1000(system) Binder:1356_13 expire 5 lines
01-23 10:37:12.276  1356  2069 I chatty  : uid=1000(system) Binder:1356_8 expire 6 lines
01-23 10:37:13.996  1691  2386 D PowerUI : can't show warning due to - plugged: true status unknown: false
01-23 10:37:14.098  1356  5688 I chatty  : uid=1000(system) Binder:1356_1B expire 4 lines
01-23 10:37:18.347  1356  1614 I chatty  : uid=1000(system) ConnectivitySer expire 13 lines
01-23 10:37:19.426  1356  4004 I chatty  : uid=1000(system) Binder:1356_17 expire 2 lines
01-23 10:37:25.691  1691  2386 D PowerUI : can't show warning due to - plugged: true status unknown: false
01-23 10:37:29.142  1356  2748 I chatty  : uid=1000(system) Binder:1356_B expire 6 lines
01-23 10:37:30.637  1356  1407 I chatty  : uid=1000(system) android.display expire 7 lines
01-23 10:37:40.137  1356  1356 I chatty  : uid=1000 system_server expire 7 lines
01-23 10:38:25.714  1691  2386 D PowerUI : can't show warning due to - plugged: true status unknown: false
01-23 10:38:30.338  1356  1385 I chatty  : uid=1000(system) Binder:1356_2 expire 5 lines
01-23 10:38:33.843  1691  2386 D PowerUI : can't show warning due to - plugged: true status unknown: false
01-23 10:38:49.639  1356  7254 I chatty  : uid=1000(system) Binder:1356_1D expire 1 line
01-23 10:39:19.561  1356  8184 I chatty  : uid=1000(system) Binder:1356_1F expire 2 lines
01-23 10:39:25.715  1691  2386 D PowerUI : can't show warning due to - plugged: true status unknown: false
01-23 10:39:51.974  1356  4281 I chatty  : uid=1000(system) Binder:1356_19 expire 2 lines
01-23 10:40:25.718  1691  2386 D PowerUI : can't show warning due to - plugged: true status unknown: false
01-23 10:41:25.718  1691  2386 D PowerUI : can't show warning due to - plugged: true status unknown: false
01-23 10:41:30.480  1356  1986 I chatty  : uid=1000(system) Binder:1356_6 expire 7 lines
01-23 10:41:41.786  1356  1418 I chatty  : uid=1000(system) batterystats-wo expire 2 lines
01-23 10:41:47.563  1356  2451 I chatty  : uid=1000(system) AdbDebuggingMan expire 2 lines
01-23 10:41:47.565  1356  1404 I chatty  : uid=1000(system) android.fg expire 12 lines
01-23 10:41:47.572  1356  2109 I chatty  : uid=1000(system) HwBinder:1356_5 expire 4 lines
01-23 10:41:47.580  1356  1413 I chatty  : uid=1000(system) ActivityManager expire 17 lines
01-23 10:41:47.635  1356  1414 I chatty  : uid=1000(system) ActivityManager expire 5 lines
01-23 10:41:50.185  1356  1406 I chatty  : uid=1000(system) android.io expire 1 line
01-23 10:41:50.194  1691  2386 D PowerUI : can't show warning due to - plugged: true status unknown: false
01-23 10:41:50.839  1691  2386 D PowerUI : can't show warning due to - plugged: true status unknown: false
01-23 10:41:51.271  1691  2386 D PowerUI : can't show warning due to - plugged: true status unknown: false
01-23 10:41:51.438  1356  8630 I chatty  : uid=1000(system) Binder:1356_20 expire 9 lines
01-23 10:41:52.071  1691  2386 D PowerUI : can't show warning due to - plugged: true status unknown: false
01-23 10:41:52.388  1691  2386 D PowerUI : can't show warning due to - plugged: true status unknown: false
01-23 10:41:55.634  1691  2386 D PowerUI : can't show warning due to - plugged: true status unknown: false
01-23 10:42:04.618  1356  2748 I chatty  : uid=1000(system) Binder:1356_B expire 11 lines
01-23 10:42:04.632  1356  4281 I chatty  : uid=1000(system) Binder:1356_19 expire 8 lines
01-23 10:42:04.649  1356  1986 I chatty  : uid=1000(system) Binder:1356_6 expire 9 lines
01-23 10:42:04.649  1356  5688 I chatty  : uid=1000(system) Binder:1356_1B expire 11 lines
01-23 10:42:10.299  1356  4004 I chatty  : uid=1000(system) Binder:1356_17 expire 11 lines
01-23 10:42:17.483  1356  3262 I chatty  : uid=1000(system) Binder:1356_E expire 12 lines
01-23 10:42:26.147  1356  1385 I chatty  : uid=1000(system) Binder:1356_2 expire 6 lines
01-23 10:42:45.645  1356  8184 I chatty  : uid=1000(system) Binder:1356_1F expire 12 lines
01-23 10:42:47.141  1356  1407 I chatty  : uid=1000(system) android.display expire 11 lines
01-23 10:42:50.202  1691  2386 D PowerUI : can't show warning due to - plugged: true status unknown: false
01-23 10:42:56.641  1356  1356 I chatty  : uid=1000 system_server expire 7 lines
01-23 10:43:14.015  1691  2386 D PowerUI : can't show warning due to - plugged: true status unknown: false
01-23 10:43:50.204  1691  2386 D PowerUI : can't show warning due to - plugged: true status unknown: false
01-23 10:44:15.153  1356  5688 I chatty  : uid=1000(system) Binder:1356_1B expire 2 lines
01-23 10:44:34.144  1356  1414 I chatty  : uid=1000(system) ActivityManager expire 6 lines
01-23 10:44:50.197  1691  2386 D PowerUI : can't show warning due to - plugged: true status unknown: false
01-23 10:44:54.013  1356  1412 I chatty  : uid=1000(system) android.bg expire 2 lines
01-23 10:44:55.702  1356  7254 I chatty  : uid=1000(system) Binder:1356_1D expire 9 lines
01-23 10:45:40.036  1691  2386 D PowerUI : can't show warning due to - plugged: true status unknown: false
01-23 10:45:40.222  1029  1029 W wificond: No pno scan started
01-23 10:45:40.222  1029  1029 W wificond: Scheduled scan is not running!
01-23 10:45:40.225   917   917 W vendor.google.wifi_ext@1.0-service-vendor: No active wlan interfaces in use! Using default
01-23 10:45:40.227  1029  1029 I wificond: Unsubscribe scan result for interface with index: 30
01-23 10:45:40.253   917 20073 I vendor.google.wifi_ext@1.0-service-vendor: Legacy HAL stop complete callback received
01-23 10:45:40.255   917   917 I vendor.google.wifi_ext@1.0-service-vendor: Wifi HAL stopped
01-23 10:45:40.256  1356  1413 I chatty  : uid=1000(system) ActivityManager expire 13 lines
01-23 10:45:40.267   917   917 I vendor.google.wifi_ext@1.0-service-vendor: Wifi HAL started
01-23 10:45:40.499   917   917 I vendor.google.wifi_ext@1.0-service-vendor: Adding interface handle for wlan0
01-23 10:45:40.499   917   917 I vendor.google.wifi_ext@1.0-service-vendor: Adding interface handle for wlan1
01-23 10:45:40.500   917   917 I vendor.google.wifi_ext@1.0-service-vendor: Adding interface handle for p2p0
01-23 10:45:40.500   917   917 W vendor.google.wifi_ext@1.0-service-vendor: No active wlan interfaces in use! Using default
01-23 10:45:40.500   917   917 W vendor.google.wifi_ext@1.0-service-vendor: No active wlan interfaces in use! Using default
01-23 10:45:40.502   917   917 I vendor.google.wifi_ext@1.0-service-vendor: Configured chip in mode 3
01-23 10:45:40.502   917   917 W vendor.google.wifi_ext@1.0-service-vendor: No active wlan interfaces in use! Using default
01-23 10:45:40.504   917   917 W vendor.google.wifi_ext@1.0-service-vendor: No active wlan interfaces in use! Using default
01-23 10:45:40.514  1029  1029 I wificond: create scanner for interface with index: 30
01-23 10:45:40.514  1029  1029 I wificond: subscribe scan result for interface with index: 30
01-23 10:45:40.518  1029  1029 E wificond: No Offload Service available
01-23 10:45:40.518  1029  1029 I wificond: Offload HAL not supported 
01-23 10:45:40.765  1356  3262 I chatty  : uid=1000(system) Binder:1356_E expire 5 lines
01-23 10:45:43.336  1029  1029 W wificond: Scan is not started. Ignore abort request
01-23 10:45:43.445  1356  1611 I chatty  : uid=1000(system) ClientModeImpl expire 1 line
01-23 10:45:43.450  1356  1614 I chatty  : uid=1000(system) ConnectivitySer expire 32 lines
01-23 10:45:44.009   847  1183 E NetlinkEvent: NetlinkEvent::FindParam(): Parameter 'INTERFACE' not found
01-23 10:45:44.009   847  1183 E NetlinkEvent: NetlinkEvent::FindParam(): Parameter 'STATE' not found
01-23 10:45:44.009   847  1183 E NetlinkEvent: NetlinkEvent::FindParam(): Parameter 'TIME_NS' not found
01-23 10:45:44.009   847  1183 E NetlinkEvent: NetlinkEvent::FindParam(): Parameter 'UID' not found
01-23 10:45:44.046  1356  5333 I chatty  : uid=1000(system) Binder:1356_1A expire 2 lines
01-23 10:45:44.321  1356  3273 I chatty  : uid=1000(system) Binder:1356_10 expire 4 lines
01-23 10:45:45.016  1356  3720 I chatty  : uid=1000(system) Binder:1356_12 expire 7 lines
01-23 10:45:50.189  1691  2386 D PowerUI : can't show warning due to - plugged: true status unknown: false
01-23 10:45:50.853  1356  8184 I chatty  : uid=1000(system) Binder:1356_1F expire 8 lines
01-23 10:45:55.803  1356  1524 I chatty  : uid=1000(system) Binder:1356_3 expire 11 lines
01-23 10:46:24.519  1691  2386 D PowerUI : can't show warning due to - plugged: true status unknown: false
01-23 10:46:30.021  1356  1413 I chatty  : uid=1000(system) ActivityManager expire 12 lines
01-23 10:46:50.201  1691  2386 D PowerUI : can't show warning due to - plugged: true status unknown: false
01-23 10:46:58.336  1356  1405 I chatty  : uid=1000(system) android.ui expire 5 lines
01-23 10:46:58.348  1356  1408 I chatty  : uid=1000(system) android.anim expire 6 lines
01-23 10:47:50.207  1691  2386 D PowerUI : can't show warning due to - plugged: true status unknown: false
01-23 10:48:43.942  1356  2748 I chatty  : uid=1000(system) Binder:1356_B expire 3 lines
01-23 10:48:50.204  1691  2386 D PowerUI : can't show warning due to - plugged: true status unknown: false
01-23 10:49:50.197  1691  2386 D PowerUI : can't show warning due to - plugged: true status unknown: false
01-23 10:50:50.208  1691  2386 D PowerUI : can't show warning due to - plugged: true status unknown: false
01-23 10:51:50.207  1691  2386 D PowerUI : can't show warning due to - plugged: true status unknown: false
01-23 10:51:50.422  1356  1614 I chatty  : uid=1000(system) ConnectivitySer expire 16 lines
01-23 10:52:50.205  1691  2386 D PowerUI : can't show warning due to - plugged: true status unknown: false
01-23 10:53:50.204  1691  2386 D PowerUI : can't show warning due to - plugged: true status unknown: false
01-23 10:53:55.009  1356  1614 I chatty  : uid=1000(system) ConnectivitySer expire 2 lines
01-23 10:54:17.849  1356  3997 I chatty  : uid=1000(system) Binder:1356_14 expire 1 line
01-23 10:54:50.209  1691  2386 D PowerUI : can't show warning due to - plugged: true status unknown: false
01-23 10:55:11.979  1356  1413 I chatty  : uid=1000(system) ActivityManager expire 2 lines
01-23 10:55:50.207  1691  2386 D PowerUI : can't show warning due to - plugged: true status unknown: false
01-23 10:56:50.204  1691  2386 D PowerUI : can't show warning due to - plugged: true status unknown: false
01-23 10:57:50.202  1691  2386 D PowerUI : can't show warning due to - plugged: true status unknown: false
01-23 10:58:41.891  1356  1406 I chatty  : uid=1000(system) android.io expire 2 lines
01-23 10:58:50.206  1691  2386 D PowerUI : can't show warning due to - plugged: true status unknown: false
01-23 10:59:04.780  1356  3720 I chatty  : uid=1000(system) Binder:1356_12 expire 10 lines
01-23 10:59:04.788  1356  8184 I chatty  : uid=1000(system) Binder:1356_1F expire 7 lines
01-23 10:59:04.807  1356  3262 I chatty  : uid=1000(system) Binder:1356_E expire 10 lines
01-23 10:59:04.819  1356  1524 I chatty  : uid=1000(system) Binder:1356_3 expire 10 lines
01-23 10:59:04.869  1356  8630 I chatty  : uid=1000(system) Binder:1356_20 expire 3 lines
01-23 10:59:50.205  1691  2386 D PowerUI : can't show warning due to - plugged: true status unknown: false
01-23 11:00:32.745  1356  1413 I chatty  : uid=1000(system) ActivityManager expire 31 lines
01-23 11:00:50.207  1691  2386 D PowerUI : can't show warning due to - plugged: true status unknown: false
01-23 11:00:55.237  1356  3273 I chatty  : uid=1000(system) Binder:1356_10 expire 5 lines
01-23 11:01:19.067  1356  1867 I chatty  : uid=1000(system) Binder:1356_5 expire 5 lines
01-23 11:01:50.207  1691  2386 D PowerUI : can't show warning due to - plugged: true status unknown: false
01-23 11:02:09.204  1356  3720 I chatty  : uid=1000(system) Binder:1356_12 expire 1 line
01-23 11:02:50.211  1691  2386 D PowerUI : can't show warning due to - plugged: true status unknown: false
01-23 11:03:12.643  1356  1356 I chatty  : uid=1000 system_server expire 11 lines
01-23 11:03:14.539  1356  3262 I chatty  : uid=1000(system) Binder:1356_E expire 15 lines
01-23 11:03:18.627  1356  1447 I chatty  : uid=1000(system) PackageManager expire 54 lines
01-23 11:03:18.785  1356  1414 I chatty  : uid=1000(system) ActivityManager expire 2 lines
01-23 11:03:18.973  1356  5688 I chatty  : uid=1000(system) Binder:1356_1B expire 8 lines
01-23 11:03:26.191  1356  2748 I chatty  : uid=1000(system) Binder:1356_B expire 13 lines
01-23 11:03:26.226  1356  2996 I chatty  : uid=1000(system) Binder:1356_D expire 2 lines
01-23 11:03:32.205  1691  2386 D PowerUI : can't show warning due to - plugged: true status unknown: false
01-23 11:03:47.275  1691  2386 I chatty  : uid=10016(com.android.systemui) pool-5-thread-1 identical 1 line
01-23 11:03:50.199  1691  2386 D PowerUI : can't show warning due to - plugged: true status unknown: false
01-23 11:04:50.203  1691  2386 D PowerUI : can't show warning due to - plugged: true status unknown: false
01-23 11:05:39.454  1356  1412 I chatty  : uid=1000(system) android.bg expire 3 lines
01-23 11:05:50.208  1691  2386 D PowerUI : can't show warning due to - plugged: true status unknown: false
01-23 11:05:53.535  1356  1413 I chatty  : uid=1000(system) ActivityManager expire 4 lines
01-23 11:06:42.117  1356  1356 I chatty  : uid=1000 system_server expire 1 line
01-23 11:06:50.208  1691  2386 D PowerUI : can't show warning due to - plugged: true status unknown: false
01-23 11:07:17.278  1356  4046 I chatty  : uid=1000(system) Binder:1356_18 expire 3 lines
01-23 11:07:17.280  1356  1614 I chatty  : uid=1000(system) ConnectivitySer expire 5 lines
01-23 11:07:18.813  1356  2747 I chatty  : uid=1000(system) Binder:1356_A expire 2 lines
01-23 11:07:19.976  1356  1384 I chatty  : uid=1000(system) Binder:1356_1 expire 2 lines
01-23 11:07:19.976  1356  3271 I chatty  : uid=1000(system) Binder:1356_F expire 1 line
01-23 11:07:23.822  1356  5798 I chatty  : uid=1000(system) Binder:1356_1C expire 2 lines
01-23 11:07:50.203  1691  2386 D PowerUI : can't show warning due to - plugged: true status unknown: false
01-23 11:08:50.215  1691  2386 D PowerUI : can't show warning due to - plugged: true status unknown: false
01-23 11:09:30.245  1356  4004 I chatty  : uid=1000(system) Binder:1356_17 expire 5 lines
01-23 11:09:45.327  1356  5333 I chatty  : uid=1000(system) Binder:1356_1A expire 9 lines
01-23 11:09:45.332  1356  1716 I chatty  : uid=1000(system) Binder:1356_4 expire 1 line
01-23 11:09:50.196  1691  2386 D PowerUI : can't show warning due to - plugged: true status unknown: false
01-23 11:10:29.887  1356  1407 I chatty  : uid=1000(system) android.display expire 1 line
01-23 11:10:47.331  1356  1447 I chatty  : uid=1000(system) PackageManager expire 54 lines
01-23 11:10:47.456  1356  1413 I chatty  : uid=1000(system) ActivityManager expire 29 lines
01-23 11:10:47.528  1356  2750 I chatty  : uid=1000(system) Binder:1356_C expire 3 lines
01-23 11:10:47.608  1356  1414 I chatty  : uid=1000(system) ActivityManager expire 3 lines
01-23 11:10:47.663  1356  1356 I chatty  : uid=1000 system_server expire 10 lines
01-23 11:10:47.698  1356  1404 I chatty  : uid=1000(system) android.fg expire 5 lines
01-23 11:10:47.788  1356  5333 I chatty  : uid=1000(system) Binder:1356_1A expire 1 line
01-23 11:10:50.201  1691  2386 D PowerUI : can't show warning due to - plugged: true status unknown: false
01-23 11:10:54.819  1356  3997 I chatty  : uid=1000(system) Binder:1356_14 expire 10 lines
01-23 11:10:54.820  1356  5688 I chatty  : uid=1000(system) Binder:1356_1B expire 10 lines
01-23 11:10:55.858  1691  2386 D PowerUI : can't show warning due to - plugged: true status unknown: false
01-23 11:10:56.094  1356  3262 I chatty  : uid=1000(system) Binder:1356_E expire 11 lines
01-23 11:11:09.855  1356  3271 I chatty  : uid=1000(system) Binder:1356_F expire 1 line
01-23 11:11:22.124  1691  2386 D PowerUI : can't show warning due to - plugged: true status unknown: false
01-23 11:11:50.201  1691  2386 D PowerUI : can't show warning due to - plugged: true status unknown: false
01-23 11:11:56.117  1356  1407 I chatty  : uid=1000(system) android.display expire 19 lines
01-23 11:12:10.040  1356  8184 I chatty  : uid=1000(system) Binder:1356_1F expire 1 line
01-23 11:12:25.067  1356  4001 I chatty  : uid=1000(system) Binder:1356_16 expire 6 lines
01-23 11:12:40.101  1356  4046 I chatty  : uid=1000(system) Binder:1356_18 expire 4 lines
01-23 11:12:40.104  1356  3273 I chatty  : uid=1000(system) Binder:1356_10 expire 1 line
01-23 11:12:50.197  1691  2386 D PowerUI : can't show warning due to - plugged: true status unknown: false
01-23 11:12:55.127  1356  2748 I chatty  : uid=1000(system) Binder:1356_B expire 2 lines
01-23 11:13:40.236  1356  1384 I chatty  : uid=1000(system) Binder:1356_1 expire 1 line
01-23 11:13:50.205  1691  2386 D PowerUI : can't show warning due to - plugged: true status unknown: false
01-23 11:13:55.328  1356  1413 I chatty  : uid=1000(system) ActivityManager expire 3 lines
01-23 11:13:56.263  1356  4004 I chatty  : uid=1000(system) Binder:1356_17 expire 7 lines
01-23 11:14:10.095  1356  1716 I chatty  : uid=1000(system) Binder:1356_4 expire 1 line
01-23 11:14:18.226  1356  1614 I chatty  : uid=1000(system) ConnectivitySer expire 5 lines
01-23 11:14:25.131  1356  7465 I chatty  : uid=1000(system) Binder:1356_1E expire 7 lines
01-23 11:14:50.191  1691  2386 D PowerUI : can't show warning due to - plugged: true status unknown: false
01-23 11:14:55.198  1356  3998 I chatty  : uid=1000(system) Binder:1356_15 expire 7 lines
01-23 11:15:49.799  1356  1356 I chatty  : uid=1000 system_server expire 3 lines
01-23 11:15:50.202  1691  2386 D PowerUI : can't show warning due to - plugged: true status unknown: false
01-23 11:16:25.437  1356  7254 I chatty  : uid=1000(system) Binder:1356_1D expire 5 lines
01-23 11:16:50.203  1691  2386 D PowerUI : can't show warning due to - plugged: true status unknown: false
01-23 11:17:07.338  1356  1405 I chatty  : uid=1000(system) android.ui expire 17 lines
01-23 11:17:07.349  1356  1408 I chatty  : uid=1000(system) android.anim expire 11 lines
01-23 11:17:15.513  1691  2386 D PowerUI : can't show warning due to - plugged: true status unknown: false
01-23 11:17:25.550  1356  3262 I chatty  : uid=1000(system) Binder:1356_E expire 7 lines
01-23 11:17:40.581  1356  5688 I chatty  : uid=1000(system) Binder:1356_1B expire 10 lines
01-23 11:17:50.189  1691  2386 D PowerUI : can't show warning due to - plugged: true status unknown: false
01-23 11:18:31.862  1691  2386 D PowerUI : can't show warning due to - plugged: true status unknown: false
01-23 11:18:33.070  1356  1408 I chatty  : uid=1000(system) android.anim expire 32 lines
01-23 11:18:35.005  1356  1405 I chatty  : uid=1000(system) android.ui expire 10 lines
01-23 11:18:35.012  1356  1407 I chatty  : uid=1000(system) android.display expire 28 lines
01-23 11:18:35.017  1356  5688 I chatty  : uid=1000(system) Binder:1356_1B expire 15 lines
01-23 11:18:35.070  1356  3998 I chatty  : uid=1000(system) Binder:1356_15 expire 1 line
01-23 11:18:37.809  1356  7465 I chatty  : uid=1000(system) Binder:1356_1E expire 11 lines
01-23 11:18:37.908  1356  3262 I chatty  : uid=1000(system) Binder:1356_E expire 3 lines
01-23 11:18:37.984  1356  7254 I chatty  : uid=1000(system) Binder:1356_1D expire 9 lines
01-23 11:18:50.200  1691  2386 D PowerUI : can't show warning due to - plugged: true status unknown: false
01-23 11:19:04.488  1356  1408 I chatty  : uid=1000(system) android.anim expire 26 lines
01-23 11:19:04.528  1356  1405 I chatty  : uid=1000(system) android.ui expire 16 lines
01-23 11:19:15.894  1356  1413 I chatty  : uid=1000(system) ActivityManager expire 1 line
01-23 11:19:24.136  1356  1407 I chatty  : uid=1000(system) android.display expire 16 lines
01-23 11:19:24.142  1356  7254 I chatty  : uid=1000(system) Binder:1356_1D expire 6 lines
01-23 11:19:24.161  1356  3262 I chatty  : uid=1000(system) Binder:1356_E expire 4 lines
01-23 11:19:24.204  1356  1408 I chatty  : uid=1000(system) android.anim expire 28 lines
01-23 11:19:25.068  1356  5688 I chatty  : uid=1000(system) Binder:1356_1B expire 5 lines
01-23 11:19:27.800  1356  7465 I chatty  : uid=1000(system) Binder:1356_1E expire 8 lines
01-23 11:19:27.846  1356  1405 I chatty  : uid=1000(system) android.ui expire 12 lines
01-23 11:19:27.862  1356  3273 I chatty  : uid=1000(system) Binder:1356_10 expire 8 lines
01-23 11:19:43.686  1356  3998 I chatty  : uid=1000(system) Binder:1356_15 expire 11 lines
01-23 11:19:50.196  1691  2386 D PowerUI : can't show warning due to - plugged: true status unknown: false
01-23 11:19:50.439  1356  1407 I chatty  : uid=1000(system) android.display expire 17 lines
01-23 11:19:50.443  1356  1405 I chatty  : uid=1000(system) android.ui expire 16 lines
01-23 11:19:50.449  1356  1408 I chatty  : uid=1000(system) android.anim expire 80 lines
01-23 11:20:04.734  1356  1405 I chatty  : uid=1000(system) android.ui expire 32 lines
01-23 11:20:04.743  1356  1407 I chatty  : uid=1000(system) android.display expire 33 lines
01-23 11:20:04.748  1356  3262 I chatty  : uid=1000(system) Binder:1356_E expire 3 lines
01-23 11:20:04.760  1356  7465 I chatty  : uid=1000(system) Binder:1356_1E expire 11 lines
01-23 11:20:08.605  1356  7254 I chatty  : uid=1000(system) Binder:1356_1D expire 17 lines
01-23 11:20:10.171  1356  3998 I chatty  : uid=1000(system) Binder:1356_15 expire 1 line
01-23 11:20:15.796  1356  4001 I chatty  : uid=1000(system) Binder:1356_16 expire 3 lines
01-23 11:20:25.200  1356  1716 I chatty  : uid=1000(system) Binder:1356_4 expire 5 lines
01-23 11:20:31.923  1356  1385 I chatty  : uid=1000(system) Binder:1356_2 expire 3 lines
01-23 11:20:31.935  1356  1413 I chatty  : uid=1000(system) ActivityManager expire 6 lines
01-23 11:20:46.136  1356  5333 I chatty  : uid=1000(system) Binder:1356_1A expire 9 lines
01-23 11:20:46.238  1356  1407 I chatty  : uid=1000(system) android.display expire 26 lines
01-23 11:20:46.243  1356  7465 I chatty  : uid=1000(system) Binder:1356_1E expire 5 lines
01-23 11:20:46.294  1356  1408 I chatty  : uid=1000(system) android.anim expire 50 lines
01-23 11:20:50.199  1691  2386 D PowerUI : can't show warning due to - plugged: true status unknown: false
01-23 11:20:59.920  1356  7254 I chatty  : uid=1000(system) Binder:1356_1D expire 11 lines
01-23 11:20:59.923  1356  1405 I chatty  : uid=1000(system) android.ui expire 26 lines
01-23 11:20:59.994  1356  1716 I chatty  : uid=1000(system) Binder:1356_4 expire 19 lines
01-23 11:21:00.043  1356  4001 I chatty  : uid=1000(system) Binder:1356_16 expire 10 lines
01-23 11:21:04.843  1356  3273 I chatty  : uid=1000(system) Binder:1356_10 expire 4 lines
01-23 11:21:10.064  1356  1385 I chatty  : uid=1000(system) Binder:1356_2 expire 8 lines
01-23 11:21:28.615  1356  1614 I chatty  : uid=1000(system) ConnectivitySer expire 2 lines
01-23 11:21:28.764  1356  1413 I chatty  : uid=1000(system) ActivityManager expire 2 lines
01-23 11:21:50.206  1691  2386 D PowerUI : can't show warning due to - plugged: true status unknown: false
01-23 11:22:50.199  1691  2386 D PowerUI : can't show warning due to - plugged: true status unknown: false
01-23 11:23:11.304  1356  4001 I chatty  : uid=1000(system) Binder:1356_16 expire 3 lines
01-23 11:23:34.387  1356  1407 I chatty  : uid=1000(system) android.display expire 7 lines
01-23 11:23:34.393  1356  1408 I chatty  : uid=1000(system) android.anim expire 14 lines
01-23 11:23:34.446  1356  1405 I chatty  : uid=1000(system) android.ui expire 20 lines
01-23 11:23:41.746  1356  1407 I chatty  : uid=1000(system) android.display expire 39 lines
01-23 11:23:41.752  1356  1408 I chatty  : uid=1000(system) android.anim expire 62 lines
01-23 11:23:41.755  1356  5333 I chatty  : uid=1000(system) Binder:1356_1A expire 4 lines
01-23 11:23:41.757  1356  1716 I chatty  : uid=1000(system) Binder:1356_4 expire 2 lines
01-23 11:23:41.812  1356  4001 I chatty  : uid=1000(system) Binder:1356_16 expire 9 lines
01-23 11:23:44.782  1356  3998 I chatty  : uid=1000(system) Binder:1356_15 expire 5 lines
01-23 11:23:46.784  1356  3273 I chatty  : uid=1000(system) Binder:1356_10 expire 4 lines
01-23 11:23:50.205  1691  2386 D PowerUI : can't show warning due to - plugged: true status unknown: false
01-23 11:23:55.316  1356  7465 I chatty  : uid=1000(system) Binder:1356_1E expire 2 lines
01-23 11:23:55.369  1356  1614 I chatty  : uid=1000(system) ConnectivitySer expire 2 lines
01-23 11:24:05.338  1356  7254 I chatty  : uid=1000(system) Binder:1356_1D expire 1 line
01-23 11:24:05.388  1356  1867 I chatty  : uid=1000(system) Binder:1356_5 expire 5 lines
01-23 11:24:07.095  1356  8184 I chatty  : uid=1000(system) Binder:1356_1F expire 3 lines
01-23 11:24:07.149  1356  1405 I chatty  : uid=1000(system) android.ui expire 18 lines
01-23 11:24:07.157  1356  3717 I chatty  : uid=1000(system) Binder:1356_11 expire 9 lines
01-23 11:24:07.217  1356  2069 I chatty  : uid=1000(system) Binder:1356_8 expire 2 lines
01-23 11:24:17.656  1356  1524 I chatty  : uid=1000(system) Binder:1356_3 expire 2 lines
01-23 11:24:17.808  1356  4046 I chatty  : uid=1000(system) Binder:1356_18 expire 11 lines
01-23 11:24:18.903  1356  1408 I chatty  : uid=1000(system) android.anim expire 30 lines
01-23 11:24:18.904  1356  1867 I chatty  : uid=1000(system) Binder:1356_5 expire 8 lines
01-23 11:24:25.394  1356  2069 I chatty  : uid=1000(system) Binder:1356_8 expire 12 lines
01-23 11:24:27.809  1356  1407 I chatty  : uid=1000(system) android.display expire 20 lines
01-23 11:24:27.814  1356  3717 I chatty  : uid=1000(system) Binder:1356_11 expire 11 lines
01-23 11:24:27.818  1356  1405 I chatty  : uid=1000(system) android.ui expire 18 lines
01-23 11:24:27.883  1356  1524 I chatty  : uid=1000(system) Binder:1356_3 expire 19 lines
01-23 11:24:36.128  1356  1413 I chatty  : uid=1000(system) ActivityManager expire 1 line
01-23 11:24:40.809  1356  8184 I chatty  : uid=1000(system) Binder:1356_1F expire 7 lines
01-23 11:24:50.205  1691  2386 D PowerUI : can't show warning due to - plugged: true status unknown: false
01-23 11:25:03.067  1356  1407 I chatty  : uid=1000(system) android.display expire 19 lines
01-23 11:25:03.071  1356  1408 I chatty  : uid=1000(system) android.anim expire 30 lines
01-23 11:25:03.073  1356  1405 I chatty  : uid=1000(system) android.ui expire 28 lines
01-23 11:25:45.764  1356  1407 I chatty  : uid=1000(system) android.display expire 11 lines
01-23 11:25:45.774  1356  8184 I chatty  : uid=1000(system) Binder:1356_1F expire 6 lines
01-23 11:25:45.774  1356  1408 I chatty  : uid=1000(system) android.anim expire 19 lines
01-23 11:25:45.778  1356  2069 I chatty  : uid=1000(system) Binder:1356_8 expire 10 lines
01-23 11:25:45.822  1356  1867 I chatty  : uid=1000(system) Binder:1356_5 expire 11 lines
01-23 11:25:45.875  1356  1524 I chatty  : uid=1000(system) Binder:1356_3 expire 11 lines
01-23 11:25:50.205  1691  2386 D PowerUI : can't show warning due to - plugged: true status unknown: false
01-23 11:25:58.827  1356  3717 I chatty  : uid=1000(system) Binder:1356_11 expire 2 lines
01-23 11:25:58.830  1356  3273 I chatty  : uid=1000(system) Binder:1356_10 expire 4 lines
01-23 11:25:58.835  1356  1405 I chatty  : uid=1000(system) android.ui expire 26 lines
01-23 11:25:59.816  1691  2386 D PowerUI : can't show warning due to - plugged: true status unknown: false
01-23 11:26:03.472  1691  2386 I chatty  : uid=10016(com.android.systemui) pool-5-thread-1 identical 2 lines
01-23 11:26:05.952  1691  2386 D PowerUI : can't show warning due to - plugged: true status unknown: false
01-23 11:26:06.618  1356  1408 I chatty  : uid=1000(system) android.anim expire 43 lines
01-23 11:26:06.618  1356  1407 I chatty  : uid=1000(system) android.display expire 31 lines
01-23 11:26:15.118  1356  4046 I chatty  : uid=1000(system) Binder:1356_18 expire 8 lines
01-23 11:26:34.761  1356  2996 I chatty  : uid=1000(system) Binder:1356_D expire 7 lines
01-23 11:26:50.203  1691  2386 D PowerUI : can't show warning due to - plugged: true status unknown: false
01-23 11:26:56.159  1356  1524 I chatty  : uid=1000(system) Binder:1356_3 expire 3 lines
01-23 11:27:11.197  1356  2069 I chatty  : uid=1000(system) Binder:1356_8 expire 1 line
01-23 11:27:16.427  1356  1413 I chatty  : uid=1000(system) ActivityManager expire 1 line
01-23 11:27:19.776  1356  1407 I chatty  : uid=1000(system) android.display expire 1 line
01-23 11:27:19.785  1356  1408 I chatty  : uid=1000(system) android.anim expire 19 lines
01-23 11:27:19.829  1356  1405 I chatty  : uid=1000(system) android.ui expire 14 lines
01-23 11:27:19.835  1356  1407 I chatty  : uid=1000(system) android.display expire 11 lines
01-23 11:27:19.846  1356  4046 I chatty  : uid=1000(system) Binder:1356_18 expire 2 lines
01-23 11:27:19.848  1356  2996 I chatty  : uid=1000(system) Binder:1356_D expire 5 lines
01-23 11:27:19.920  1356  2069 I chatty  : uid=1000(system) Binder:1356_8 expire 7 lines
01-23 11:27:19.955  1356  1524 I chatty  : uid=1000(system) Binder:1356_3 expire 11 lines
01-23 11:27:25.504  1356  8184 I chatty  : uid=1000(system) Binder:1356_1F expire 16 lines
01-23 11:27:25.585  1356  1867 I chatty  : uid=1000(system) Binder:1356_5 expire 4 lines
01-23 11:27:31.148  1691  2386 D PowerUI : can't show warning due to - plugged: true status unknown: false
01-23 11:27:31.864  1691  2386 I chatty  : uid=10016(com.android.systemui) pool-5-thread-1 identical 1 line
01-23 11:27:33.226  1691  2386 D PowerUI : can't show warning due to - plugged: true status unknown: false
01-23 11:27:35.414  1356  1407 I chatty  : uid=1000(system) android.display expire 12 lines
01-23 11:27:35.417  1356  1408 I chatty  : uid=1000(system) android.anim expire 20 lines
01-23 11:27:35.423  1356  1405 I chatty  : uid=1000(system) android.ui expire 14 lines
01-23 11:27:50.203  1691  2386 D PowerUI : can't show warning due to - plugged: true status unknown: false
01-23 11:27:51.833  1356  1407 I chatty  : uid=1000(system) android.display expire 17 lines
01-23 11:27:51.834  1356  1408 I chatty  : uid=1000(system) android.anim expire 30 lines
01-23 11:27:51.847  1356  1405 I chatty  : uid=1000(system) android.ui expire 17 lines
01-23 11:27:51.890  1356  1524 I chatty  : uid=1000(system) Binder:1356_3 expire 8 lines
01-23 11:27:55.586  1356  1356 I chatty  : uid=1000 system_server expire 1 line
01-23 11:28:13.756  1356  3273 I chatty  : uid=1000(system) Binder:1356_10 expire 10 lines
01-23 11:28:16.339  1356  1405 I chatty  : uid=1000(system) android.ui expire 9 lines
01-23 11:28:16.344  1356  1407 I chatty  : uid=1000(system) android.display expire 20 lines
01-23 11:28:16.352  1356  8184 I chatty  : uid=1000(system) Binder:1356_1F expire 8 lines
01-23 11:28:16.378  1356  2748 I chatty  : uid=1000(system) Binder:1356_B expire 10 lines
01-23 11:28:16.416  1356  1408 I chatty  : uid=1000(system) android.anim expire 28 lines
01-23 11:28:26.058  1356  4046 I chatty  : uid=1000(system) Binder:1356_18 expire 9 lines
01-23 11:28:26.382  1356  2069 I chatty  : uid=1000(system) Binder:1356_8 expire 11 lines
01-23 11:28:31.483  1356  1867 I chatty  : uid=1000(system) Binder:1356_5 expire 1 line
01-23 11:28:37.053  1356  1356 I chatty  : uid=1000 system_server expire 2 lines
01-23 11:28:39.788  1691  2386 D PowerUI : can't show warning due to - plugged: true status unknown: false
01-23 11:28:43.243  1691  2386 D PowerUI : can't show warning due to - plugged: true status unknown: false
01-23 11:28:50.203  1691  2386 D PowerUI : can't show warning due to - plugged: true status unknown: false
01-23 11:28:54.566  1356  1524 I chatty  : uid=1000(system) Binder:1356_3 expire 11 lines
01-23 11:29:04.660  1356  1412 I chatty  : uid=1000(system) android.bg expire 2 lines
01-23 11:29:16.400  1691  2386 D PowerUI : can't show warning due to - plugged: true status unknown: false
01-23 11:29:50.200  1691  2386 D PowerUI : can't show warning due to - plugged: true status unknown: false
01-23 11:29:57.734  1356  1413 I chatty  : uid=1000(system) ActivityManager expire 6 lines
01-23 11:30:14.595  1691  2386 D PowerUI : can't show warning due to - plugged: true status unknown: false
01-23 11:30:27.684  1356  3273 I chatty  : uid=1000(system) Binder:1356_10 expire 3 lines
01-23 11:30:42.710  1356  2748 I chatty  : uid=1000(system) Binder:1356_B expire 1 line
01-23 11:30:50.192  1691  2386 D PowerUI : can't show warning due to - plugged: true status unknown: false
01-23 11:30:58.536  1356  1407 I chatty  : uid=1000(system) android.display expire 5 lines
01-23 11:30:59.214  1691  2386 D PowerUI : can't show warning due to - plugged: true status unknown: false
01-23 11:31:17.905  1691  2386 D PowerUI : can't show warning due to - plugged: true status unknown: false
01-23 11:31:26.697  1691  2386 D PowerUI : can't show warning due to - plugged: true status unknown: false
01-23 11:31:27.822  1356  1524 I chatty  : uid=1000(system) Binder:1356_3 expire 10 lines
01-23 11:31:28.757  1691  2386 D PowerUI : can't show warning due to - plugged: true status unknown: false
01-23 11:31:29.317  1356  1404 I chatty  : uid=1000(system) android.fg expire 3 lines
01-23 11:31:29.335  1356  1614 I chatty  : uid=1000(system) ConnectivitySer expire 3 lines
01-23 11:31:42.233  1691  2386 D PowerUI : can't show warning due to - plugged: true status unknown: false
01-23 11:31:42.955  1691  2386 D PowerUI : can't show warning due to - plugged: true status unknown: false
01-23 11:31:44.183  1691  2386 D PowerUI : can't show warning due to - plugged: true status unknown: false
01-23 11:31:45.453  1356  1414 I chatty  : uid=1000(system) ActivityManager expire 3 lines
01-23 11:31:48.059  1691  2386 D PowerUI : can't show warning due to - plugged: true status unknown: false
01-23 11:31:49.261  1691  2386 D PowerUI : can't show warning due to - plugged: true status unknown: false
01-23 11:31:57.910  1356  2117 I chatty  : uid=1000(system) Binder:1356_9 expire 1 line
01-23 11:32:10.743  1691  2386 D PowerUI : can't show warning due to - plugged: true status unknown: false
01-23 11:32:11.468  1691  2386 I chatty  : uid=10016(com.android.systemui) pool-5-thread-1 identical 3 lines
01-23 11:32:12.799  1691  2386 D PowerUI : can't show warning due to - plugged: true status unknown: false
01-23 11:32:12.938  1356  3998 I chatty  : uid=1000(system) Binder:1356_15 expire 4 lines
01-23 11:32:14.307  1691  2386 D PowerUI : can't show warning due to - plugged: true status unknown: false
01-23 11:32:26.803  1691  2386 D PowerUI : can't show warning due to - plugged: true status unknown: false
01-23 11:32:27.986  1356  5688 I chatty  : uid=1000(system) Binder:1356_1B expire 1 line
01-23 11:32:28.117  1691  2386 D PowerUI : can't show warning due to - plugged: true status unknown: false
01-23 11:32:29.436  1691  2386 D PowerUI : can't show warning due to - plugged: true status unknown: false
01-23 11:32:36.875  1356  2069 I chatty  : uid=1000(system) Binder:1356_8 expire 10 lines
01-23 11:32:36.878  1691  2386 D PowerUI : can't show warning due to - plugged: true status unknown: false
01-23 11:32:36.880  1356  3271 I chatty  : uid=1000(system) Binder:1356_F expire 6 lines
01-23 11:32:36.886  1356  3997 I chatty  : uid=1000(system) Binder:1356_14 expire 8 lines
01-23 11:32:37.106  1356  3721 I chatty  : uid=1000(system) Binder:1356_13 expire 9 lines
01-23 11:32:37.111  1356  1986 I chatty  : uid=1000(system) Binder:1356_6 expire 9 lines
01-23 11:32:38.465  1691  2386 D PowerUI : can't show warning due to - plugged: true status unknown: false
