01-23 05:52:15.491  1356  2996 I chatty  : uid=1000(system) Binder:1356_D expire 5 lines
01-23 05:52:15.517  1356  5688 I chatty  : uid=1000(system) Binder:1356_1B expire 2 lines
01-23 05:52:25.367  1356  1412 I chatty  : uid=1000(system) android.bg expire 10 lines
01-23 05:52:49.189  1691  2386 D PowerUI : can't show warning due to - plugged: true status unknown: false
01-23 05:53:23.859  1356  1356 I chatty  : uid=1000 system_server expire 1 line
01-23 05:53:23.894  1356  1414 I chatty  : uid=1000(system) ActivityManager expire 13 lines
01-23 05:53:39.123  1356  3273 I chatty  : uid=1000(system) Binder:1356_10 expire 10 lines
01-23 05:53:49.214  1691  2386 D PowerUI : can't show warning due to - plugged: true status unknown: false
01-23 05:55:42.606  1356  7465 I chatty  : uid=1000(system) Binder:1356_1E expire 9 lines
01-23 05:55:49.191  1691  2386 D PowerUI : can't show warning due to - plugged: true status unknown: false
01-23 05:58:49.199  1691  2386 D PowerUI : can't show warning due to - plugged: true status unknown: false
01-23 05:59:49.191  1691  2386 D PowerUI : can't show warning due to - plugged: true status unknown: false
01-23 06:00:49.180  1691  2386 D PowerUI : can't show warning due to - plugged: true status unknown: false
01-23 06:01:49.194  1691  2386 D PowerUI : can't show warning due to - plugged: true status unknown: false
01-23 06:02:49.196  1691  2386 D PowerUI : can't show warning due to - plugged: true status unknown: false
01-23 06:03:45.583  1356  1413 I chatty  : uid=1000(system) ActivityManager expire 10 lines
01-23 06:03:45.680  1356  1867 I chatty  : uid=1000(system) Binder:1356_5 expire 3 lines
01-23 06:03:45.681  1356  1384 I chatty  : uid=1000(system) Binder:1356_1 expire 1 line
01-23 06:03:45.681  1356  1614 I chatty  : uid=1000(system) ConnectivitySer expire 7 lines
01-23 06:03:49.208  1691  2386 D PowerUI : can't show warning due to - plugged: true status unknown: false
01-23 06:03:58.718  1356  4004 I chatty  : uid=1000(system) Binder:1356_17 expire 3 lines
01-23 06:04:49.198  1691  2386 D PowerUI : can't show warning due to - plugged: true status unknown: false
01-23 06:05:49.197  1691  2386 D PowerUI : can't show warning due to - plugged: true status unknown: false
01-23 06:06:49.195  1691  2386 D PowerUI : can't show warning due to - plugged: true status unknown: false
01-23 06:07:49.191  1691  2386 D PowerUI : can't show warning due to - plugged: true status unknown: false
01-23 06:08:04.907  1356  1716 I chatty  : uid=1000(system) Binder:1356_4 expire 5 lines
01-23 06:08:42.914  1356  1412 I chatty  : uid=1000(system) android.bg expire 10 lines
01-23 06:08:49.198  1691  2386 D PowerUI : can't show warning due to - plugged: true status unknown: false
01-23 06:09:49.180  1691  2386 D PowerUI : can't show warning due to - plugged: true status unknown: false
01-23 06:10:49.189  1691  2386 D PowerUI : can't show warning due to - plugged: true status unknown: false
01-23 06:11:49.188  1691  2386 D PowerUI : can't show warning due to - plugged: true status unknown: false
01-23 06:12:08.979  1356  1413 I chatty  : uid=1000(system) ActivityManager expire 13 lines
01-23 06:12:49.198  1691  2386 D PowerUI : can't show warning due to - plugged: true status unknown: false
01-23 06:15:49.199  1691  2386 D PowerUI : can't show warning due to - plugged: true status unknown: false
01-23 06:18:49.197  1691  2386 D PowerUI : can't show warning due to - plugged: true status unknown: false
01-23 06:19:49.185  1691  2386 D PowerUI : can't show warning due to - plugged: true status unknown: false
01-23 06:20:35.680  1356  3273 I chatty  : uid=1000(system) Binder:1356_10 expire 2 lines
01-23 06:21:49.191  1691  2386 D PowerUI : can't show warning due to - plugged: true status unknown: false
01-23 06:23:49.190  1691  2386 D PowerUI : can't show warning due to - plugged: true status unknown: false
01-23 06:24:25.623  1356  1413 I chatty  : uid=1000(system) ActivityManager expire 11 lines
01-23 06:24:35.664  1356  1412 I chatty  : uid=1000(system) android.bg expire 10 lines
01-23 06:24:49.211  1691  2386 D PowerUI : can't show warning due to - plugged: true status unknown: false
01-23 06:25:49.191  1691  2386 D PowerUI : can't show warning due to - plugged: true status unknown: false
01-23 06:27:49.195  1691  2386 D PowerUI : can't show warning due to - plugged: true status unknown: false
01-23 06:28:45.655  1356  3717 I chatty  : uid=1000(system) Binder:1356_11 expire 6 lines
01-23 06:28:49.190  1691  2386 D PowerUI : can't show warning due to - plugged: true status unknown: false
01-23 06:29:49.191  1691  2386 D PowerUI : can't show warning due to - plugged: true status unknown: false
01-23 06:30:00.039  1356  1986 I chatty  : uid=1000(system) Binder:1356_6 expire 1 line
01-23 06:30:49.199  1691  2386 D PowerUI : can't show warning due to - plugged: true status unknown: false
01-23 06:31:41.062  1356  1385 I chatty  : uid=1000(system) Binder:1356_2 expire 5 lines
01-23 06:31:41.264  1356  3262 I chatty  : uid=1000(system) Binder:1356_E expire 1 line
01-23 06:31:49.168  1691  2386 D PowerUI : can't show warning due to - plugged: true status unknown: false
01-23 06:31:50.056  1356  1414 I chatty  : uid=1000(system) ActivityManager expire 7 lines
01-23 06:31:50.414  1356  5333 I chatty  : uid=1000(system) Binder:1356_1A expire 5 lines
01-23 06:32:49.196  1691  2386 D PowerUI : can't show warning due to - plugged: true status unknown: false
01-23 06:34:49.195  1691  2386 D PowerUI : can't show warning due to - plugged: true status unknown: false
01-23 06:35:49.192  1691  2386 D PowerUI : can't show warning due to - plugged: true status unknown: false
01-23 06:35:56.186  1356  7254 I chatty  : uid=1000(system) Binder:1356_1D expire 4 lines
01-23 06:35:56.188  1356  2748 I chatty  : uid=1000(system) Binder:1356_B expire 2 lines
01-23 06:36:49.201  1691  2386 D PowerUI : can't show warning due to - plugged: true status unknown: false
01-23 06:37:49.197  1691  2386 D PowerUI : can't show warning due to - plugged: true status unknown: false
01-23 06:38:49.185  1691  2386 D PowerUI : can't show warning due to - plugged: true status unknown: false
01-23 06:39:41.017  1356  1413 I chatty  : uid=1000(system) ActivityManager expire 2 lines
01-23 06:39:49.192  1691  2386 D PowerUI : can't show warning due to - plugged: true status unknown: false
01-23 06:41:49.193  1691  2386 D PowerUI : can't show warning due to - plugged: true status unknown: false
01-23 06:42:49.199  1691  2386 D PowerUI : can't show warning due to - plugged: true status unknown: false
01-23 06:43:49.194  1691  2386 D PowerUI : can't show warning due to - plugged: true status unknown: false
01-23 06:44:12.654  1356  3720 I chatty  : uid=1000(system) Binder:1356_12 expire 3 lines
01-23 06:44:13.596  1356  3998 I chatty  : uid=1000(system) Binder:1356_15 expire 4 lines
01-23 06:44:20.281  1356  7254 I chatty  : uid=1000(system) Binder:1356_1D expire 5 lines
01-23 06:44:49.196  1691  2386 D PowerUI : can't show warning due to - plugged: true status unknown: false
01-23 06:45:00.027  1356  1356 I chatty  : uid=1000 system_server expire 10 lines
01-23 06:45:00.239  1356  7254 I chatty  : uid=1000(system) Binder:1356_1D expire 6 lines
01-23 06:45:15.243  1356  3997 I chatty  : uid=1000(system) Binder:1356_14 expire 4 lines
01-23 06:45:33.770  1356  2748 I chatty  : uid=1000(system) Binder:1356_B expire 10 lines
01-23 06:46:13.923  1356  1414 I chatty  : uid=1000(system) ActivityManager expire 13 lines
01-23 06:46:14.042  9379  9379 D ActivityThread: Loading provider contacts;com.android.contacts: com.android.providers.contacts.ContactsProvider2
01-23 06:46:49.212  1691  2386 D PowerUI : can't show warning due to - plugged: true status unknown: false
01-23 06:46:53.275  1356  1413 I chatty  : uid=1000(system) ActivityManager expire 13 lines
01-23 06:47:03.336  1356  1412 I chatty  : uid=1000(system) android.bg expire 10 lines
01-23 06:47:28.060  1356  3998 I chatty  : uid=1000(system) Binder:1356_15 expire 1 line
01-23 06:48:15.773  1356  3721 I chatty  : uid=1000(system) Binder:1356_13 expire 1 line
01-23 06:48:49.191  1691  2386 D PowerUI : can't show warning due to - plugged: true status unknown: false
01-23 06:48:56.801  1356  2748 I chatty  : uid=1000(system) Binder:1356_B expire 7 lines
01-23 06:49:49.193  1691  2386 D PowerUI : can't show warning due to - plugged: true status unknown: false
01-23 06:50:49.199  1691  2386 D PowerUI : can't show warning due to - plugged: true status unknown: false
01-23 06:51:49.192  1691  2386 D PowerUI : can't show warning due to - plugged: true status unknown: false
01-23 06:52:49.180  1691  2386 D PowerUI : can't show warning due to - plugged: true status unknown: false
01-23 06:53:39.177  1356  2750 I chatty  : uid=1000(system) Binder:1356_C expire 1 line
01-23 06:53:49.185  1691  2386 D PowerUI : can't show warning due to - plugged: true status unknown: false
01-23 06:54:05.535  1356  1413 I chatty  : uid=1000(system) ActivityManager expire 15 lines
01-23 06:54:17.207  1356  1356 I chatty  : uid=1000 system_server expire 13 lines
01-23 06:56:49.209  1691  2386 D PowerUI : can't show warning due to - plugged: true status unknown: false
01-23 06:57:05.319  1356  1385 I chatty  : uid=1000(system) Binder:1356_2 expire 2 lines
01-23 06:57:36.054  1356  3720 I chatty  : uid=1000(system) Binder:1356_12 expire 3 lines
01-23 06:57:49.190  1691  2386 D PowerUI : can't show warning due to - plugged: true status unknown: false
01-23 06:58:49.191  1691  2386 D PowerUI : can't show warning due to - plugged: true status unknown: false
01-23 07:01:49.196  1691  2386 D PowerUI : can't show warning due to - plugged: true status unknown: false
01-23 07:02:34.136  1356  2747 I chatty  : uid=1000(system) Binder:1356_A expire 1 line
01-23 07:02:34.138  1356  1614 I chatty  : uid=1000(system) ConnectivitySer expire 19 lines
01-23 07:02:34.142  1356  1716 I chatty  : uid=1000(system) Binder:1356_4 expire 2 lines
01-23 07:02:44.095  1356  1412 I chatty  : uid=1000(system) android.bg expire 10 lines
01-23 07:02:49.194  1691  2386 D PowerUI : can't show warning due to - plugged: true status unknown: false
01-23 07:02:58.543  1356  8184 I chatty  : uid=1000(system) Binder:1356_1F expire 6 lines
01-23 07:04:18.762  1356  1413 I chatty  : uid=1000(system) ActivityManager expire 10 lines
01-23 07:04:49.218  1691  2386 D PowerUI : can't show warning due to - plugged: true status unknown: false
01-23 07:05:19.090  1356  1356 I chatty  : uid=1000 system_server expire 4 lines
01-23 07:05:49.194  1691  2386 D PowerUI : can't show warning due to - plugged: true status unknown: false
01-23 07:06:49.195  1691  2386 D PowerUI : can't show warning due to - plugged: true status unknown: false
01-23 07:07:49.218  1691  2386 D PowerUI : can't show warning due to - plugged: true status unknown: false
01-23 07:07:57.855  1356  4046 I chatty  : uid=1000(system) Binder:1356_18 expire 1 line
01-23 07:08:49.196  1691  2386 D PowerUI : can't show warning due to - plugged: true status unknown: false
01-23 07:09:49.193  1691  2386 D PowerUI : can't show warning due to - plugged: true status unknown: false
01-23 07:10:49.195  1691  2386 D PowerUI : can't show warning due to - plugged: true status unknown: false
01-23 07:11:49.194  1691  2386 D PowerUI : can't show warning due to - plugged: true status unknown: false
01-23 07:13:49.195  1691  2386 D PowerUI : can't show warning due to - plugged: true status unknown: false
01-23 07:14:49.190  1691  2386 D PowerUI : can't show warning due to - plugged: true status unknown: false
01-23 07:16:49.191  1691  2386 D PowerUI : can't show warning due to - plugged: true status unknown: false
01-23 07:16:49.374  1356  3271 I chatty  : uid=1000(system) Binder:1356_F expire 1 line
01-23 07:17:02.750  1356  1986 I chatty  : uid=1000(system) Binder:1356_6 expire 4 lines
01-23 07:17:19.910  1356  2117 I chatty  : uid=1000(system) Binder:1356_9 expire 9 lines
01-23 07:18:49.196  1691  2386 D PowerUI : can't show warning due to - plugged: true status unknown: false
01-23 07:18:58.680  1356  4001 I chatty  : uid=1000(system) Binder:1356_16 expire 4 lines
01-23 07:19:49.206  1691  2386 D PowerUI : can't show warning due to - plugged: true status unknown: false
01-23 07:19:49.220  1356  1412 I chatty  : uid=1000(system) android.bg expire 7 lines
01-23 07:20:34.541  1356  1413 I chatty  : uid=1000(system) ActivityManager expire 11 lines
01-23 07:21:49.194  1691  2386 D PowerUI : can't show warning due to - plugged: true status unknown: false
01-23 07:22:49.188  1691  2386 D PowerUI : can't show warning due to - plugged: true status unknown: false
01-23 07:23:23.937  1356  1404 I chatty  : uid=1000(system) android.fg expire 3 lines
01-23 07:23:49.197  1691  2386 D PowerUI : can't show warning due to - plugged: true status unknown: false
01-23 07:23:59.863  1356  5333 I chatty  : uid=1000(system) Binder:1356_1A expire 2 lines
01-23 07:24:49.188  1691  2386 D PowerUI : can't show warning due to - plugged: true status unknown: false
01-23 07:25:49.187  1691  2386 D PowerUI : can't show warning due to - plugged: true status unknown: false
01-23 07:26:49.193  1691  2386 D PowerUI : can't show warning due to - plugged: true status unknown: false
01-23 07:27:46.807  1356  1614 I chatty  : uid=1000(system) ConnectivitySer expire 1 line
01-23 07:27:49.191  1691  2386 D PowerUI : can't show warning due to - plugged: true status unknown: false
01-23 07:28:49.195  1691  2386 D PowerUI : can't show warning due to - plugged: true status unknown: false
01-23 07:29:49.185  1691  2386 D PowerUI : can't show warning due to - plugged: true status unknown: false
01-23 07:30:49.194  1691  2386 D PowerUI : can't show warning due to - plugged: true status unknown: false
01-23 07:31:22.843  1356  1413 I chatty  : uid=1000(system) ActivityManager expire 1 line
01-23 07:31:45.922  1356  4281 I chatty  : uid=1000(system) Binder:1356_19 expire 3 lines
01-23 07:31:49.200  1691  2386 D PowerUI : can't show warning due to - plugged: true status unknown: false
01-23 07:31:56.387  1356  2117 I chatty  : uid=1000(system) Binder:1356_9 expire 7 lines
01-23 07:32:01.971  1356  1414 I chatty  : uid=1000(system) ActivityManager expire 8 lines
01-23 07:32:21.483  1356  1356 I chatty  : uid=1000 system_server expire 18 lines
01-23 07:32:49.175  1691  2386 D PowerUI : can't show warning due to - plugged: true status unknown: false
01-23 07:34:04.952  1356  1413 I chatty  : uid=1000(system) ActivityManager expire 12 lines
01-23 07:34:05.020  1356  1614 I chatty  : uid=1000(system) ConnectivitySer expire 7 lines
01-23 07:34:05.469  1356  3271 I chatty  : uid=1000(system) Binder:1356_F expire 2 lines
01-23 07:34:05.695  1356  4046 I chatty  : uid=1000(system) Binder:1356_18 expire 6 lines
01-23 07:34:06.606  1356  5333 I chatty  : uid=1000(system) Binder:1356_1A expire 19 lines
01-23 07:34:14.978  1356  1412 I chatty  : uid=1000(system) android.bg expire 5 lines
01-23 07:34:49.188  1691  2386 D PowerUI : can't show warning due to - plugged: true status unknown: false
01-23 07:35:49.194  1691  2386 D PowerUI : can't show warning due to - plugged: true status unknown: false
01-23 07:37:49.192  1691  2386 D PowerUI : can't show warning due to - plugged: true status unknown: false
01-23 07:39:49.196  1691  2386 D PowerUI : can't show warning due to - plugged: true status unknown: false
01-23 07:40:49.184  1691  2386 D PowerUI : can't show warning due to - plugged: true status unknown: false
01-23 07:41:49.222  1691  2386 D PowerUI : can't show warning due to - plugged: true status unknown: false
01-23 07:42:49.188  1691  2386 D PowerUI : can't show warning due to - plugged: true status unknown: false
01-23 07:43:51.690  1356  1425 I chatty  : uid=1000(system) PowerManagerSer expire 3 lines
01-23 07:43:51.692  1356  1407 I chatty  : uid=1000(system) android.display expire 9 lines
01-23 07:43:51.707  1356  1408 I chatty  : uid=1000(system) android.anim expire 3 lines
01-23 07:43:51.710  1356  1404 I chatty  : uid=1000(system) android.fg expire 4 lines
01-23 07:43:52.905  1356  3998 I chatty  : uid=1000(system) Binder:1356_15 expire 6 lines
01-23 07:44:00.624  1356  1580 I chatty  : uid=1000(system) InputDispatcher expire 1 line
01-23 07:44:01.654  1356  2747 I chatty  : uid=1000(system) Binder:1356_A expire 7 lines
01-23 07:44:01.720  1356  1867 I chatty  : uid=1000(system) Binder:1356_5 expire 5 lines
01-23 07:44:01.740  1356  1716 I chatty  : uid=1000(system) Binder:1356_4 expire 1 line
01-23 07:44:04.247  1691  1691 V DeadZone: consuming errant click: (951.0,45.0)
01-23 07:44:04.247  1691  1691 V DeadZone: consuming errant click: (951.0,45.0)
01-23 07:44:06.030  1356  5333 I chatty  : uid=1000(system) Binder:1356_1A expire 10 lines
01-23 07:44:17.224  1356  1413 I chatty  : uid=1000(system) ActivityManager expire 30 lines
01-23 07:44:17.313  1356  2750 I chatty  : uid=1000(system) Binder:1356_C expire 9 lines
01-23 07:44:49.177  1691  2386 D PowerUI : can't show warning due to - plugged: true status unknown: false
01-23 07:44:50.646  1356  5798 I chatty  : uid=1000(system) Binder:1356_1C expire 6 lines
01-23 07:44:50.793  1356  3721 I chatty  : uid=1000(system) Binder:1356_13 expire 2 lines
01-23 07:44:50.823  1356  3262 I chatty  : uid=1000(system) Binder:1356_E expire 4 lines
01-23 07:44:50.840  1356  3997 I chatty  : uid=1000(system) Binder:1356_14 expire 2 lines
01-23 07:45:19.728  1356  1447 I chatty  : uid=1000(system) PackageManager expire 54 lines
01-23 07:45:19.896  1356  1384 I chatty  : uid=1000(system) Binder:1356_1 expire 5 lines
01-23 07:45:20.248  1356  1413 I chatty  : uid=1000(system) ActivityManager expire 11 lines
01-23 07:45:20.268  1356  1404 I chatty  : uid=1000(system) android.fg expire 1 line
01-23 07:45:21.587  1356  2750 I chatty  : uid=1000(system) Binder:1356_C expire 2 lines
01-23 07:45:27.519  1356  5333 I chatty  : uid=1000(system) Binder:1356_1A expire 6 lines
01-23 07:45:27.529  1356  5798 I chatty  : uid=1000(system) Binder:1356_1C expire 5 lines
01-23 07:45:29.889  1356  1990 I chatty  : uid=1000(system) Binder:1356_7 expire 19 lines
01-23 07:45:34.542  1356  2747 I chatty  : uid=1000(system) Binder:1356_A expire 7 lines
01-23 07:45:34.548  1356  1524 I chatty  : uid=1000(system) Binder:1356_3 expire 9 lines
01-23 07:45:34.557  1356  3262 I chatty  : uid=1000(system) Binder:1356_E expire 6 lines
01-23 07:45:34.678  1356  1407 I chatty  : uid=1000(system) android.display expire 14 lines
01-23 07:45:35.906  1691  1691 V DeadZone: consuming errant click: (947.0,16.0)
01-23 07:45:35.907  1691  1691 V DeadZone: consuming errant click: (947.0,16.0)
01-23 07:45:36.646  1356  1414 I chatty  : uid=1000(system) ActivityManager expire 2 lines
01-23 07:45:41.223  1356  1405 I chatty  : uid=1000(system) android.ui expire 10 lines
01-23 07:45:41.241  1356  1408 I chatty  : uid=1000(system) android.anim expire 11 lines
01-23 07:45:43.574  1356  3997 I chatty  : uid=1000(system) Binder:1356_14 expire 5 lines
01-23 07:45:43.595  1356  8630 I chatty  : uid=1000(system) Binder:1356_20 expire 2 lines
01-23 07:45:43.603  1356  3271 I chatty  : uid=1000(system) Binder:1356_F expire 1 line
01-23 07:45:48.406  1356  5688 I chatty  : uid=1000(system) Binder:1356_1B expire 8 lines
01-23 07:45:49.166  1691  2386 D PowerUI : can't show warning due to - plugged: true status unknown: false
01-23 07:46:49.174  1691  2386 D PowerUI : can't show warning due to - plugged: true status unknown: false
01-23 07:47:49.195  1691  2386 D PowerUI : can't show warning due to - plugged: true status unknown: false
01-23 07:49:49.190  1691  2386 D PowerUI : can't show warning due to - plugged: true status unknown: false
01-23 07:50:30.448  1356  1867 I chatty  : uid=1000(system) Binder:1356_5 expire 3 lines
01-23 07:50:49.189  1691  2386 D PowerUI : can't show warning due to - plugged: true status unknown: false
01-23 07:50:57.030  1356  1986 I chatty  : uid=1000(system) Binder:1356_6 expire 9 lines
01-23 07:50:57.062  1356  3721 I chatty  : uid=1000(system) Binder:1356_13 expire 5 lines
01-23 07:50:57.437  1356  8184 I chatty  : uid=1000(system) Binder:1356_1F expire 1 line
01-23 07:51:19.570  1356  1408 I chatty  : uid=1000(system) android.anim expire 12 lines
01-23 07:51:49.184  1691  2386 D PowerUI : can't show warning due to - plugged: true status unknown: false
01-23 07:52:10.736  1356  1405 I chatty  : uid=1000(system) android.ui expire 7 lines
01-23 07:52:10.741  1356  1407 I chatty  : uid=1000(system) android.display expire 5 lines
01-23 07:52:49.183  1691  2386 D PowerUI : can't show warning due to - plugged: true status unknown: false
01-23 07:53:22.694  1356  1408 I chatty  : uid=1000(system) android.anim expire 40 lines
01-23 07:53:22.749  1356  1405 I chatty  : uid=1000(system) android.ui expire 28 lines
01-23 07:53:22.755  1356  1407 I chatty  : uid=1000(system) android.display expire 17 lines
01-23 07:53:22.758  1356  1990 I chatty  : uid=1000(system) Binder:1356_7 expire 2 lines
01-23 07:53:22.830  1356  1524 I chatty  : uid=1000(system) Binder:1356_3 expire 4 lines
01-23 07:53:22.832  1356  1986 I chatty  : uid=1000(system) Binder:1356_6 expire 1 line
01-23 07:53:22.886  1356  3271 I chatty  : uid=1000(system) Binder:1356_F expire 2 lines
01-23 07:53:23.892  1356  1414 I chatty  : uid=1000(system) ActivityManager expire 1 line
01-23 07:53:28.967  1356  1413 I chatty  : uid=1000(system) ActivityManager expire 2 lines
01-23 07:53:34.363  1356  1384 I chatty  : uid=1000(system) Binder:1356_1 expire 3 lines
01-23 07:53:34.441  1356  3721 I chatty  : uid=1000(system) Binder:1356_13 expire 1 line
01-23 07:53:34.444  1356  1385 I chatty  : uid=1000(system) Binder:1356_2 expire 5 lines
01-23 07:53:34.551  1356  1405 I chatty  : uid=1000(system) android.ui expire 18 lines
01-23 07:53:34.559  1356  1407 I chatty  : uid=1000(system) android.display expire 13 lines
01-23 07:53:34.597  1356  1990 I chatty  : uid=1000(system) Binder:1356_7 expire 5 lines
01-23 07:53:34.672  1356  1408 I chatty  : uid=1000(system) android.anim expire 14 lines
01-23 07:53:41.289  1356  1384 I chatty  : uid=1000(system) Binder:1356_1 expire 3 lines
01-23 07:53:49.182  1691  2386 D PowerUI : can't show warning due to - plugged: true status unknown: false
01-23 07:54:05.251  1356  1412 I chatty  : uid=1000(system) android.bg expire 2 lines
01-23 07:54:23.260  1356  1524 I chatty  : uid=1000(system) Binder:1356_3 expire 2 lines
01-23 07:54:23.260  1356  1408 I chatty  : uid=1000(system) android.anim expire 24 lines
01-23 07:54:23.333  1356  3721 I chatty  : uid=1000(system) Binder:1356_13 expire 2 lines
01-23 07:54:23.392  1356  1986 I chatty  : uid=1000(system) Binder:1356_6 expire 4 lines
01-23 07:54:23.394  1356  8184 I chatty  : uid=1000(system) Binder:1356_1F expire 3 lines
01-23 07:54:23.464  1356  4046 I chatty  : uid=1000(system) Binder:1356_18 expire 4 lines
01-23 07:55:49.187  1691  2386 D PowerUI : can't show warning due to - plugged: true status unknown: false
01-23 07:56:49.186  1691  2386 D PowerUI : can't show warning due to - plugged: true status unknown: false
01-23 07:57:28.031  1356  1407 I chatty  : uid=1000(system) android.display expire 7 lines
01-23 07:57:28.038  1356  1408 I chatty  : uid=1000(system) android.anim expire 11 lines
01-23 07:57:28.041  1356  1405 I chatty  : uid=1000(system) android.ui expire 15 lines
01-23 07:57:28.179  1356  4001 I chatty  : uid=1000(system) Binder:1356_16 expire 3 lines
01-23 07:57:28.182  1356  8184 I chatty  : uid=1000(system) Binder:1356_1F expire 4 lines
01-23 07:57:28.183  1356  1408 I chatty  : uid=1000(system) android.anim expire 11 lines
01-23 07:57:28.234  1356  1407 I chatty  : uid=1000(system) android.display expire 8 lines
01-23 07:57:28.355  1356  3717 I chatty  : uid=1000(system) Binder:1356_11 expire 3 lines
01-23 07:57:28.359  1356  1524 I chatty  : uid=1000(system) Binder:1356_3 expire 6 lines
01-23 07:57:35.068  1356  1413 I chatty  : uid=1000(system) ActivityManager expire 10 lines
01-23 07:57:49.190  1691  2386 D PowerUI : can't show warning due to - plugged: true status unknown: false
01-23 07:58:41.869  1356  1406 I chatty  : uid=1000(system) android.io expire 2 lines
01-23 07:58:44.382  1356  1414 I chatty  : uid=1000(system) ActivityManager expire 11 lines
01-23 07:58:45.016  1356  4046 I chatty  : uid=1000(system) Binder:1356_18 expire 11 lines
01-23 07:58:45.802  1356  1614 I chatty  : uid=1000(system) ConnectivitySer expire 14 lines
01-23 07:59:49.180  1691  2386 D PowerUI : can't show warning due to - plugged: true status unknown: false
01-23 08:00:10.272  1691  2386 D PowerUI : can't show warning due to - plugged: true status unknown: false
01-23 08:00:10.353 11909 11909 D ActivityThread: Loading provider contacts;com.android.contacts: com.android.providers.contacts.ContactsProvider2
01-23 08:00:11.960  1356  5688 I chatty  : uid=1000(system) Binder:1356_1B expire 3 lines
01-23 08:00:49.194  1691  2386 D PowerUI : can't show warning due to - plugged: true status unknown: false
01-23 08:01:13.884  1356  1986 I chatty  : uid=1000(system) Binder:1356_6 expire 5 lines
01-23 08:01:13.985  1356  3262 I chatty  : uid=1000(system) Binder:1356_E expire 4 lines
01-23 08:01:49.179  1691  2386 D PowerUI : can't show warning due to - plugged: true status unknown: false
01-23 08:02:49.183  1691  2386 D PowerUI : can't show warning due to - plugged: true status unknown: false
01-23 08:03:03.071  1356  1413 I chatty  : uid=1000(system) ActivityManager expire 32 lines
01-23 08:03:03.114  1356  1614 I chatty  : uid=1000(system) ConnectivitySer expire 3 lines
01-23 08:03:21.601  1356  4004 I chatty  : uid=1000(system) Binder:1356_17 expire 10 lines
01-23 08:03:21.702  1356  3998 I chatty  : uid=1000(system) Binder:1356_15 expire 2 lines
01-23 08:03:21.702  1356  3271 I chatty  : uid=1000(system) Binder:1356_F expire 12 lines
01-23 08:03:21.704  1356  2069 I chatty  : uid=1000(system) Binder:1356_8 expire 1 line
01-23 08:03:21.856  1356  1385 I chatty  : uid=1000(system) Binder:1356_2 expire 16 lines
01-23 08:03:21.884  1356  3721 I chatty  : uid=1000(system) Binder:1356_13 expire 7 lines
01-23 08:03:59.854  1356  1447 I chatty  : uid=1000(system) PackageManager expire 54 lines
01-23 08:04:00.099  1356  1414 I chatty  : uid=1000(system) ActivityManager expire 1 line
01-23 08:04:00.217  1356  1404 I chatty  : uid=1000(system) android.fg expire 2 lines
01-23 08:04:00.273  1356  1356 I chatty  : uid=1000 system_server expire 8 lines
01-23 08:04:07.790  1356  1867 I chatty  : uid=1000(system) Binder:1356_5 expire 2 lines
01-23 08:04:07.795  1356  1384 I chatty  : uid=1000(system) Binder:1356_1 expire 1 line
01-23 08:04:07.803  1356  1716 I chatty  : uid=1000(system) Binder:1356_4 expire 1 line
01-23 08:04:21.689  1356  1405 I chatty  : uid=1000(system) android.ui expire 15 lines
01-23 08:04:30.406  1356  1524 I chatty  : uid=1000(system) Binder:1356_3 expire 9 lines
01-23 08:04:49.180  1691  2386 D PowerUI : can't show warning due to - plugged: true status unknown: false
01-23 08:05:36.159  1356  1867 I chatty  : uid=1000(system) Binder:1356_5 expire 8 lines
01-23 08:05:36.209  1356  3271 I chatty  : uid=1000(system) Binder:1356_F expire 8 lines
01-23 08:05:36.218  1356  2747 I chatty  : uid=1000(system) Binder:1356_A expire 2 lines
01-23 08:05:36.219  1356  1407 I chatty  : uid=1000(system) android.display expire 13 lines
01-23 08:05:36.354  1356  1384 I chatty  : uid=1000(system) Binder:1356_1 expire 9 lines
01-23 08:05:36.356  1356  3717 I chatty  : uid=1000(system) Binder:1356_11 expire 12 lines
01-23 08:05:49.171  1691  2386 D PowerUI : can't show warning due to - plugged: true status unknown: false
01-23 08:05:53.222  1356  1413 I chatty  : uid=1000(system) ActivityManager expire 29 lines
01-23 08:05:53.223  1356  1447 I chatty  : uid=1000(system) PackageManager expire 54 lines
01-23 08:05:53.470  1356  1414 I chatty  : uid=1000(system) ActivityManager expire 2 lines
01-23 08:05:53.501  1356  1356 I chatty  : uid=1000 system_server expire 12 lines
01-23 08:05:53.587  1356  1404 I chatty  : uid=1000(system) android.fg expire 2 lines
01-23 08:06:03.862  1356  8184 I chatty  : uid=1000(system) Binder:1356_1F expire 6 lines
01-23 08:06:03.894  1356  1408 I chatty  : uid=1000(system) android.anim expire 14 lines
01-23 08:06:49.179  1691  2386 D PowerUI : can't show warning due to - plugged: true status unknown: false
01-23 08:07:00.221  1356  1413 I chatty  : uid=1000(system) ActivityManager expire 1 line
01-23 08:07:49.178  1691  2386 D PowerUI : can't show warning due to - plugged: true status unknown: false
01-23 08:08:16.163  1356  1990 I chatty  : uid=1000(system) Binder:1356_7 expire 3 lines
01-23 08:08:49.186  1691  2386 D PowerUI : can't show warning due to - plugged: true status unknown: false
01-23 08:08:54.266  1356  1407 I chatty  : uid=1000(system) android.display expire 8 lines
01-23 08:08:54.268  1356  3717 I chatty  : uid=1000(system) Binder:1356_11 expire 1 line
01-23 08:08:54.269  1356  1408 I chatty  : uid=1000(system) android.anim expire 11 lines
01-23 08:08:54.270  1356  1716 I chatty  : uid=1000(system) Binder:1356_4 expire 2 lines
01-23 08:08:54.276  1356  1405 I chatty  : uid=1000(system) android.ui expire 24 lines
01-23 08:09:24.146  1356  1356 I chatty  : uid=1000 system_server expire 4 lines
01-23 08:09:49.180  1691  2386 D PowerUI : can't show warning due to - plugged: true status unknown: false
01-23 08:09:57.838  1356  1407 I chatty  : uid=1000(system) android.display expire 29 lines
01-23 08:09:57.839  1356  1716 I chatty  : uid=1000(system) Binder:1356_4 expire 1 line
01-23 08:09:57.839  1356  1408 I chatty  : uid=1000(system) android.anim expire 51 lines
01-23 08:09:57.840  1356  7465 I chatty  : uid=1000(system) Binder:1356_1E expire 18 lines
01-23 08:09:57.913  1356  1384 I chatty  : uid=1000(system) Binder:1356_1 expire 7 lines
01-23 08:09:58.047  1356  5688 I chatty  : uid=1000(system) Binder:1356_1B expire 3 lines
01-23 08:10:41.809  1356  3717 I chatty  : uid=1000(system) Binder:1356_11 expire 7 lines
01-23 08:10:41.966  1356  2747 I chatty  : uid=1000(system) Binder:1356_A expire 3 lines
01-23 08:10:57.376  1356  1405 I chatty  : uid=1000(system) android.ui expire 12 lines
01-23 08:10:57.416  1356  1407 I chatty  : uid=1000(system) android.display expire 11 lines
01-23 08:10:57.424  1356  1408 I chatty  : uid=1000(system) android.anim expire 23 lines
01-23 08:10:57.427  1356  3717 I chatty  : uid=1000(system) Binder:1356_11 expire 9 lines
01-23 08:10:57.514  1356  1524 I chatty  : uid=1000(system) Binder:1356_3 expire 8 lines
01-23 08:11:18.165  1356  1413 I chatty  : uid=1000(system) ActivityManager expire 1 line
01-23 08:11:22.839  1356  1356 I chatty  : uid=1000 system_server expire 2 lines
01-23 08:11:26.887  1356  2996 I chatty  : uid=1000(system) Binder:1356_D expire 2 lines
01-23 08:11:27.044  1356  1384 I chatty  : uid=1000(system) Binder:1356_1 expire 5 lines
01-23 08:11:49.174  1691  2386 D PowerUI : can't show warning due to - plugged: true status unknown: false
01-23 08:12:11.268  1356  1407 I chatty  : uid=1000(system) android.display expire 19 lines
01-23 08:12:11.270  1356  1408 I chatty  : uid=1000(system) android.anim expire 33 lines
01-23 08:12:11.316  1356  1405 I chatty  : uid=1000(system) android.ui expire 20 lines
01-23 08:12:11.422  1356  8184 I chatty  : uid=1000(system) Binder:1356_1F expire 2 lines
01-23 08:12:14.362  1356  5688 I chatty  : uid=1000(system) Binder:1356_1B expire 5 lines
01-23 08:12:17.483  1356  1990 I chatty  : uid=1000(system) Binder:1356_7 expire 1 line
01-23 08:12:17.597  1356  3717 I chatty  : uid=1000(system) Binder:1356_11 expire 1 line
01-23 08:12:30.951  1356  1407 I chatty  : uid=1000(system) android.display expire 1 line
01-23 08:12:30.952  1356  1384 I chatty  : uid=1000(system) Binder:1356_1 expire 1 line
01-23 08:12:30.952  1356  1408 I chatty  : uid=1000(system) android.anim expire 1 line
01-23 08:12:30.954  1356  1384 I chatty  : uid=1000(system) Binder:1356_1 expire 1 line
01-23 08:12:30.955  1356  1405 I chatty  : uid=1000(system) android.ui expire 26 lines
01-23 08:12:30.997  1356  1407 I chatty  : uid=1000(system) android.display expire 29 lines
01-23 08:12:31.002  1356  1408 I chatty  : uid=1000(system) android.anim expire 38 lines
01-23 08:12:31.006  1356  1716 I chatty  : uid=1000(system) Binder:1356_4 expire 1 line
01-23 08:12:31.007  1356  1524 I chatty  : uid=1000(system) Binder:1356_3 expire 11 lines
01-23 08:12:31.062  1356  1384 I chatty  : uid=1000(system) Binder:1356_1 expire 5 lines
01-23 08:12:31.122  1356  2996 I chatty  : uid=1000(system) Binder:1356_D expire 7 lines
01-23 08:12:33.478  1356  5688 I chatty  : uid=1000(system) Binder:1356_1B expire 9 lines
01-23 08:12:36.756  1356  3717 I chatty  : uid=1000(system) Binder:1356_11 expire 8 lines
01-23 08:12:41.404  1356  3271 I chatty  : uid=1000(system) Binder:1356_F expire 2 lines
01-23 08:12:41.533  1356  1990 I chatty  : uid=1000(system) Binder:1356_7 expire 7 lines
01-23 08:12:41.534  1356  4001 I chatty  : uid=1000(system) Binder:1356_16 expire 2 lines
01-23 08:12:41.763  1356  2069 I chatty  : uid=1000(system) Binder:1356_8 expire 4 lines
01-23 08:12:49.186  1691  2386 D PowerUI : can't show warning due to - plugged: true status unknown: false
01-23 08:12:58.739  1356  1413 I chatty  : uid=1000(system) ActivityManager expire 27 lines
01-23 08:12:58.739  1356  1447 I chatty  : uid=1000(system) PackageManager expire 54 lines
01-23 08:12:58.989  1356  1414 I chatty  : uid=1000(system) ActivityManager expire 1 line
01-23 08:12:59.000  1356  1356 I chatty  : uid=1000 system_server expire 7 lines
01-23 08:12:59.115  1356  1385 I chatty  : uid=1000(system) Binder:1356_2 expire 1 line
01-23 08:12:59.115  1356  1413 I chatty  : uid=1000(system) ActivityManager expire 32 lines
01-23 08:12:59.117  1356  1404 I chatty  : uid=1000(system) android.fg expire 4 lines
01-23 08:12:59.118  1356  1385 I chatty  : uid=1000(system) Binder:1356_2 expire 8 lines
01-23 08:13:06.219  1356  3720 I chatty  : uid=1000(system) Binder:1356_12 expire 7 lines
01-23 08:13:06.232  1356  4281 I chatty  : uid=1000(system) Binder:1356_19 expire 2 lines
01-23 08:13:06.240  1356  2748 I chatty  : uid=1000(system) Binder:1356_B expire 8 lines
01-23 08:13:10.789  1356  2069 I chatty  : uid=1000(system) Binder:1356_8 expire 5 lines
01-23 08:13:10.818  1356  1405 I chatty  : uid=1000(system) android.ui expire 2 lines
01-23 08:13:10.823  1356  1407 I chatty  : uid=1000(system) android.display expire 6 lines
01-23 08:13:10.827  1356  1408 I chatty  : uid=1000(system) android.anim expire 2 lines
01-23 08:13:41.243  1356  3273 I chatty  : uid=1000(system) Binder:1356_10 expire 1 line
01-23 08:13:41.244  1356  1990 I chatty  : uid=1000(system) Binder:1356_7 expire 4 lines
01-23 08:13:41.356  1356  3721 I chatty  : uid=1000(system) Binder:1356_13 expire 8 lines
01-23 08:13:41.412  1356  1867 I chatty  : uid=1000(system) Binder:1356_5 expire 13 lines
01-23 08:13:49.187  1691  2386 D PowerUI : can't show warning due to - plugged: true status unknown: false
01-23 08:13:57.575  1356  1447 I chatty  : uid=1000(system) PackageManager expire 54 lines
01-23 08:13:57.825  1356  3271 I chatty  : uid=1000(system) Binder:1356_F expire 1 line
01-23 08:13:57.832  1356  1414 I chatty  : uid=1000(system) ActivityManager expire 1 line
01-23 08:13:57.849  1356  1356 I chatty  : uid=1000 system_server expire 10 lines
01-23 08:13:58.002  1356  5333 I chatty  : uid=1000(system) Binder:1356_1A expire 9 lines
01-23 08:14:05.095  1356  7465 I chatty  : uid=1000(system) Binder:1356_1E expire 5 lines
01-23 08:14:32.497  1356  1412 I chatty  : uid=1000(system) android.bg expire 2 lines
01-23 08:14:49.173  1691  2386 D PowerUI : can't show warning due to - plugged: true status unknown: false
01-23 08:14:50.059  1356  1356 I chatty  : uid=1000 system_server expire 1 line
01-23 08:15:49.187  1691  2386 D PowerUI : can't show warning due to - plugged: true status unknown: false
01-23 08:15:56.619  1356  2750 I chatty  : uid=1000(system) Binder:1356_C expire 4 lines
01-23 08:15:56.664  1356  8184 I chatty  : uid=1000(system) Binder:1356_1F expire 4 lines
01-23 08:16:12.426  1356  1413 I chatty  : uid=1000(system) ActivityManager expire 10 lines
01-23 08:16:12.426  1356  1447 I chatty  : uid=1000(system) PackageManager expire 54 lines
01-23 08:16:12.565  1356  1413 I chatty  : uid=1000(system) ActivityManager expire 19 lines
01-23 08:16:12.604  1356  5798 I chatty  : uid=1000(system) Binder:1356_1C expire 11 lines
01-23 08:16:12.641  1356  1414 I chatty  : uid=1000(system) ActivityManager expire 3 lines
01-23 08:16:12.649  1356  1356 I chatty  : uid=1000 system_server expire 10 lines
01-23 08:16:12.774  1356  1404 I chatty  : uid=1000(system) android.fg expire 6 lines
01-23 08:16:12.780  1356  8184 I chatty  : uid=1000(system) Binder:1356_1F expire 1 line
01-23 08:16:19.927  1356  5333 I chatty  : uid=1000(system) Binder:1356_1A expire 2 lines
01-23 08:16:19.931  1356  7465 I chatty  : uid=1000(system) Binder:1356_1E expire 2 lines
01-23 08:16:19.947  1356  2117 I chatty  : uid=1000(system) Binder:1356_9 expire 10 lines
01-23 08:16:28.235  1356  3721 I chatty  : uid=1000(system) Binder:1356_13 expire 1 line
01-23 08:16:28.259  1356  1405 I chatty  : uid=1000(system) android.ui expire 2 lines
01-23 08:16:28.264  1356  1407 I chatty  : uid=1000(system) android.display expire 4 lines
01-23 08:16:28.270  1356  1408 I chatty  : uid=1000(system) android.anim expire 2 lines
01-23 08:16:49.165  1691  2386 D PowerUI : can't show warning due to - plugged: true status unknown: false
01-23 08:16:51.938  1356  1356 I chatty  : uid=1000 system_server expire 10 lines
01-23 08:16:58.245  1356  1413 I chatty  : uid=1000(system) ActivityManager expire 20 lines
01-23 08:17:49.187  1691  2386 D PowerUI : can't show warning due to - plugged: true status unknown: false
01-23 08:18:49.184  1691  2386 D PowerUI : can't show warning due to - plugged: true status unknown: false
01-23 08:18:57.887  1356  1447 I chatty  : uid=1000(system) PackageManager expire 54 lines
01-23 08:18:58.263  1356  1385 I chatty  : uid=1000(system) Binder:1356_2 expire 11 lines
01-23 08:18:58.304 14061 14061 W ActivityThread: Application com.example.cesservices is waiting for the debugger on port 8100...
01-23 08:18:58.316  1356  1986 I chatty  : uid=1000(system) Binder:1356_6 expire 11 lines
01-23 08:18:58.320  1356  1413 I chatty  : uid=1000(system) ActivityManager expire 10 lines
01-23 08:19:05.500  1356  3997 I chatty  : uid=1000(system) Binder:1356_14 expire 8 lines
01-23 08:19:05.504  1356  1614 I chatty  : uid=1000(system) ConnectivitySer expire 3 lines
01-23 08:19:05.505  1356  1990 I chatty  : uid=1000(system) Binder:1356_7 expire 10 lines
01-23 08:19:05.534  1356  3720 I chatty  : uid=1000(system) Binder:1356_12 expire 4 lines
01-23 08:19:05.537  1356  3998 I chatty  : uid=1000(system) Binder:1356_15 expire 1 line
01-23 08:19:14.930  1691  1691 V DeadZone: consuming errant click: (738.0,28.0)
01-23 08:19:14.930  1691  1691 V DeadZone: consuming errant click: (738.0,28.0)
01-23 08:19:31.593  1691  2386 D PowerUI : can't show warning due to - plugged: true status unknown: false
01-23 08:19:40.961  1356  1413 I chatty  : uid=1000(system) ActivityManager expire 9 lines
01-23 08:19:49.173  1691  2386 D PowerUI : can't show warning due to - plugged: true status unknown: false
01-23 08:20:36.547  1356  1385 I chatty  : uid=1000(system) Binder:1356_2 expire 6 lines
01-23 08:20:45.323 14294 14364 E ActivityThread: Failed to find provider info for com.google.android.instantapps.supervisor.SupervisorArchiveProvider
01-23 08:20:49.174  1691  2386 D PowerUI : can't show warning due to - plugged: true status unknown: false
01-23 08:20:51.163 10238 14390 D ArtManager: Requesting profile snapshot for com.google.android.youtube:/data/app/com.google.android.youtube-WLKwTbbPNdTyuPqbOmcKqA==/base.apk
01-23 08:20:51.440 10238 14390 D ArtManager: Requesting profile snapshot for com.google.android.youtube:/data/app/com.google.android.youtube-WLKwTbbPNdTyuPqbOmcKqA==/split_config.arm64_v8a.apk
01-23 08:20:51.446 10238 14390 D ArtManager: Requesting profile snapshot for com.google.android.youtube:/data/app/com.google.android.youtube-WLKwTbbPNdTyuPqbOmcKqA==/split_config.en.apk
01-23 08:20:51.451 10238 14390 D ArtManager: Requesting profile snapshot for com.google.android.youtube:/data/app/com.google.android.youtube-WLKwTbbPNdTyuPqbOmcKqA==/split_config.xxxhdpi.apk
01-23 08:21:30.948  1356  2117 I chatty  : uid=1000(system) Binder:1356_9 expire 2 lines
01-23 08:21:45.985  1356  1986 I chatty  : uid=1000(system) Binder:1356_6 expire 11 lines
01-23 08:21:49.175  1691  2386 D PowerUI : can't show warning due to - plugged: true status unknown: false
01-23 08:22:16.047  1356  1990 I chatty  : uid=1000(system) Binder:1356_7 expire 3 lines
01-23 08:22:49.177  1691  2386 D PowerUI : can't show warning due to - plugged: true status unknown: false
01-23 08:23:31.664  1356  5798 I chatty  : uid=1000(system) Binder:1356_1C expire 2 lines
01-23 08:23:36.162  1356  1447 I chatty  : uid=1000(system) PackageManager expire 54 lines
01-23 08:23:36.300  1356  1413 I chatty  : uid=1000(system) ActivityManager expire 28 lines
01-23 08:23:36.354  1356  1407 I chatty  : uid=1000(system) android.display expire 12 lines
01-23 08:23:36.355  1356  1385 I chatty  : uid=1000(system) Binder:1356_2 expire 1 line
01-23 08:23:36.425  1356  1414 I chatty  : uid=1000(system) ActivityManager expire 1 line
01-23 08:23:36.450  1356  8184 I chatty  : uid=1000(system) Binder:1356_1F expire 9 lines
01-23 08:23:36.511  1356  1356 I chatty  : uid=1000 system_server expire 10 lines
01-23 08:23:36.527 14496 14496 W ActivityThread: Application com.example.cesservices is waiting for the debugger on port 8100...
01-23 08:23:36.578  1356  1986 I chatty  : uid=1000(system) Binder:1356_6 expire 11 lines
01-23 08:23:36.793  1356  1405 I chatty  : uid=1000(system) android.ui expire 9 lines
01-23 08:23:42.148  1356  7254 I chatty  : uid=1000(system) Binder:1356_1D expire 9 lines
01-23 08:23:49.173  1691  2386 D PowerUI : can't show warning due to - plugged: true status unknown: false
01-23 08:24:02.377  1356  4001 I chatty  : uid=1000(system) Binder:1356_16 expire 12 lines
01-23 08:24:17.400  1356  5333 I chatty  : uid=1000(system) Binder:1356_1A expire 11 lines
01-23 08:24:47.478  1356  3271 I chatty  : uid=1000(system) Binder:1356_F expire 7 lines
01-23 08:24:49.171  1691  2386 D PowerUI : can't show warning due to - plugged: true status unknown: false
01-23 08:25:02.391  1356  1413 I chatty  : uid=1000(system) ActivityManager expire 3 lines
01-23 08:25:02.669  1356  1986 I chatty  : uid=1000(system) Binder:1356_6 expire 19 lines
01-23 08:25:02.715  1356  1408 I chatty  : uid=1000(system) android.anim expire 6 lines
01-23 08:25:49.176  1691  2386 D PowerUI : can't show warning due to - plugged: true status unknown: false
01-23 08:26:17.708  1356  4001 I chatty  : uid=1000(system) Binder:1356_16 expire 6 lines
01-23 08:26:49.173  1691  2386 D PowerUI : can't show warning due to - plugged: true status unknown: false
01-23 08:27:32.888  1356  3720 I chatty  : uid=1000(system) Binder:1356_12 expire 4 lines
01-23 08:27:49.176  1691  2386 D PowerUI : can't show warning due to - plugged: true status unknown: false
01-23 08:28:38.602  1356  2117 I chatty  : uid=1000(system) Binder:1356_9 expire 6 lines
01-23 08:28:38.604  1356  1407 I chatty  : uid=1000(system) android.display expire 1 line
01-23 08:28:38.638  1356  3997 I chatty  : uid=1000(system) Binder:1356_14 expire 2 lines
01-23 08:28:39.774  1356  1447 I chatty  : uid=1000(system) PackageManager expire 54 lines
01-23 08:28:39.902  1356  1413 I chatty  : uid=1000(system) ActivityManager expire 28 lines
01-23 08:28:39.946  1356  1407 I chatty  : uid=1000(system) android.display expire 3 lines
01-23 08:28:39.948  1356  3262 I chatty  : uid=1000(system) Binder:1356_E expire 8 lines
01-23 08:28:40.013  1356  1414 I chatty  : uid=1000(system) ActivityManager expire 7 lines
01-23 08:28:40.084  1356  4046 I chatty  : uid=1000(system) Binder:1356_18 expire 10 lines
01-23 08:28:40.088  1356  3721 I chatty  : uid=1000(system) Binder:1356_13 expire 4 lines
01-23 08:28:40.118  1356  1356 I chatty  : uid=1000 system_server expire 13 lines
01-23 08:28:40.141  1356  1404 I chatty  : uid=1000(system) android.fg expire 4 lines
01-23 08:28:40.156 14714 14714 W ActivityThread: Application com.example.cesservices is waiting for the debugger on port 8100...
01-23 08:28:49.188  1691  2386 D PowerUI : can't show warning due to - plugged: true status unknown: false
01-23 08:28:49.786  1356  3998 I chatty  : uid=1000(system) Binder:1356_15 expire 2 lines
01-23 08:28:49.790  1356  7254 I chatty  : uid=1000(system) Binder:1356_1D expire 1 line
01-23 08:28:49.810  1356  3720 I chatty  : uid=1000(system) Binder:1356_12 expire 6 lines
01-23 08:29:49.194  1691  2386 D PowerUI : can't show warning due to - plugged: true status unknown: false
01-23 08:30:12.173  1356  1384 I chatty  : uid=1000(system) Binder:1356_1 expire 9 lines
01-23 08:30:12.207  1356  3271 I chatty  : uid=1000(system) Binder:1356_F expire 1 line
01-23 08:30:12.207  1356  5333 I chatty  : uid=1000(system) Binder:1356_1A expire 1 line
01-23 08:30:12.208  1356  1614 I chatty  : uid=1000(system) ConnectivitySer expire 5 lines
01-23 08:30:12.261  1356  3717 I chatty  : uid=1000(system) Binder:1356_11 expire 1 line
01-23 08:30:49.121  1356  1545 I chatty  : uid=1000(system) AlarmManager expire 1 line
01-23 08:30:49.171  1691  2386 D PowerUI : can't show warning due to - plugged: true status unknown: false
01-23 08:30:54.533  1356  1413 I chatty  : uid=1000(system) ActivityManager expire 37 lines
01-23 08:31:36.480  1356  5688 I chatty  : uid=1000(system) Binder:1356_1B expire 2 lines
01-23 08:31:36.480  1356  4046 I chatty  : uid=1000(system) Binder:1356_18 expire 1 line
01-23 08:31:36.506  1356  4001 I chatty  : uid=1000(system) Binder:1356_16 expire 1 line
01-23 08:31:49.176  1691  2386 D PowerUI : can't show warning due to - plugged: true status unknown: false
01-23 08:32:49.193  1691  2386 D PowerUI : can't show warning due to - plugged: true status unknown: false
01-23 08:33:49.185  1691  2386 D PowerUI : can't show warning due to - plugged: true status unknown: false
01-23 08:34:49.184  1691  2386 D PowerUI : can't show warning due to - plugged: true status unknown: false
01-23 08:35:49.193  1691  2386 D PowerUI : can't show warning due to - plugged: true status unknown: false
01-23 08:35:56.431  1356  1412 I chatty  : uid=1000(system) android.bg expire 2 lines
01-23 08:36:49.184  1691  2386 D PowerUI : can't show warning due to - plugged: true status unknown: false
01-23 08:36:54.189  1356  1385 I chatty  : uid=1000(system) Binder:1356_2 expire 4 lines
01-23 08:36:55.598  1356  8630 I chatty  : uid=1000(system) Binder:1356_20 expire 3 lines
01-23 08:38:20.521  1356  1524 I chatty  : uid=1000(system) Binder:1356_3 expire 5 lines
01-23 08:39:49.192  1691  2386 D PowerUI : can't show warning due to - plugged: true status unknown: false
01-23 08:41:49.168  1691  2386 D PowerUI : can't show warning due to - plugged: true status unknown: false
01-23 08:42:49.170  1691  2386 D PowerUI : can't show warning due to - plugged: true status unknown: false
01-23 08:43:49.169  1691  2386 D PowerUI : can't show warning due to - plugged: true status unknown: false
01-23 08:44:37.462  1356  3273 I chatty  : uid=1000(system) Binder:1356_10 expire 7 lines
01-23 08:44:37.672  1356  2117 I chatty  : uid=1000(system) Binder:1356_9 expire 5 lines
01-23 08:44:38.312  1356  1447 I chatty  : uid=1000(system) PackageManager expire 54 lines
01-23 08:44:38.500  1356  1716 I chatty  : uid=1000(system) Binder:1356_4 expire 1 line
01-23 08:44:38.570  1356  7465 I chatty  : uid=1000(system) Binder:1356_1E expire 9 lines
01-23 08:44:38.671 15407 15407 W ActivityThread: Application com.example.cesservices is waiting for the debugger on port 8100...
01-23 08:44:38.671  1356  1356 I chatty  : uid=1000 system_server expire 6 lines
01-23 08:44:38.814  1356  1405 I chatty  : uid=1000(system) android.ui expire 2 lines
01-23 08:44:45.435  1356  1716 I chatty  : uid=1000(system) Binder:1356_4 expire 3 lines
01-23 08:44:48.371  1356  8630 I chatty  : uid=1000(system) Binder:1356_20 expire 1 line
01-23 08:44:48.374  1356  1986 I chatty  : uid=1000(system) Binder:1356_6 expire 2 lines
01-23 08:44:48.381  1356  1384 I chatty  : uid=1000(system) Binder:1356_1 expire 12 lines
01-23 08:44:48.386  1356  2117 I chatty  : uid=1000(system) Binder:1356_9 expire 3 lines
01-23 08:44:49.165  1691  2386 D PowerUI : can't show warning due to - plugged: true status unknown: false
01-23 08:45:32.290  1356  3273 I chatty  : uid=1000(system) Binder:1356_10 expire 9 lines
01-23 08:45:32.291  1356  4046 I chatty  : uid=1000(system) Binder:1356_18 expire 4 lines
01-23 08:45:32.317  1356  1407 I chatty  : uid=1000(system) android.display expire 6 lines
01-23 08:45:32.332  1356  7254 I chatty  : uid=1000(system) Binder:1356_1D expire 10 lines
01-23 08:45:32.354  1356  5688 I chatty  : uid=1000(system) Binder:1356_1B expire 6 lines
01-23 08:45:32.516  1356  4281 I chatty  : uid=1000(system) Binder:1356_19 expire 1 line
01-23 08:45:32.525  1356  1867 I chatty  : uid=1000(system) Binder:1356_5 expire 4 lines
01-23 08:45:32.543  1356  5798 I chatty  : uid=1000(system) Binder:1356_1C expire 12 lines
01-23 08:45:32.550  1356  2747 I chatty  : uid=1000(system) Binder:1356_A expire 12 lines
01-23 08:45:33.088  1356  1413 I chatty  : uid=1000(system) ActivityManager expire 29 lines
01-23 08:45:33.089  1356  1447 I chatty  : uid=1000(system) PackageManager expire 54 lines
01-23 08:45:33.256  1356  1356 I chatty  : uid=1000 system_server expire 8 lines
01-23 08:45:33.332  1356  1414 I chatty  : uid=1000(system) ActivityManager expire 5 lines
